<?xml version="1.0"?>
<link_info>
   <banner>TI ARM Linker PC v5.2.5</banner>
   <copyright>Copyright (c) 1996-2015 Texas Instruments Incorporated</copyright>
   <link_time>0x56c96f5c</link_time>
   <link_errors>0x0</link_errors>
   <output_file>sdcard_test.out</output_file>
   <entry_point>
      <name>_c_int00</name>
      <address>0x13ac8</address>
   </entry_point>
   <input_file_list>
      <input_file id="fl-2">
         <path>.\fatfs\src\option\</path>
         <kind>object</kind>
         <file>unicode.obj</file>
         <name>unicode.obj</name>
      </input_file>
      <input_file id="fl-3">
         <path>.\fatfs\src\</path>
         <kind>object</kind>
         <file>ff.obj</file>
         <name>ff.obj</name>
      </input_file>
      <input_file id="fl-4">
         <path>.\fatfs\port\</path>
         <kind>object</kind>
         <file>mmc-test.obj</file>
         <name>mmc-test.obj</name>
      </input_file>
      <input_file id="fl-5">
         <path>.\SDCardAPI\</path>
         <kind>object</kind>
         <file>plat_arm.obj</file>
         <name>plat_arm.obj</name>
      </input_file>
      <input_file id="fl-6">
         <path>.\SDCardAPI\</path>
         <kind>object</kind>
         <file>sdcard_interface.obj</file>
         <name>sdcard_interface.obj</name>
      </input_file>
      <input_file id="fl-7">
         <path>.\SDCard\</path>
         <kind>object</kind>
         <file>cmdline.obj</file>
         <name>cmdline.obj</name>
      </input_file>
      <input_file id="fl-8">
         <path>.\SDCard\</path>
         <kind>object</kind>
         <file>sd_card.obj</file>
         <name>sd_card.obj</name>
      </input_file>
      <input_file id="fl-9">
         <path>.\SDCard\</path>
         <kind>object</kind>
         <file>uartstdio.obj</file>
         <name>uartstdio.obj</name>
      </input_file>
      <input_file id="fl-a">
         <path>.\HALCoGen\source\</path>
         <kind>object</kind>
         <file>dabort.obj</file>
         <name>dabort.obj</name>
      </input_file>
      <input_file id="fl-b">
         <path>.\HALCoGen\source\</path>
         <kind>object</kind>
         <file>esm.obj</file>
         <name>esm.obj</name>
      </input_file>
      <input_file id="fl-c">
         <path>.\HALCoGen\source\</path>
         <kind>object</kind>
         <file>mibspi.obj</file>
         <name>mibspi.obj</name>
      </input_file>
      <input_file id="fl-d">
         <path>.\HALCoGen\source\</path>
         <kind>object</kind>
         <file>notification.obj</file>
         <name>notification.obj</name>
      </input_file>
      <input_file id="fl-e">
         <path>.\HALCoGen\source\</path>
         <kind>object</kind>
         <file>pinmux.obj</file>
         <name>pinmux.obj</name>
      </input_file>
      <input_file id="fl-f">
         <path>.\HALCoGen\source\</path>
         <kind>object</kind>
         <file>rti.obj</file>
         <name>rti.obj</name>
      </input_file>
      <input_file id="fl-10">
         <path>.\HALCoGen\source\</path>
         <kind>object</kind>
         <file>sci.obj</file>
         <name>sci.obj</name>
      </input_file>
      <input_file id="fl-11">
         <path>.\HALCoGen\source\</path>
         <kind>object</kind>
         <file>sys_core.obj</file>
         <name>sys_core.obj</name>
      </input_file>
      <input_file id="fl-12">
         <path>.\HALCoGen\source\</path>
         <kind>object</kind>
         <file>sys_dma.obj</file>
         <name>sys_dma.obj</name>
      </input_file>
      <input_file id="fl-13">
         <path>.\HALCoGen\source\</path>
         <kind>object</kind>
         <file>sys_intvecs.obj</file>
         <name>sys_intvecs.obj</name>
      </input_file>
      <input_file id="fl-14">
         <path>.\HALCoGen\source\</path>
         <kind>object</kind>
         <file>sys_main.obj</file>
         <name>sys_main.obj</name>
      </input_file>
      <input_file id="fl-15">
         <path>.\HALCoGen\source\</path>
         <kind>object</kind>
         <file>sys_mpu.obj</file>
         <name>sys_mpu.obj</name>
      </input_file>
      <input_file id="fl-16">
         <path>.\HALCoGen\source\</path>
         <kind>object</kind>
         <file>sys_pcr.obj</file>
         <name>sys_pcr.obj</name>
      </input_file>
      <input_file id="fl-17">
         <path>.\HALCoGen\source\</path>
         <kind>object</kind>
         <file>sys_phantom.obj</file>
         <name>sys_phantom.obj</name>
      </input_file>
      <input_file id="fl-18">
         <path>.\HALCoGen\source\</path>
         <kind>object</kind>
         <file>sys_pmm.obj</file>
         <name>sys_pmm.obj</name>
      </input_file>
      <input_file id="fl-19">
         <path>.\HALCoGen\source\</path>
         <kind>object</kind>
         <file>sys_pmu.obj</file>
         <name>sys_pmu.obj</name>
      </input_file>
      <input_file id="fl-1a">
         <path>.\HALCoGen\source\</path>
         <kind>object</kind>
         <file>sys_selftest.obj</file>
         <name>sys_selftest.obj</name>
      </input_file>
      <input_file id="fl-1b">
         <path>.\HALCoGen\source\</path>
         <kind>object</kind>
         <file>sys_startup.obj</file>
         <name>sys_startup.obj</name>
      </input_file>
      <input_file id="fl-1c">
         <path>.\HALCoGen\source\</path>
         <kind>object</kind>
         <file>sys_vim.obj</file>
         <name>sys_vim.obj</name>
      </input_file>
      <input_file id="fl-1d">
         <path>.\HALCoGen\source\</path>
         <kind>object</kind>
         <file>system.obj</file>
         <name>system.obj</name>
      </input_file>
      <input_file id="fl-22">
         <path>C:\ti\ccsv6\tools\compiler\ti-cgt-arm_5.2.5\lib\</path>
         <kind>archive</kind>
         <file>rtsv7R4_T_be_v3D16_eabi.lib</file>
         <name>assert.obj</name>
      </input_file>
      <input_file id="fl-23">
         <path>C:\ti\ccsv6\tools\compiler\ti-cgt-arm_5.2.5\lib\</path>
         <kind>archive</kind>
         <file>rtsv7R4_T_be_v3D16_eabi.lib</file>
         <name>atoi.obj</name>
      </input_file>
      <input_file id="fl-24">
         <path>C:\ti\ccsv6\tools\compiler\ti-cgt-arm_5.2.5\lib\</path>
         <kind>archive</kind>
         <file>rtsv7R4_T_be_v3D16_eabi.lib</file>
         <name>autoinit.obj</name>
      </input_file>
      <input_file id="fl-25">
         <path>C:\ti\ccsv6\tools\compiler\ti-cgt-arm_5.2.5\lib\</path>
         <kind>archive</kind>
         <file>rtsv7R4_T_be_v3D16_eabi.lib</file>
         <name>copy_decompress_none.obj</name>
      </input_file>
      <input_file id="fl-26">
         <path>C:\ti\ccsv6\tools\compiler\ti-cgt-arm_5.2.5\lib\</path>
         <kind>archive</kind>
         <file>rtsv7R4_T_be_v3D16_eabi.lib</file>
         <name>copy_decompress_rle.obj</name>
      </input_file>
      <input_file id="fl-27">
         <path>C:\ti\ccsv6\tools\compiler\ti-cgt-arm_5.2.5\lib\</path>
         <kind>archive</kind>
         <file>rtsv7R4_T_be_v3D16_eabi.lib</file>
         <name>copy_zero_init.obj</name>
      </input_file>
      <input_file id="fl-28">
         <path>C:\ti\ccsv6\tools\compiler\ti-cgt-arm_5.2.5\lib\</path>
         <kind>archive</kind>
         <file>rtsv7R4_T_be_v3D16_eabi.lib</file>
         <name>cpy_tbl.obj</name>
      </input_file>
      <input_file id="fl-29">
         <path>C:\ti\ccsv6\tools\compiler\ti-cgt-arm_5.2.5\lib\</path>
         <kind>archive</kind>
         <file>rtsv7R4_T_be_v3D16_eabi.lib</file>
         <name>ctype.obj</name>
      </input_file>
      <input_file id="fl-2a">
         <path>C:\ti\ccsv6\tools\compiler\ti-cgt-arm_5.2.5\lib\</path>
         <kind>archive</kind>
         <file>rtsv7R4_T_be_v3D16_eabi.lib</file>
         <name>defs.obj</name>
      </input_file>
      <input_file id="fl-2b">
         <path>C:\ti\ccsv6\tools\compiler\ti-cgt-arm_5.2.5\lib\</path>
         <kind>archive</kind>
         <file>rtsv7R4_T_be_v3D16_eabi.lib</file>
         <name>exit.obj</name>
      </input_file>
      <input_file id="fl-2c">
         <path>C:\ti\ccsv6\tools\compiler\ti-cgt-arm_5.2.5\lib\</path>
         <kind>archive</kind>
         <file>rtsv7R4_T_be_v3D16_eabi.lib</file>
         <name>fflush.obj</name>
      </input_file>
      <input_file id="fl-2d">
         <path>C:\ti\ccsv6\tools\compiler\ti-cgt-arm_5.2.5\lib\</path>
         <kind>archive</kind>
         <file>rtsv7R4_T_be_v3D16_eabi.lib</file>
         <name>fputs.obj</name>
      </input_file>
      <input_file id="fl-2e">
         <path>C:\ti\ccsv6\tools\compiler\ti-cgt-arm_5.2.5\lib\</path>
         <kind>archive</kind>
         <file>rtsv7R4_T_be_v3D16_eabi.lib</file>
         <name>lowlev.obj</name>
      </input_file>
      <input_file id="fl-2f">
         <path>C:\ti\ccsv6\tools\compiler\ti-cgt-arm_5.2.5\lib\</path>
         <kind>archive</kind>
         <file>rtsv7R4_T_be_v3D16_eabi.lib</file>
         <name>memchr.obj</name>
      </input_file>
      <input_file id="fl-30">
         <path>C:\ti\ccsv6\tools\compiler\ti-cgt-arm_5.2.5\lib\</path>
         <kind>archive</kind>
         <file>rtsv7R4_T_be_v3D16_eabi.lib</file>
         <name>memcpy_t2.obj</name>
      </input_file>
      <input_file id="fl-31">
         <path>C:\ti\ccsv6\tools\compiler\ti-cgt-arm_5.2.5\lib\</path>
         <kind>archive</kind>
         <file>rtsv7R4_T_be_v3D16_eabi.lib</file>
         <name>memory.obj</name>
      </input_file>
      <input_file id="fl-32">
         <path>C:\ti\ccsv6\tools\compiler\ti-cgt-arm_5.2.5\lib\</path>
         <kind>archive</kind>
         <file>rtsv7R4_T_be_v3D16_eabi.lib</file>
         <name>memset_t2.obj</name>
      </input_file>
      <input_file id="fl-33">
         <path>C:\ti\ccsv6\tools\compiler\ti-cgt-arm_5.2.5\lib\</path>
         <kind>archive</kind>
         <file>rtsv7R4_T_be_v3D16_eabi.lib</file>
         <name>sprintf.obj</name>
      </input_file>
      <input_file id="fl-34">
         <path>C:\ti\ccsv6\tools\compiler\ti-cgt-arm_5.2.5\lib\</path>
         <kind>archive</kind>
         <file>rtsv7R4_T_be_v3D16_eabi.lib</file>
         <name>sscanf.obj</name>
      </input_file>
      <input_file id="fl-35">
         <path>C:\ti\ccsv6\tools\compiler\ti-cgt-arm_5.2.5\lib\</path>
         <kind>archive</kind>
         <file>rtsv7R4_T_be_v3D16_eabi.lib</file>
         <name>strcat.obj</name>
      </input_file>
      <input_file id="fl-36">
         <path>C:\ti\ccsv6\tools\compiler\ti-cgt-arm_5.2.5\lib\</path>
         <kind>archive</kind>
         <file>rtsv7R4_T_be_v3D16_eabi.lib</file>
         <name>strchr.obj</name>
      </input_file>
      <input_file id="fl-37">
         <path>C:\ti\ccsv6\tools\compiler\ti-cgt-arm_5.2.5\lib\</path>
         <kind>archive</kind>
         <file>rtsv7R4_T_be_v3D16_eabi.lib</file>
         <name>strcmp.obj</name>
      </input_file>
      <input_file id="fl-38">
         <path>C:\ti\ccsv6\tools\compiler\ti-cgt-arm_5.2.5\lib\</path>
         <kind>archive</kind>
         <file>rtsv7R4_T_be_v3D16_eabi.lib</file>
         <name>strcpy.obj</name>
      </input_file>
      <input_file id="fl-39">
         <path>C:\ti\ccsv6\tools\compiler\ti-cgt-arm_5.2.5\lib\</path>
         <kind>archive</kind>
         <file>rtsv7R4_T_be_v3D16_eabi.lib</file>
         <name>strlen.obj</name>
      </input_file>
      <input_file id="fl-3a">
         <path>C:\ti\ccsv6\tools\compiler\ti-cgt-arm_5.2.5\lib\</path>
         <kind>archive</kind>
         <file>rtsv7R4_T_be_v3D16_eabi.lib</file>
         <name>strncpy.obj</name>
      </input_file>
      <input_file id="fl-3b">
         <path>C:\ti\ccsv6\tools\compiler\ti-cgt-arm_5.2.5\lib\</path>
         <kind>archive</kind>
         <file>rtsv7R4_T_be_v3D16_eabi.lib</file>
         <name>trgdrv.obj</name>
      </input_file>
      <input_file id="fl-3c">
         <path>C:\ti\ccsv6\tools\compiler\ti-cgt-arm_5.2.5\lib\</path>
         <kind>archive</kind>
         <file>rtsv7R4_T_be_v3D16_eabi.lib</file>
         <name>trgmsg.obj</name>
      </input_file>
      <input_file id="fl-3d">
         <path>C:\ti\ccsv6\tools\compiler\ti-cgt-arm_5.2.5\lib\</path>
         <kind>archive</kind>
         <file>rtsv7R4_T_be_v3D16_eabi.lib</file>
         <name>u_div32.obj</name>
      </input_file>
      <input_file id="fl-3e">
         <path>C:\ti\ccsv6\tools\compiler\ti-cgt-arm_5.2.5\lib\</path>
         <kind>archive</kind>
         <file>rtsv7R4_T_be_v3D16_eabi.lib</file>
         <name>_io_perm.obj</name>
      </input_file>
      <input_file id="fl-3f">
         <path>C:\ti\ccsv6\tools\compiler\ti-cgt-arm_5.2.5\lib\</path>
         <kind>archive</kind>
         <file>rtsv7R4_T_be_v3D16_eabi.lib</file>
         <name>_lock.obj</name>
      </input_file>
      <input_file id="fl-40">
         <path>C:\ti\ccsv6\tools\compiler\ti-cgt-arm_5.2.5\lib\</path>
         <kind>archive</kind>
         <file>rtsv7R4_T_be_v3D16_eabi.lib</file>
         <name>_printfi.obj</name>
      </input_file>
      <input_file id="fl-41">
         <path>C:\ti\ccsv6\tools\compiler\ti-cgt-arm_5.2.5\lib\</path>
         <kind>archive</kind>
         <file>rtsv7R4_T_be_v3D16_eabi.lib</file>
         <name>_scanfi.obj</name>
      </input_file>
      <input_file id="fl-42">
         <path>C:\ti\ccsv6\tools\compiler\ti-cgt-arm_5.2.5\lib\</path>
         <kind>archive</kind>
         <file>rtsv7R4_T_be_v3D16_eabi.lib</file>
         <name>frexp.obj</name>
      </input_file>
      <input_file id="fl-43">
         <path>C:\ti\ccsv6\tools\compiler\ti-cgt-arm_5.2.5\lib\</path>
         <kind>archive</kind>
         <file>rtsv7R4_T_be_v3D16_eabi.lib</file>
         <name>fseek.obj</name>
      </input_file>
      <input_file id="fl-44">
         <path>C:\ti\ccsv6\tools\compiler\ti-cgt-arm_5.2.5\lib\</path>
         <kind>archive</kind>
         <file>rtsv7R4_T_be_v3D16_eabi.lib</file>
         <name>i_div0.obj</name>
      </input_file>
      <input_file id="fl-45">
         <path>C:\ti\ccsv6\tools\compiler\ti-cgt-arm_5.2.5\lib\</path>
         <kind>archive</kind>
         <file>rtsv7R4_T_be_v3D16_eabi.lib</file>
         <name>ldexp.obj</name>
      </input_file>
      <input_file id="fl-46">
         <path>C:\ti\ccsv6\tools\compiler\ti-cgt-arm_5.2.5\lib\</path>
         <kind>archive</kind>
         <file>rtsv7R4_T_be_v3D16_eabi.lib</file>
         <name>ltoa.obj</name>
      </input_file>
      <input_file id="fl-47">
         <path>C:\ti\ccsv6\tools\compiler\ti-cgt-arm_5.2.5\lib\</path>
         <kind>archive</kind>
         <file>rtsv7R4_T_be_v3D16_eabi.lib</file>
         <name>memccpy.obj</name>
      </input_file>
      <input_file id="fl-48">
         <path>C:\ti\ccsv6\tools\compiler\ti-cgt-arm_5.2.5\lib\</path>
         <kind>archive</kind>
         <file>rtsv7R4_T_be_v3D16_eabi.lib</file>
         <name>setvbuf.obj</name>
      </input_file>
      <input_file id="fl-49">
         <path>C:\ti\ccsv6\tools\compiler\ti-cgt-arm_5.2.5\lib\</path>
         <kind>archive</kind>
         <file>rtsv7R4_T_be_v3D16_eabi.lib</file>
         <name>strrchr.obj</name>
      </input_file>
      <input_file id="fl-4a">
         <path>C:\ti\ccsv6\tools\compiler\ti-cgt-arm_5.2.5\lib\</path>
         <kind>archive</kind>
         <file>rtsv7R4_T_be_v3D16_eabi.lib</file>
         <name>strtod.obj</name>
      </input_file>
      <input_file id="fl-4b">
         <path>C:\ti\ccsv6\tools\compiler\ti-cgt-arm_5.2.5\lib\</path>
         <kind>archive</kind>
         <file>rtsv7R4_T_be_v3D16_eabi.lib</file>
         <name>strtol.obj</name>
      </input_file>
      <input_file id="fl-4c">
         <path>C:\ti\ccsv6\tools\compiler\ti-cgt-arm_5.2.5\lib\</path>
         <kind>archive</kind>
         <file>rtsv7R4_T_be_v3D16_eabi.lib</file>
         <name>strtoll.obj</name>
      </input_file>
      <input_file id="fl-4d">
         <path>C:\ti\ccsv6\tools\compiler\ti-cgt-arm_5.2.5\lib\</path>
         <kind>archive</kind>
         <file>rtsv7R4_T_be_v3D16_eabi.lib</file>
         <name>strtoul.obj</name>
      </input_file>
      <input_file id="fl-4e">
         <path>C:\ti\ccsv6\tools\compiler\ti-cgt-arm_5.2.5\lib\</path>
         <kind>archive</kind>
         <file>rtsv7R4_T_be_v3D16_eabi.lib</file>
         <name>strtoull.obj</name>
      </input_file>
      <input_file id="fl-4f">
         <path>C:\ti\ccsv6\tools\compiler\ti-cgt-arm_5.2.5\lib\</path>
         <kind>archive</kind>
         <file>rtsv7R4_T_be_v3D16_eabi.lib</file>
         <name>ull_div32.obj</name>
      </input_file>
      <input_file id="fl-50">
         <path>C:\ti\ccsv6\tools\compiler\ti-cgt-arm_5.2.5\lib\</path>
         <kind>archive</kind>
         <file>rtsv7R4_T_be_v3D16_eabi.lib</file>
         <name>xdclass.obj</name>
      </input_file>
      <input_file id="fl-51">
         <path>C:\ti\ccsv6\tools\compiler\ti-cgt-arm_5.2.5\lib\</path>
         <kind>archive</kind>
         <file>rtsv7R4_T_be_v3D16_eabi.lib</file>
         <name>xdscale.obj</name>
      </input_file>
      <input_file id="fl-52">
         <path>C:\ti\ccsv6\tools\compiler\ti-cgt-arm_5.2.5\lib\</path>
         <kind>archive</kind>
         <file>rtsv7R4_T_be_v3D16_eabi.lib</file>
         <name>xdunscal.obj</name>
      </input_file>
      <input_file id="fl-53">
         <path>C:\ti\ccsv6\tools\compiler\ti-cgt-arm_5.2.5\lib\</path>
         <kind>archive</kind>
         <file>rtsv7R4_T_be_v3D16_eabi.lib</file>
         <name>xferaise.obj</name>
      </input_file>
      <input_file id="fl-54">
         <path>C:\ti\ccsv6\tools\compiler\ti-cgt-arm_5.2.5\lib\</path>
         <kind>archive</kind>
         <file>rtsv7R4_T_be_v3D16_eabi.lib</file>
         <name>xvalues.obj</name>
      </input_file>
      <input_file id="fl-55">
         <path>C:\ti\ccsv6\tools\compiler\ti-cgt-arm_5.2.5\lib\</path>
         <kind>archive</kind>
         <file>rtsv7R4_T_be_v3D16_eabi.lib</file>
         <name>errno.obj</name>
      </input_file>
      <input_file id="fl-56">
         <path>C:\ti\ccsv6\tools\compiler\ti-cgt-arm_5.2.5\lib\</path>
         <kind>archive</kind>
         <file>rtsv7R4_T_be_v3D16_eabi.lib</file>
         <name>feraiseexcept.obj</name>
      </input_file>
      <input_file id="fl-57">
         <path>C:\ti\ccsv6\tools\compiler\ti-cgt-arm_5.2.5\lib\</path>
         <kind>archive</kind>
         <file>rtsv7R4_T_be_v3D16_eabi.lib</file>
         <name>fopen.obj</name>
      </input_file>
      <input_file id="fl-58">
         <path>C:\ti\ccsv6\tools\compiler\ti-cgt-arm_5.2.5\lib\</path>
         <kind>archive</kind>
         <file>rtsv7R4_T_be_v3D16_eabi.lib</file>
         <name>ll_mul_t2.obj</name>
      </input_file>
      <input_file id="fl-59">
         <path>C:\ti\ccsv6\tools\compiler\ti-cgt-arm_5.2.5\lib\</path>
         <kind>archive</kind>
         <file>rtsv7R4_T_be_v3D16_eabi.lib</file>
         <name>raise.obj</name>
      </input_file>
      <input_file id="fl-5a">
         <path>C:\ti\ccsv6\tools\compiler\ti-cgt-arm_5.2.5\lib\</path>
         <kind>archive</kind>
         <file>rtsv7R4_T_be_v3D16_eabi.lib</file>
         <name>signal.obj</name>
      </input_file>
      <input_file id="fl-5b">
         <path>C:\ti\ccsv6\tools\compiler\ti-cgt-arm_5.2.5\lib\</path>
         <kind>archive</kind>
         <file>rtsv7R4_T_be_v3D16_eabi.lib</file>
         <name>xdnorm.obj</name>
      </input_file>
      <input_file id="fl-5c">
         <path>C:\ti\ccsv6\tools\compiler\ti-cgt-arm_5.2.5\lib\</path>
         <kind>archive</kind>
         <file>rtsv7R4_T_be_v3D16_eabi.lib</file>
         <name>fclose.obj</name>
      </input_file>
      <input_file id="fl-5d">
         <path>C:\ti\ccsv6\tools\compiler\ti-cgt-arm_5.2.5\lib\</path>
         <kind>archive</kind>
         <file>rtsv7R4_T_be_v3D16_eabi.lib</file>
         <name>remove.obj</name>
      </input_file>
   </input_file_list>
   <object_component_list>
      <object_component id="oc-33">
         <name>.intvecs</name>
         <load_address>0x0</load_address>
         <run_address>0x0</run_address>
         <size>0x20</size>
         <input_file_ref idref="fl-13"/>
      </object_component>
      <object_component id="oc-1f3">
         <name>.text</name>
         <load_address>0x20</load_address>
         <run_address>0x20</run_address>
         <size>0x61c8</size>
         <input_file_ref idref="fl-3"/>
      </object_component>
      <object_component id="oc-7d">
         <name>.text</name>
         <load_address>0x61e8</load_address>
         <run_address>0x61e8</run_address>
         <size>0x2cdc</size>
         <input_file_ref idref="fl-1a"/>
      </object_component>
      <object_component id="oc-112">
         <name>.text</name>
         <load_address>0x8ec4</load_address>
         <run_address>0x8ec4</run_address>
         <size>0x1d58</size>
         <input_file_ref idref="fl-8"/>
      </object_component>
      <object_component id="oc-37b">
         <name>.text</name>
         <load_address>0xac1c</load_address>
         <run_address>0xac1c</run_address>
         <size>0x1060</size>
         <input_file_ref idref="fl-40"/>
      </object_component>
      <object_component id="oc-10c">
         <name>.text</name>
         <load_address>0xbc7c</load_address>
         <run_address>0xbc7c</run_address>
         <size>0xee8</size>
         <input_file_ref idref="fl-4"/>
      </object_component>
      <object_component id="oc-77">
         <name>.text</name>
         <load_address>0xcb64</load_address>
         <run_address>0xcb64</run_address>
         <size>0xb28</size>
         <input_file_ref idref="fl-1d"/>
      </object_component>
      <object_component id="oc-43">
         <name>.text</name>
         <load_address>0xd68c</load_address>
         <run_address>0xd68c</run_address>
         <size>0xa54</size>
         <input_file_ref idref="fl-1c"/>
      </object_component>
      <object_component id="oc-1da">
         <name>.text</name>
         <load_address>0xe0e0</load_address>
         <run_address>0xe0e0</run_address>
         <size>0x9f8</size>
         <input_file_ref idref="fl-c"/>
      </object_component>
      <object_component id="oc-383">
         <name>.text</name>
         <load_address>0xead8</load_address>
         <run_address>0xead8</run_address>
         <size>0x93c</size>
         <input_file_ref idref="fl-41"/>
      </object_component>
      <object_component id="oc-217">
         <name>.text</name>
         <load_address>0xf414</load_address>
         <run_address>0xf414</run_address>
         <size>0x934</size>
         <input_file_ref idref="fl-6"/>
      </object_component>
      <object_component id="oc-dc">
         <name>.text</name>
         <load_address>0xfd48</load_address>
         <run_address>0xfd48</run_address>
         <size>0x8cc</size>
         <input_file_ref idref="fl-e"/>
      </object_component>
      <object_component id="oc-fa">
         <name>.text</name>
         <load_address>0x10614</load_address>
         <run_address>0x10614</run_address>
         <size>0x750</size>
         <input_file_ref idref="fl-10"/>
      </object_component>
      <object_component id="oc-100">
         <name>.text</name>
         <load_address>0x10d64</load_address>
         <run_address>0x10d64</run_address>
         <size>0x728</size>
         <input_file_ref idref="fl-9"/>
      </object_component>
      <object_component id="oc-2e3">
         <name>.text</name>
         <load_address>0x1148c</load_address>
         <run_address>0x1148c</run_address>
         <size>0x6f0</size>
         <input_file_ref idref="fl-5"/>
      </object_component>
      <object_component id="oc-106">
         <name>.text</name>
         <load_address>0x11b7c</load_address>
         <run_address>0x11b7c</run_address>
         <size>0x638</size>
         <input_file_ref idref="fl-f"/>
      </object_component>
      <object_component id="oc-83">
         <name>.text</name>
         <load_address>0x121b4</load_address>
         <run_address>0x121b4</run_address>
         <size>0x5e8</size>
         <input_file_ref idref="fl-b"/>
      </object_component>
      <object_component id="oc-223">
         <name>.text</name>
         <load_address>0x1279c</load_address>
         <run_address>0x1279c</run_address>
         <size>0x3e8</size>
         <input_file_ref idref="fl-31"/>
      </object_component>
      <object_component id="oc-72">
         <name>.text</name>
         <load_address>0x12b84</load_address>
         <run_address>0x12b84</run_address>
         <size>0x3cc</size>
         <input_file_ref idref="fl-11"/>
      </object_component>
      <object_component id="oc-349">
         <name>.text</name>
         <load_address>0x12f50</load_address>
         <run_address>0x12f50</run_address>
         <size>0x314</size>
         <input_file_ref idref="fl-2e"/>
      </object_component>
      <object_component id="oc-3e">
         <name>.text:retain</name>
         <load_address>0x13264</load_address>
         <run_address>0x13264</run_address>
         <size>0x2dc</size>
         <input_file_ref idref="fl-1c"/>
      </object_component>
      <object_component id="oc-453">
         <name>.text</name>
         <load_address>0x13540</load_address>
         <run_address>0x13540</run_address>
         <size>0x2d0</size>
         <input_file_ref idref="fl-3b"/>
      </object_component>
      <object_component id="oc-3d7">
         <name>.text</name>
         <load_address>0x13810</load_address>
         <run_address>0x13810</run_address>
         <size>0x2b8</size>
         <input_file_ref idref="fl-4f"/>
      </object_component>
      <object_component id="oc-1e">
         <name>.text:retain</name>
         <load_address>0x13ac8</load_address>
         <run_address>0x13ac8</run_address>
         <size>0x27c</size>
         <input_file_ref idref="fl-1b"/>
      </object_component>
      <object_component id="oc-2c5">
         <name>.text</name>
         <load_address>0x13d44</load_address>
         <run_address>0x13d44</run_address>
         <size>0x22c</size>
         <input_file_ref idref="fl-2"/>
      </object_component>
      <object_component id="oc-419">
         <name>.text</name>
         <load_address>0x13f70</load_address>
         <run_address>0x13f70</run_address>
         <size>0x1f0</size>
         <input_file_ref idref="fl-4a"/>
      </object_component>
      <object_component id="oc-425">
         <name>.text</name>
         <load_address>0x14160</load_address>
         <run_address>0x14160</run_address>
         <size>0x1f0</size>
         <input_file_ref idref="fl-4c"/>
      </object_component>
      <object_component id="oc-440">
         <name>.text</name>
         <load_address>0x14350</load_address>
         <run_address>0x14350</run_address>
         <size>0x1c8</size>
         <input_file_ref idref="fl-57"/>
      </object_component>
      <object_component id="oc-413">
         <name>.text</name>
         <load_address>0x14518</load_address>
         <run_address>0x14518</run_address>
         <size>0x174</size>
         <input_file_ref idref="fl-4e"/>
      </object_component>
      <object_component id="oc-2a4">
         <name>.text</name>
         <load_address>0x1468c</load_address>
         <run_address>0x1468c</run_address>
         <size>0x138</size>
         <input_file_ref idref="fl-2d"/>
      </object_component>
      <object_component id="oc-23e">
         <name>.text</name>
         <load_address>0x147c4</load_address>
         <run_address>0x147c4</run_address>
         <size>0x130</size>
         <input_file_ref idref="fl-7"/>
      </object_component>
      <object_component id="oc-41f">
         <name>.text</name>
         <load_address>0x148f4</load_address>
         <run_address>0x148f4</run_address>
         <size>0x130</size>
         <input_file_ref idref="fl-4b"/>
      </object_component>
      <object_component id="oc-46d">
         <name>.text</name>
         <load_address>0x14a24</load_address>
         <run_address>0x14a24</run_address>
         <size>0x118</size>
         <input_file_ref idref="fl-51"/>
      </object_component>
      <object_component id="oc-24">
         <name>.text:retain</name>
         <load_address>0x14b3c</load_address>
         <run_address>0x14b3c</run_address>
         <size>0x114</size>
         <input_file_ref idref="fl-b"/>
      </object_component>
      <object_component id="oc-40d">
         <name>.text</name>
         <load_address>0x14c50</load_address>
         <run_address>0x14c50</run_address>
         <size>0x114</size>
         <input_file_ref idref="fl-4d"/>
      </object_component>
      <object_component id="oc-e4">
         <name>.text</name>
         <load_address>0x14d64</load_address>
         <run_address>0x14d64</run_address>
         <size>0x110</size>
         <input_file_ref idref="fl-19"/>
      </object_component>
      <object_component id="oc-ac">
         <name>.text</name>
         <load_address>0x14e74</load_address>
         <run_address>0x14e74</run_address>
         <size>0xe8</size>
         <input_file_ref idref="fl-a"/>
      </object_component>
      <object_component id="oc-3a9">
         <name>.text</name>
         <load_address>0x14f5c</load_address>
         <run_address>0x14f5c</run_address>
         <size>0xdc</size>
         <input_file_ref idref="fl-48"/>
      </object_component>
      <object_component id="oc-2aa">
         <name>.text</name>
         <load_address>0x15038</load_address>
         <run_address>0x15038</run_address>
         <size>0xcc</size>
         <input_file_ref idref="fl-2c"/>
      </object_component>
      <object_component id="oc-2ef">
         <name>.text</name>
         <load_address>0x15104</load_address>
         <run_address>0x15104</run_address>
         <size>0xcc</size>
         <input_file_ref idref="fl-34"/>
      </object_component>
      <object_component id="oc-4c0">
         <name>.text</name>
         <load_address>0x151d0</load_address>
         <run_address>0x151d0</run_address>
         <size>0xc6</size>
         <input_file_ref idref="fl-5b"/>
      </object_component>
      <object_component id="oc-294">
         <name>.text</name>
         <load_address>0x15296</load_address>
         <run_address>0x15296</run_address>
         <size>0x2</size>
         <input_file_ref idref="fl-44"/>
      </object_component>
      <object_component id="oc-9c">
         <name>.text</name>
         <load_address>0x15298</load_address>
         <run_address>0x15298</run_address>
         <size>0xc4</size>
         <input_file_ref idref="fl-d"/>
      </object_component>
      <object_component id="oc-8f">
         <name>.text</name>
         <load_address>0x1535c</load_address>
         <run_address>0x1535c</run_address>
         <size>0xc4</size>
         <input_file_ref idref="fl-14"/>
      </object_component>
      <object_component id="oc-33d">
         <name>.text</name>
         <load_address>0x15420</load_address>
         <run_address>0x15420</run_address>
         <size>0xae</size>
         <input_file_ref idref="fl-3e"/>
      </object_component>
      <object_component id="oc-4d">
         <name>.text</name>
         <load_address>0x154ce</load_address>
         <run_address>0x154ce</run_address>
         <size>0x9c</size>
         <input_file_ref idref="fl-30"/>
      </object_component>
      <object_component id="oc-4a2">
         <name>.text</name>
         <load_address>0x1556c</load_address>
         <run_address>0x1556c</run_address>
         <size>0x98</size>
         <input_file_ref idref="fl-5c"/>
      </object_component>
      <object_component id="oc-66">
         <name>.text</name>
         <load_address>0x15604</load_address>
         <run_address>0x15604</run_address>
         <size>0x7a</size>
         <input_file_ref idref="fl-32"/>
      </object_component>
      <object_component id="oc-89">
         <name>.text</name>
         <load_address>0x15680</load_address>
         <run_address>0x15680</run_address>
         <size>0x6c</size>
         <input_file_ref idref="fl-24"/>
      </object_component>
      <object_component id="oc-4af">
         <name>.text</name>
         <load_address>0x156ec</load_address>
         <run_address>0x156ec</run_address>
         <size>0x6c</size>
         <input_file_ref idref="fl-3c"/>
      </object_component>
      <object_component id="oc-59">
         <name>.text</name>
         <load_address>0x15758</load_address>
         <run_address>0x15758</run_address>
         <size>0x6a</size>
         <input_file_ref idref="fl-26"/>
      </object_component>
      <object_component id="oc-3a3">
         <name>.text</name>
         <load_address>0x157c4</load_address>
         <run_address>0x157c4</run_address>
         <size>0x64</size>
         <input_file_ref idref="fl-43"/>
      </object_component>
      <object_component id="oc-2e9">
         <name>.text</name>
         <load_address>0x15828</load_address>
         <run_address>0x15828</run_address>
         <size>0x64</size>
         <input_file_ref idref="fl-33"/>
      </object_component>
      <object_component id="oc-465">
         <name>.text</name>
         <load_address>0x1588c</load_address>
         <run_address>0x1588c</run_address>
         <size>0x64</size>
         <input_file_ref idref="fl-52"/>
      </object_component>
      <object_component id="oc-3dc">
         <name>.text</name>
         <load_address>0x158f0</load_address>
         <run_address>0x158f0</run_address>
         <size>0x56</size>
         <input_file_ref idref="fl-46"/>
      </object_component>
      <object_component id="oc-21d">
         <name>.text</name>
         <load_address>0x15948</load_address>
         <run_address>0x15948</run_address>
         <size>0x50</size>
         <input_file_ref idref="fl-23"/>
      </object_component>
      <object_component id="oc-1bd">
         <name>.text</name>
         <load_address>0x15998</load_address>
         <run_address>0x15998</run_address>
         <size>0x50</size>
         <input_file_ref idref="fl-3d"/>
      </object_component>
      <object_component id="oc-2d">
         <name>.text:retain</name>
         <load_address>0x159e8</load_address>
         <run_address>0x159e8</run_address>
         <size>0x4c</size>
         <input_file_ref idref="fl-f"/>
      </object_component>
      <object_component id="oc-f2">
         <name>.text</name>
         <load_address>0x15a34</load_address>
         <run_address>0x15a34</run_address>
         <size>0x4c</size>
         <input_file_ref idref="fl-28"/>
      </object_component>
      <object_component id="oc-3e8">
         <name>.text</name>
         <load_address>0x15a80</load_address>
         <run_address>0x15a80</run_address>
         <size>0x44</size>
         <input_file_ref idref="fl-45"/>
      </object_component>
      <object_component id="oc-95">
         <name>.text</name>
         <load_address>0x15ac4</load_address>
         <run_address>0x15ac4</run_address>
         <size>0x40</size>
         <input_file_ref idref="fl-2b"/>
      </object_component>
      <object_component id="oc-51c">
         <name>.text</name>
         <load_address>0x15b04</load_address>
         <run_address>0x15b04</run_address>
         <size>0x40</size>
         <input_file_ref idref="fl-5a"/>
      </object_component>
      <object_component id="oc-3ee">
         <name>.text</name>
         <load_address>0x15b44</load_address>
         <run_address>0x15b44</run_address>
         <size>0x3c</size>
         <input_file_ref idref="fl-50"/>
      </object_component>
      <object_component id="oc-205">
         <name>.text</name>
         <load_address>0x15b80</load_address>
         <run_address>0x15b80</run_address>
         <size>0x36</size>
         <input_file_ref idref="fl-3a"/>
      </object_component>
      <object_component id="oc-4cf">
         <name>.text</name>
         <load_address>0x15bb8</load_address>
         <run_address>0x15bb8</run_address>
         <size>0x34</size>
         <input_file_ref idref="fl-56"/>
      </object_component>
      <object_component id="oc-473">
         <name>.text</name>
         <load_address>0x15bec</load_address>
         <run_address>0x15bec</run_address>
         <size>0x34</size>
         <input_file_ref idref="fl-53"/>
      </object_component>
      <object_component id="oc-508">
         <name>.text</name>
         <load_address>0x15c20</load_address>
         <run_address>0x15c20</run_address>
         <size>0x2e</size>
         <input_file_ref idref="fl-59"/>
      </object_component>
      <object_component id="oc-1d4">
         <name>.text</name>
         <load_address>0x15c50</load_address>
         <run_address>0x15c50</run_address>
         <size>0x2c</size>
         <input_file_ref idref="fl-22"/>
      </object_component>
      <object_component id="oc-3e2">
         <name>.text</name>
         <load_address>0x15c7c</load_address>
         <run_address>0x15c7c</run_address>
         <size>0x24</size>
         <input_file_ref idref="fl-42"/>
      </object_component>
      <object_component id="oc-343">
         <name>.text</name>
         <load_address>0x15ca0</load_address>
         <run_address>0x15ca0</run_address>
         <size>0x20</size>
         <input_file_ref idref="fl-2f"/>
      </object_component>
      <object_component id="oc-211">
         <name>.text</name>
         <load_address>0x15cc0</load_address>
         <run_address>0x15cc0</run_address>
         <size>0x1e</size>
         <input_file_ref idref="fl-35"/>
      </object_component>
      <object_component id="oc-3f4">
         <name>.text</name>
         <load_address>0x15cde</load_address>
         <run_address>0x15cde</run_address>
         <size>0x1c</size>
         <input_file_ref idref="fl-47"/>
      </object_component>
      <object_component id="oc-48b">
         <name>.text</name>
         <load_address>0x15cfa</load_address>
         <run_address>0x15cfa</run_address>
         <size>0x18</size>
         <input_file_ref idref="fl-58"/>
      </object_component>
      <object_component id="oc-20b">
         <name>.text</name>
         <load_address>0x15d12</load_address>
         <run_address>0x15d12</run_address>
         <size>0x18</size>
         <input_file_ref idref="fl-37"/>
      </object_component>
      <object_component id="oc-42c">
         <name>.text</name>
         <load_address>0x15d2a</load_address>
         <run_address>0x15d2a</run_address>
         <size>0x18</size>
         <input_file_ref idref="fl-49"/>
      </object_component>
      <object_component id="oc-3b3">
         <name>.text</name>
         <load_address>0x15d42</load_address>
         <run_address>0x15d42</run_address>
         <size>0x16</size>
         <input_file_ref idref="fl-36"/>
      </object_component>
      <object_component id="oc-1ff">
         <name>.text</name>
         <load_address>0x15d58</load_address>
         <run_address>0x15d58</run_address>
         <size>0x16</size>
         <input_file_ref idref="fl-39"/>
      </object_component>
      <object_component id="oc-258">
         <name>.text</name>
         <load_address>0x15d70</load_address>
         <run_address>0x15d70</run_address>
         <size>0x14</size>
         <input_file_ref idref="fl-3f"/>
      </object_component>
      <object_component id="oc-1f9">
         <name>.text</name>
         <load_address>0x15d84</load_address>
         <run_address>0x15d84</run_address>
         <size>0x14</size>
         <input_file_ref idref="fl-38"/>
      </object_component>
      <object_component id="oc-c">
         <name>.text:decompress:none</name>
         <load_address>0x15d98</load_address>
         <run_address>0x15d98</run_address>
         <size>0xe</size>
         <input_file_ref idref="fl-25"/>
      </object_component>
      <object_component id="oc-18">
         <name>.text:decompress:ZI</name>
         <load_address>0x15da6</load_address>
         <run_address>0x15da6</run_address>
         <size>0xc</size>
         <input_file_ref idref="fl-27"/>
      </object_component>
      <object_component id="oc-12">
         <name>.text:decompress:rle24</name>
         <load_address>0x15db2</load_address>
         <run_address>0x15db2</run_address>
         <size>0x6</size>
         <input_file_ref idref="fl-26"/>
      </object_component>
      <object_component id="oc-38">
         <name>.text:retain</name>
         <load_address>0x15db8</load_address>
         <run_address>0x15db8</run_address>
         <size>0x4</size>
         <input_file_ref idref="fl-17"/>
      </object_component>
      <object_component id="oc-362">
         <name>.const:sjis2uni</name>
         <load_address>0x15dc0</load_address>
         <run_address>0x15dc0</run_address>
         <size>0x7378</size>
         <input_file_ref idref="fl-2"/>
      </object_component>
      <object_component id="oc-365">
         <name>.const:uni2sjis</name>
         <load_address>0x1d138</load_address>
         <run_address>0x1d138</run_address>
         <size>0x7378</size>
         <input_file_ref idref="fl-2"/>
      </object_component>
      <object_component id="oc-306">
         <name>.const:.string</name>
         <load_address>0x244b0</load_address>
         <run_address>0x244b0</run_address>
         <size>0x4c0</size>
         <input_file_ref idref="fl-8"/>
      </object_component>
      <object_component id="oc-368">
         <name>.const:lower$1</name>
         <load_address>0x24970</load_address>
         <run_address>0x24970</run_address>
         <size>0x3dc</size>
         <input_file_ref idref="fl-2"/>
      </object_component>
      <object_component id="oc-369">
         <name>.const:upper$2</name>
         <load_address>0x24d4c</load_address>
         <run_address>0x24d4c</run_address>
         <size>0x3dc</size>
         <input_file_ref idref="fl-2"/>
      </object_component>
      <object_component id="oc-2a">
         <name>.const:s_vim_init</name>
         <load_address>0x25128</load_address>
         <run_address>0x25128</run_address>
         <size>0x200</size>
         <input_file_ref idref="fl-1c"/>
      </object_component>
      <object_component id="oc-2fd">
         <name>.const:.string:_ctypes_</name>
         <load_address>0x25328</load_address>
         <run_address>0x25328</run_address>
         <size>0x101</size>
         <input_file_ref idref="fl-29"/>
      </object_component>
      <object_component id="oc-1c3">
         <name>.const</name>
         <load_address>0x2542c</load_address>
         <run_address>0x2542c</run_address>
         <size>0x4</size>
         <input_file_ref idref="fl-9"/>
      </object_component>
      <object_component id="oc-492">
         <name>.const</name>
         <load_address>0x25430</load_address>
         <run_address>0x25430</run_address>
         <size>0x98</size>
         <input_file_ref idref="fl-4a"/>
      </object_component>
      <object_component id="oc-29b">
         <name>.const:.string</name>
         <load_address>0x254c8</load_address>
         <run_address>0x254c8</run_address>
         <size>0x14</size>
         <input_file_ref idref="fl-9"/>
      </object_component>
      <object_component id="oc-42b">
         <name>.const</name>
         <load_address>0x254dc</load_address>
         <run_address>0x254dc</run_address>
         <size>0x10</size>
         <input_file_ref idref="fl-41"/>
      </object_component>
      <object_component id="oc-2cb">
         <name>.const:.string</name>
         <load_address>0x254ec</load_address>
         <run_address>0x254ec</run_address>
         <size>0xd</size>
         <input_file_ref idref="fl-3"/>
      </object_component>
      <object_component id="oc-560">
         <name>.cinit..data.load</name>
         <load_address>0x25500</load_address>
         <run_address>0x25500</run_address>
         <size>0x233</size>
      </object_component>
      <object_component id="oc-55d">
         <name>__TI_handler_table</name>
         <load_address>0x25734</load_address>
         <run_address>0x25734</run_address>
         <size>0xc</size>
      </object_component>
      <object_component id="oc-55f">
         <name>.cinit..bss.load</name>
         <load_address>0x25740</load_address>
         <run_address>0x25740</run_address>
         <size>0x8</size>
      </object_component>
      <object_component id="oc-55e">
         <name>__TI_cinit_table</name>
         <load_address>0x25748</load_address>
         <run_address>0x25748</run_address>
         <size>0x10</size>
      </object_component>
      <object_component id="oc-4a">
         <name>.sysmem</name>
         <uninitialized>true</uninitialized>
         <run_address>0x8001f48</run_address>
         <size>0x8</size>
         <input_file_ref idref="fl-31"/>
      </object_component>
      <object_component id="oc-561">
         <name>.sysmem</name>
         <uninitialized>true</uninitialized>
         <run_address>0x8001f48</run_address>
         <size>0x0</size>
      </object_component>
      <object_component id="oc-2d0">
         <name>.bss:LfnBuf</name>
         <uninitialized>true</uninitialized>
         <run_address>0x8001954</run_address>
         <size>0x200</size>
         <input_file_ref idref="fl-3"/>
      </object_component>
      <object_component id="oc-2f8">
         <name>.bss:event_log_file</name>
         <uninitialized>true</uninitialized>
         <run_address>0x8001c74</run_address>
         <size>0x100</size>
         <input_file_ref idref="fl-6"/>
      </object_component>
      <object_component id="oc-324">
         <name>.bss:g_ppcArgv</name>
         <uninitialized>true</uninitialized>
         <run_address>0x8001ecc</run_address>
         <size>0x24</size>
         <input_file_ref idref="fl-7"/>
      </object_component>
      <object_component id="oc-235">
         <name>.bss:g_pcTmpBuf</name>
         <uninitialized>true</uninitialized>
         <run_address>0x8001e14</run_address>
         <size>0x50</size>
         <input_file_ref idref="fl-8"/>
      </object_component>
      <object_component id="oc-24a">
         <name>.bss:g_pcCmdBuf</name>
         <uninitialized>true</uninitialized>
         <run_address>0x8001e64</run_address>
         <size>0x40</size>
         <input_file_ref idref="fl-8"/>
      </object_component>
      <object_component id="oc-247">
         <name>.bss:g_sFatFs</name>
         <uninitialized>true</uninitialized>
         <run_address>0x8001500</run_address>
         <size>0x230</size>
         <input_file_ref idref="fl-8"/>
      </object_component>
      <object_component id="oc-22f">
         <name>.bss:g_sDirObject</name>
         <uninitialized>true</uninitialized>
         <run_address>0x8001ef0</run_address>
         <size>0x24</size>
         <input_file_ref idref="fl-8"/>
      </object_component>
      <object_component id="oc-238">
         <name>.bss:g_sFileObject</name>
         <uninitialized>true</uninitialized>
         <run_address>0x8001730</run_address>
         <size>0x224</size>
         <input_file_ref idref="fl-8"/>
      </object_component>
      <object_component id="oc-1b8">
         <name>.bss:g_sciTransfer_t</name>
         <uninitialized>true</uninitialized>
         <run_address>0x8001ea4</run_address>
         <size>0x28</size>
         <input_file_ref idref="fl-10"/>
      </object_component>
      <object_component id="oc-4ed">
         <name>.bss:__TI_tmpnams</name>
         <uninitialized>true</uninitialized>
         <run_address>0x8001d74</run_address>
         <size>0xa0</size>
         <input_file_ref idref="fl-2a"/>
      </object_component>
      <object_component id="oc-4f4">
         <name>.bss:__CIOBUF_</name>
         <uninitialized>true</uninitialized>
         <run_address>0x8001b54</run_address>
         <size>0x120</size>
         <input_file_ref idref="fl-3c"/>
      </object_component>
      <object_component id="oc-2ce">
         <name>.common:FatFs</name>
         <uninitialized>true</uninitialized>
         <run_address>0x8001f3c</run_address>
         <size>0x4</size>
      </object_component>
      <object_component id="oc-2cf">
         <name>.common:Fsid</name>
         <uninitialized>true</uninitialized>
         <run_address>0x8001f40</run_address>
         <size>0x2</size>
      </object_component>
      <object_component id="oc-1e6">
         <name>.common:Timer1</name>
         <uninitialized>true</uninitialized>
         <run_address>0x8001f43</run_address>
         <size>0x1</size>
      </object_component>
      <object_component id="oc-1e3">
         <name>.common:Timer2</name>
         <uninitialized>true</uninitialized>
         <run_address>0x8001f44</run_address>
         <size>0x1</size>
      </object_component>
      <object_component id="oc-1e7">
         <name>.common:CardType</name>
         <uninitialized>true</uninitialized>
         <run_address>0x8001f42</run_address>
         <size>0x1</size>
      </object_component>
      <object_component id="oc-22c">
         <name>.common:g_sFileInfo</name>
         <uninitialized>true</uninitialized>
         <run_address>0x8001f14</run_address>
         <size>0x20</size>
      </object_component>
      <object_component id="oc-4b5">
         <name>.common:parmbuf</name>
         <uninitialized>true</uninitialized>
         <run_address>0x8001f34</run_address>
         <size>0x8</size>
      </object_component>
      <object_component id="oc-1e0">
         <name>.data</name>
         <load_address>0x8002e50</load_address>
         <run_address>0x8002e50</run_address>
         <size>0xa</size>
         <input_file_ref idref="fl-4"/>
      </object_component>
      <object_component id="oc-2f5">
         <name>.data</name>
         <load_address>0x8002e44</load_address>
         <run_address>0x8002e44</run_address>
         <size>0xc</size>
         <input_file_ref idref="fl-6"/>
      </object_component>
      <object_component id="oc-232">
         <name>.data:g_pcCwdBuf</name>
         <load_address>0x8002dd8</load_address>
         <run_address>0x8002dd8</run_address>
         <size>0x50</size>
         <input_file_ref idref="fl-8"/>
      </object_component>
      <object_component id="oc-23b">
         <name>.data</name>
         <load_address>0x8002e74</load_address>
         <run_address>0x8002e74</run_address>
         <size>0x5</size>
         <input_file_ref idref="fl-8"/>
      </object_component>
      <object_component id="oc-229">
         <name>.data:g_psFResultStrings</name>
         <load_address>0x8002cb4</load_address>
         <run_address>0x8002cb4</run_address>
         <size>0xa0</size>
         <input_file_ref idref="fl-8"/>
      </object_component>
      <object_component id="oc-244">
         <name>.data:g_psCmdTable</name>
         <load_address>0x8002948</load_address>
         <run_address>0x8002948</run_address>
         <size>0xfc</size>
         <input_file_ref idref="fl-8"/>
      </object_component>
      <object_component id="oc-1c2">
         <name>.data</name>
         <load_address>0x8002e5a</load_address>
         <run_address>0x8002e5a</run_address>
         <size>0x1</size>
         <input_file_ref idref="fl-9"/>
      </object_component>
      <object_component id="oc-2b0">
         <name>.data:_ftable</name>
         <load_address>0x8002a44</load_address>
         <run_address>0x8002a44</run_address>
         <size>0xf0</size>
         <input_file_ref idref="fl-2a"/>
      </object_component>
      <object_component id="oc-351">
         <name>.data</name>
         <load_address>0x8002e28</load_address>
         <run_address>0x8002e28</run_address>
         <size>0x10</size>
         <input_file_ref idref="fl-2a"/>
      </object_component>
      <object_component id="oc-11c">
         <name>.data</name>
         <load_address>0x8002e64</load_address>
         <run_address>0x8002e64</run_address>
         <size>0x8</size>
         <input_file_ref idref="fl-2b"/>
      </object_component>
      <object_component id="oc-3b9">
         <name>.data</name>
         <load_address>0x8002b34</load_address>
         <run_address>0x8002b34</run_address>
         <size>0xd0</size>
         <input_file_ref idref="fl-2e"/>
      </object_component>
      <object_component id="oc-302">
         <name>.data</name>
         <load_address>0x8002e38</load_address>
         <run_address>0x8002e38</run_address>
         <size>0xc</size>
         <input_file_ref idref="fl-31"/>
      </object_component>
      <object_component id="oc-119">
         <name>.data</name>
         <load_address>0x8002e5c</load_address>
         <run_address>0x8002e5c</run_address>
         <size>0x8</size>
         <input_file_ref idref="fl-3f"/>
      </object_component>
      <object_component id="oc-4ca">
         <name>.data</name>
         <load_address>0x8002d58</load_address>
         <run_address>0x8002d58</run_address>
         <size>0x80</size>
         <input_file_ref idref="fl-54"/>
      </object_component>
      <object_component id="oc-486">
         <name>.data</name>
         <load_address>0x8002d54</load_address>
         <run_address>0x8002d54</run_address>
         <size>0x4</size>
         <input_file_ref idref="fl-55"/>
      </object_component>
      <object_component id="oc-50e">
         <name>.data</name>
         <load_address>0x8002e6c</load_address>
         <run_address>0x8002e6c</run_address>
         <size>0x8</size>
         <input_file_ref idref="fl-56"/>
      </object_component>
      <object_component id="oc-4a8">
         <name>.data</name>
         <load_address>0x8002e7c</load_address>
         <run_address>0x8002e7c</run_address>
         <size>0x4</size>
         <input_file_ref idref="fl-57"/>
      </object_component>
      <object_component id="oc-52d">
         <name>.data:sigtable</name>
         <load_address>0x8002c04</load_address>
         <run_address>0x8002c04</run_address>
         <size>0xb0</size>
         <input_file_ref idref="fl-5a"/>
      </object_component>
      <object_component id="oc-32f">
         <name>.debug_info</name>
         <load_address>0x0</load_address>
         <run_address>0x0</run_address>
         <size>0x141</size>
         <input_file_ref idref="fl-2"/>
      </object_component>
      <object_component id="oc-366">
         <name>.debug_info</name>
         <load_address>0x141</load_address>
         <run_address>0x141</run_address>
         <size>0xfa</size>
         <input_file_ref idref="fl-2"/>
      </object_component>
      <object_component id="oc-363">
         <name>.debug_info</name>
         <load_address>0x23b</load_address>
         <run_address>0x23b</run_address>
         <size>0xfb</size>
         <input_file_ref idref="fl-2"/>
      </object_component>
      <object_component id="oc-2c6">
         <name>.debug_info</name>
         <load_address>0x336</load_address>
         <run_address>0x336</run_address>
         <size>0x2d7</size>
         <input_file_ref idref="fl-2"/>
      </object_component>
      <object_component id="oc-24e">
         <name>.debug_info</name>
         <load_address>0x60d</load_address>
         <run_address>0x60d</run_address>
         <size>0x501</size>
         <input_file_ref idref="fl-2"/>
      </object_component>
      <object_component id="oc-cb">
         <name>.debug_info</name>
         <load_address>0xb0e</load_address>
         <run_address>0xb0e</run_address>
         <size>0x84</size>
         <input_file_ref idref="fl-2"/>
      </object_component>
      <object_component id="oc-1e9">
         <name>.debug_info</name>
         <load_address>0xb92</load_address>
         <run_address>0xb92</run_address>
         <size>0x87</size>
         <input_file_ref idref="fl-2"/>
      </object_component>
      <object_component id="oc-2a0">
         <name>.debug_info</name>
         <load_address>0xc19</load_address>
         <run_address>0xc19</run_address>
         <size>0x3c7</size>
         <input_file_ref idref="fl-3"/>
      </object_component>
      <object_component id="oc-2d1">
         <name>.debug_info</name>
         <load_address>0xfe0</load_address>
         <run_address>0xfe0</run_address>
         <size>0xeb</size>
         <input_file_ref idref="fl-3"/>
      </object_component>
      <object_component id="oc-2cc">
         <name>.debug_info</name>
         <load_address>0x10cb</load_address>
         <run_address>0x10cb</run_address>
         <size>0xeb</size>
         <input_file_ref idref="fl-3"/>
      </object_component>
      <object_component id="oc-1f4">
         <name>.debug_info</name>
         <load_address>0x11b6</load_address>
         <run_address>0x11b6</run_address>
         <size>0x3cf4</size>
         <input_file_ref idref="fl-3"/>
      </object_component>
      <object_component id="oc-1ee">
         <name>.debug_info</name>
         <load_address>0x4eaa</load_address>
         <run_address>0x4eaa</run_address>
         <size>0x70</size>
         <input_file_ref idref="fl-3"/>
      </object_component>
      <object_component id="oc-2d4">
         <name>.debug_info</name>
         <load_address>0x4f1a</load_address>
         <run_address>0x4f1a</run_address>
         <size>0x9a</size>
         <input_file_ref idref="fl-3"/>
      </object_component>
      <object_component id="oc-1c8">
         <name>.debug_info</name>
         <load_address>0x4fb4</load_address>
         <run_address>0x4fb4</run_address>
         <size>0x4e</size>
         <input_file_ref idref="fl-3"/>
      </object_component>
      <object_component id="oc-1e4">
         <name>.debug_info</name>
         <load_address>0x5002</load_address>
         <run_address>0x5002</run_address>
         <size>0x32b</size>
         <input_file_ref idref="fl-4"/>
      </object_component>
      <object_component id="oc-1e1">
         <name>.debug_info</name>
         <load_address>0x532d</load_address>
         <run_address>0x532d</run_address>
         <size>0x14f</size>
         <input_file_ref idref="fl-4"/>
      </object_component>
      <object_component id="oc-10d">
         <name>.debug_info</name>
         <load_address>0x547c</load_address>
         <run_address>0x547c</run_address>
         <size>0x163b</size>
         <input_file_ref idref="fl-4"/>
      </object_component>
      <object_component id="oc-a3">
         <name>.debug_info</name>
         <load_address>0x6ab7</load_address>
         <run_address>0x6ab7</run_address>
         <size>0x157</size>
         <input_file_ref idref="fl-4"/>
      </object_component>
      <object_component id="oc-16e">
         <name>.debug_info</name>
         <load_address>0x6c0e</load_address>
         <run_address>0x6c0e</run_address>
         <size>0x4de</size>
         <input_file_ref idref="fl-4"/>
      </object_component>
      <object_component id="oc-12e">
         <name>.debug_info</name>
         <load_address>0x70ec</load_address>
         <run_address>0x70ec</run_address>
         <size>0x8b</size>
         <input_file_ref idref="fl-4"/>
      </object_component>
      <object_component id="oc-129">
         <name>.debug_info</name>
         <load_address>0x7177</load_address>
         <run_address>0x7177</run_address>
         <size>0x18b</size>
         <input_file_ref idref="fl-4"/>
      </object_component>
      <object_component id="oc-ba">
         <name>.debug_info</name>
         <load_address>0x7302</load_address>
         <run_address>0x7302</run_address>
         <size>0x86</size>
         <input_file_ref idref="fl-4"/>
      </object_component>
      <object_component id="oc-2b7">
         <name>.debug_info</name>
         <load_address>0x7388</load_address>
         <run_address>0x7388</run_address>
         <size>0x44e</size>
         <input_file_ref idref="fl-4"/>
      </object_component>
      <object_component id="oc-13f">
         <name>.debug_info</name>
         <load_address>0x77d6</load_address>
         <run_address>0x77d6</run_address>
         <size>0x1f9</size>
         <input_file_ref idref="fl-4"/>
      </object_component>
      <object_component id="oc-2c0">
         <name>.debug_info</name>
         <load_address>0x79cf</load_address>
         <run_address>0x79cf</run_address>
         <size>0x26c</size>
         <input_file_ref idref="fl-4"/>
      </object_component>
      <object_component id="oc-37a">
         <name>.debug_info</name>
         <load_address>0x7c3b</load_address>
         <run_address>0x7c3b</run_address>
         <size>0x33c</size>
         <input_file_ref idref="fl-5"/>
      </object_component>
      <object_component id="oc-2e5">
         <name>.debug_info</name>
         <load_address>0x7f77</load_address>
         <run_address>0x7f77</run_address>
         <size>0xc20</size>
         <input_file_ref idref="fl-5"/>
      </object_component>
      <object_component id="oc-3d2">
         <name>.debug_info</name>
         <load_address>0x8b97</load_address>
         <run_address>0x8b97</run_address>
         <size>0xc8</size>
         <input_file_ref idref="fl-5"/>
      </object_component>
      <object_component id="oc-2fc">
         <name>.debug_info</name>
         <load_address>0x8c5f</load_address>
         <run_address>0x8c5f</run_address>
         <size>0x47c</size>
         <input_file_ref idref="fl-6"/>
      </object_component>
      <object_component id="oc-2f6">
         <name>.debug_info</name>
         <load_address>0x90db</load_address>
         <run_address>0x90db</run_address>
         <size>0x16e</size>
         <input_file_ref idref="fl-6"/>
      </object_component>
      <object_component id="oc-2f9">
         <name>.debug_info</name>
         <load_address>0x9249</load_address>
         <run_address>0x9249</run_address>
         <size>0x108</size>
         <input_file_ref idref="fl-6"/>
      </object_component>
      <object_component id="oc-21b">
         <name>.debug_info</name>
         <load_address>0x9351</load_address>
         <run_address>0x9351</run_address>
         <size>0xf79</size>
         <input_file_ref idref="fl-6"/>
      </object_component>
      <object_component id="oc-391">
         <name>.debug_info</name>
         <load_address>0xa2ca</load_address>
         <run_address>0xa2ca</run_address>
         <size>0xc8</size>
         <input_file_ref idref="fl-6"/>
      </object_component>
      <object_component id="oc-253">
         <name>.debug_info</name>
         <load_address>0xa392</load_address>
         <run_address>0xa392</run_address>
         <size>0x17d</size>
         <input_file_ref idref="fl-6"/>
      </object_component>
      <object_component id="oc-328">
         <name>.debug_info</name>
         <load_address>0xa50f</load_address>
         <run_address>0xa50f</run_address>
         <size>0x173</size>
         <input_file_ref idref="fl-7"/>
      </object_component>
      <object_component id="oc-325">
         <name>.debug_info</name>
         <load_address>0xa682</load_address>
         <run_address>0xa682</run_address>
         <size>0xf2</size>
         <input_file_ref idref="fl-7"/>
      </object_component>
      <object_component id="oc-241">
         <name>.debug_info</name>
         <load_address>0xa774</load_address>
         <run_address>0xa774</run_address>
         <size>0x1f0</size>
         <input_file_ref idref="fl-7"/>
      </object_component>
      <object_component id="oc-310">
         <name>.debug_info</name>
         <load_address>0xa964</load_address>
         <run_address>0xa964</run_address>
         <size>0x7f</size>
         <input_file_ref idref="fl-7"/>
      </object_component>
      <object_component id="oc-d3">
         <name>.debug_info</name>
         <load_address>0xa9e3</load_address>
         <run_address>0xa9e3</run_address>
         <size>0x2c</size>
         <input_file_ref idref="fl-7"/>
      </object_component>
      <object_component id="oc-22d">
         <name>.debug_info</name>
         <load_address>0xaa0f</load_address>
         <run_address>0xaa0f</run_address>
         <size>0x853</size>
         <input_file_ref idref="fl-8"/>
      </object_component>
      <object_component id="oc-233">
         <name>.debug_info</name>
         <load_address>0xb262</load_address>
         <run_address>0xb262</run_address>
         <size>0xf4</size>
         <input_file_ref idref="fl-8"/>
      </object_component>
      <object_component id="oc-236">
         <name>.debug_info</name>
         <load_address>0xb356</load_address>
         <run_address>0xb356</run_address>
         <size>0xf4</size>
         <input_file_ref idref="fl-8"/>
      </object_component>
      <object_component id="oc-24b">
         <name>.debug_info</name>
         <load_address>0xb44a</load_address>
         <run_address>0xb44a</run_address>
         <size>0xf4</size>
         <input_file_ref idref="fl-8"/>
      </object_component>
      <object_component id="oc-248">
         <name>.debug_info</name>
         <load_address>0xb53e</load_address>
         <run_address>0xb53e</run_address>
         <size>0xf0</size>
         <input_file_ref idref="fl-8"/>
      </object_component>
      <object_component id="oc-230">
         <name>.debug_info</name>
         <load_address>0xb62e</load_address>
         <run_address>0xb62e</run_address>
         <size>0xf8</size>
         <input_file_ref idref="fl-8"/>
      </object_component>
      <object_component id="oc-239">
         <name>.debug_info</name>
         <load_address>0xb726</load_address>
         <run_address>0xb726</run_address>
         <size>0xfa</size>
         <input_file_ref idref="fl-8"/>
      </object_component>
      <object_component id="oc-23c">
         <name>.debug_info</name>
         <load_address>0xb820</load_address>
         <run_address>0xb820</run_address>
         <size>0xfc</size>
         <input_file_ref idref="fl-8"/>
      </object_component>
      <object_component id="oc-22a">
         <name>.debug_info</name>
         <load_address>0xb91c</load_address>
         <run_address>0xb91c</run_address>
         <size>0x105</size>
         <input_file_ref idref="fl-8"/>
      </object_component>
      <object_component id="oc-245">
         <name>.debug_info</name>
         <load_address>0xba21</load_address>
         <run_address>0xba21</run_address>
         <size>0xfa</size>
         <input_file_ref idref="fl-8"/>
      </object_component>
      <object_component id="oc-113">
         <name>.debug_info</name>
         <load_address>0xbb1b</load_address>
         <run_address>0xbb1b</run_address>
         <size>0x1e61</size>
         <input_file_ref idref="fl-8"/>
      </object_component>
      <object_component id="oc-30b">
         <name>.debug_info</name>
         <load_address>0xd97c</load_address>
         <run_address>0xd97c</run_address>
         <size>0x6c</size>
         <input_file_ref idref="fl-8"/>
      </object_component>
      <object_component id="oc-315">
         <name>.debug_info</name>
         <load_address>0xd9e8</load_address>
         <run_address>0xd9e8</run_address>
         <size>0x110</size>
         <input_file_ref idref="fl-8"/>
      </object_component>
      <object_component id="oc-272">
         <name>.debug_info</name>
         <load_address>0xdaf8</load_address>
         <run_address>0xdaf8</run_address>
         <size>0x243</size>
         <input_file_ref idref="fl-8"/>
      </object_component>
      <object_component id="oc-28f">
         <name>.debug_info</name>
         <load_address>0xdd3b</load_address>
         <run_address>0xdd3b</run_address>
         <size>0x18e</size>
         <input_file_ref idref="fl-8"/>
      </object_component>
      <object_component id="oc-1c7">
         <name>.debug_info</name>
         <load_address>0xdec9</load_address>
         <run_address>0xdec9</run_address>
         <size>0x17e</size>
         <input_file_ref idref="fl-9"/>
      </object_component>
      <object_component id="oc-1c4">
         <name>.debug_info</name>
         <load_address>0xe047</load_address>
         <run_address>0xe047</run_address>
         <size>0xf0</size>
         <input_file_ref idref="fl-9"/>
      </object_component>
      <object_component id="oc-102">
         <name>.debug_info</name>
         <load_address>0xe137</load_address>
         <run_address>0xe137</run_address>
         <size>0x690</size>
         <input_file_ref idref="fl-9"/>
      </object_component>
      <object_component id="oc-ad">
         <name>.debug_info</name>
         <load_address>0xe7c7</load_address>
         <run_address>0xe7c7</run_address>
         <size>0x128</size>
         <input_file_ref idref="fl-a"/>
      </object_component>
      <object_component id="oc-f1">
         <name>.debug_info</name>
         <load_address>0xe8ef</load_address>
         <run_address>0xe8ef</run_address>
         <size>0x18f</size>
         <input_file_ref idref="fl-b"/>
      </object_component>
      <object_component id="oc-85">
         <name>.debug_info</name>
         <load_address>0xea7e</load_address>
         <run_address>0xea7e</run_address>
         <size>0xc76</size>
         <input_file_ref idref="fl-b"/>
      </object_component>
      <object_component id="oc-26">
         <name>.debug_info</name>
         <load_address>0xf6f4</load_address>
         <run_address>0xf6f4</run_address>
         <size>0x1b6</size>
         <input_file_ref idref="fl-b"/>
      </object_component>
      <object_component id="oc-b5">
         <name>.debug_info</name>
         <load_address>0xf8aa</load_address>
         <run_address>0xf8aa</run_address>
         <size>0x18c</size>
         <input_file_ref idref="fl-b"/>
      </object_component>
      <object_component id="oc-135">
         <name>.debug_info</name>
         <load_address>0xfa36</load_address>
         <run_address>0xfa36</run_address>
         <size>0x1de</size>
         <input_file_ref idref="fl-b"/>
      </object_component>
      <object_component id="oc-ec">
         <name>.debug_info</name>
         <load_address>0xfc14</load_address>
         <run_address>0xfc14</run_address>
         <size>0x129</size>
         <input_file_ref idref="fl-b"/>
      </object_component>
      <object_component id="oc-14e">
         <name>.debug_info</name>
         <load_address>0xfd3d</load_address>
         <run_address>0xfd3d</run_address>
         <size>0x2d0</size>
         <input_file_ref idref="fl-b"/>
      </object_component>
      <object_component id="oc-2b6">
         <name>.debug_info</name>
         <load_address>0x1000d</load_address>
         <run_address>0x1000d</run_address>
         <size>0x173</size>
         <input_file_ref idref="fl-c"/>
      </object_component>
      <object_component id="oc-1dc">
         <name>.debug_info</name>
         <load_address>0x10180</load_address>
         <run_address>0x10180</run_address>
         <size>0xbd1</size>
         <input_file_ref idref="fl-c"/>
      </object_component>
      <object_component id="oc-123">
         <name>.debug_info</name>
         <load_address>0x10d51</load_address>
         <run_address>0x10d51</run_address>
         <size>0x358</size>
         <input_file_ref idref="fl-d"/>
      </object_component>
      <object_component id="oc-9d">
         <name>.debug_info</name>
         <load_address>0x110a9</load_address>
         <run_address>0x110a9</run_address>
         <size>0x97f</size>
         <input_file_ref idref="fl-d"/>
      </object_component>
      <object_component id="oc-169">
         <name>.debug_info</name>
         <load_address>0x11a28</load_address>
         <run_address>0x11a28</run_address>
         <size>0x791</size>
         <input_file_ref idref="fl-d"/>
      </object_component>
      <object_component id="oc-173">
         <name>.debug_info</name>
         <load_address>0x121b9</load_address>
         <run_address>0x121b9</run_address>
         <size>0x3ce</size>
         <input_file_ref idref="fl-d"/>
      </object_component>
      <object_component id="oc-268">
         <name>.debug_info</name>
         <load_address>0x12587</load_address>
         <run_address>0x12587</run_address>
         <size>0x306</size>
         <input_file_ref idref="fl-d"/>
      </object_component>
      <object_component id="oc-26d">
         <name>.debug_info</name>
         <load_address>0x1288d</load_address>
         <run_address>0x1288d</run_address>
         <size>0x7cd</size>
         <input_file_ref idref="fl-d"/>
      </object_component>
      <object_component id="oc-124">
         <name>.debug_info</name>
         <load_address>0x1305a</load_address>
         <run_address>0x1305a</run_address>
         <size>0x673</size>
         <input_file_ref idref="fl-d"/>
      </object_component>
      <object_component id="oc-178">
         <name>.debug_info</name>
         <load_address>0x136cd</load_address>
         <run_address>0x136cd</run_address>
         <size>0x437</size>
         <input_file_ref idref="fl-d"/>
      </object_component>
      <object_component id="oc-1a3">
         <name>.debug_info</name>
         <load_address>0x13b04</load_address>
         <run_address>0x13b04</run_address>
         <size>0x37b</size>
         <input_file_ref idref="fl-d"/>
      </object_component>
      <object_component id="oc-1ce">
         <name>.debug_info</name>
         <load_address>0x13e7f</load_address>
         <run_address>0x13e7f</run_address>
         <size>0x1d4</size>
         <input_file_ref idref="fl-d"/>
      </object_component>
      <object_component id="oc-17d">
         <name>.debug_info</name>
         <load_address>0x14053</load_address>
         <run_address>0x14053</run_address>
         <size>0x1ca</size>
         <input_file_ref idref="fl-d"/>
      </object_component>
      <object_component id="oc-13a">
         <name>.debug_info</name>
         <load_address>0x1421d</load_address>
         <run_address>0x1421d</run_address>
         <size>0x435</size>
         <input_file_ref idref="fl-d"/>
      </object_component>
      <object_component id="oc-196">
         <name>.debug_info</name>
         <load_address>0x14652</load_address>
         <run_address>0x14652</run_address>
         <size>0x551</size>
         <input_file_ref idref="fl-d"/>
      </object_component>
      <object_component id="oc-182">
         <name>.debug_info</name>
         <load_address>0x14ba3</load_address>
         <run_address>0x14ba3</run_address>
         <size>0x3d3</size>
         <input_file_ref idref="fl-d"/>
      </object_component>
      <object_component id="oc-18c">
         <name>.debug_info</name>
         <load_address>0x14f76</load_address>
         <run_address>0x14f76</run_address>
         <size>0x1de</size>
         <input_file_ref idref="fl-d"/>
      </object_component>
      <object_component id="oc-19b">
         <name>.debug_info</name>
         <load_address>0x15154</load_address>
         <run_address>0x15154</run_address>
         <size>0x17a</size>
         <input_file_ref idref="fl-d"/>
      </object_component>
      <object_component id="oc-144">
         <name>.debug_info</name>
         <load_address>0x152ce</load_address>
         <run_address>0x152ce</run_address>
         <size>0x6a6</size>
         <input_file_ref idref="fl-d"/>
      </object_component>
      <object_component id="oc-149">
         <name>.debug_info</name>
         <load_address>0x15974</load_address>
         <run_address>0x15974</run_address>
         <size>0x13e</size>
         <input_file_ref idref="fl-d"/>
      </object_component>
      <object_component id="oc-166">
         <name>.debug_info</name>
         <load_address>0x15ab2</load_address>
         <run_address>0x15ab2</run_address>
         <size>0x145</size>
         <input_file_ref idref="fl-e"/>
      </object_component>
      <object_component id="oc-dd">
         <name>.debug_info</name>
         <load_address>0x15bf7</load_address>
         <run_address>0x15bf7</run_address>
         <size>0x226</size>
         <input_file_ref idref="fl-e"/>
      </object_component>
      <object_component id="oc-187">
         <name>.debug_info</name>
         <load_address>0x15e1d</load_address>
         <run_address>0x15e1d</run_address>
         <size>0x508</size>
         <input_file_ref idref="fl-e"/>
      </object_component>
      <object_component id="oc-279">
         <name>.debug_info</name>
         <load_address>0x16325</load_address>
         <run_address>0x16325</run_address>
         <size>0x43c</size>
         <input_file_ref idref="fl-e"/>
      </object_component>
      <object_component id="oc-1d3">
         <name>.debug_info</name>
         <load_address>0x16761</load_address>
         <run_address>0x16761</run_address>
         <size>0x162</size>
         <input_file_ref idref="fl-f"/>
      </object_component>
      <object_component id="oc-107">
         <name>.debug_info</name>
         <load_address>0x168c3</load_address>
         <run_address>0x168c3</run_address>
         <size>0xeba</size>
         <input_file_ref idref="fl-f"/>
      </object_component>
      <object_component id="oc-2e">
         <name>.debug_info</name>
         <load_address>0x1777d</load_address>
         <run_address>0x1777d</run_address>
         <size>0x170</size>
         <input_file_ref idref="fl-f"/>
      </object_component>
      <object_component id="oc-1bc">
         <name>.debug_info</name>
         <load_address>0x178ed</load_address>
         <run_address>0x178ed</run_address>
         <size>0x13e</size>
         <input_file_ref idref="fl-10"/>
      </object_component>
      <object_component id="oc-1b9">
         <name>.debug_info</name>
         <load_address>0x17a2b</load_address>
         <run_address>0x17a2b</run_address>
         <size>0x103</size>
         <input_file_ref idref="fl-10"/>
      </object_component>
      <object_component id="oc-fb">
         <name>.debug_info</name>
         <load_address>0x17b2e</load_address>
         <run_address>0x17b2e</run_address>
         <size>0xc59</size>
         <input_file_ref idref="fl-10"/>
      </object_component>
      <object_component id="oc-28a">
         <name>.debug_info</name>
         <load_address>0x18787</load_address>
         <run_address>0x18787</run_address>
         <size>0x9f</size>
         <input_file_ref idref="fl-10"/>
      </object_component>
      <object_component id="oc-73">
         <name>.debug_info</name>
         <load_address>0x18826</load_address>
         <run_address>0x18826</run_address>
         <size>0x92b</size>
         <input_file_ref idref="fl-11"/>
      </object_component>
      <object_component id="oc-34">
         <name>.debug_info</name>
         <load_address>0x19151</load_address>
         <run_address>0x19151</run_address>
         <size>0x130</size>
         <input_file_ref idref="fl-13"/>
      </object_component>
      <object_component id="oc-91">
         <name>.debug_info</name>
         <load_address>0x19281</load_address>
         <run_address>0x19281</run_address>
         <size>0x1e1</size>
         <input_file_ref idref="fl-14"/>
      </object_component>
      <object_component id="oc-27e">
         <name>.debug_info</name>
         <load_address>0x19462</load_address>
         <run_address>0x19462</run_address>
         <size>0x118</size>
         <input_file_ref idref="fl-16"/>
      </object_component>
      <object_component id="oc-335">
         <name>.debug_info</name>
         <load_address>0x1957a</load_address>
         <run_address>0x1957a</run_address>
         <size>0x242</size>
         <input_file_ref idref="fl-16"/>
      </object_component>
      <object_component id="oc-191">
         <name>.debug_info</name>
         <load_address>0x197bc</load_address>
         <run_address>0x197bc</run_address>
         <size>0x2af</size>
         <input_file_ref idref="fl-16"/>
      </object_component>
      <object_component id="oc-39">
         <name>.debug_info</name>
         <load_address>0x19a6b</load_address>
         <run_address>0x19a6b</run_address>
         <size>0x167</size>
         <input_file_ref idref="fl-17"/>
      </object_component>
[...]
      </symbol>
      <symbol id="sm-d60">
         <name>atoi</name>
         <value>0x15949</value>
         <object_component_ref idref="oc-21d"/>
      </symbol>
      <symbol id="sm-d86">
         <name>__TI_auto_init</name>
         <value>0x15681</value>
         <object_component_ref idref="oc-89"/>
      </symbol>
      <symbol id="sm-d9d">
         <name>__TI_decompress_none</name>
         <value>0x15d99</value>
         <object_component_ref idref="oc-c"/>
      </symbol>
      <symbol id="sm-dbf">
         <name>__TI_decompress_rle24</name>
         <value>0x15db3</value>
         <object_component_ref idref="oc-12"/>
      </symbol>
      <symbol id="sm-dd1">
         <name>__TI_zero_init</name>
         <value>0x15da7</value>
         <object_component_ref idref="oc-18"/>
      </symbol>
      <symbol id="sm-deb">
         <name>copy_in</name>
         <value>0x15a35</value>
         <object_component_ref idref="oc-f2"/>
      </symbol>
      <symbol id="sm-df6">
         <name>_ctypes_</name>
         <value>0x25328</value>
         <object_component_ref idref="oc-2fd"/>
      </symbol>
      <symbol id="sm-e0f">
         <name>__aeabi_stdout</name>
         <value>0x8002e30</value>
         <object_component_ref idref="oc-351"/>
      </symbol>
      <symbol id="sm-e10">
         <name>__TI_tmpnams</name>
         <value>0x8001d74</value>
         <object_component_ref idref="oc-4ed"/>
      </symbol>
      <symbol id="sm-e11">
         <name>__aeabi_stderr</name>
         <value>0x8002e34</value>
         <object_component_ref idref="oc-351"/>
      </symbol>
      <symbol id="sm-e12">
         <name>__aeabi_stdin</name>
         <value>0x8002e2c</value>
         <object_component_ref idref="oc-351"/>
      </symbol>
      <symbol id="sm-e13">
         <name>_ftable</name>
         <value>0x8002a44</value>
         <object_component_ref idref="oc-2b0"/>
      </symbol>
      <symbol id="sm-e14">
         <name>__TI_ft_end</name>
         <value>0x8002e28</value>
         <object_component_ref idref="oc-351"/>
      </symbol>
      <symbol id="sm-e33">
         <name>C$$EXIT</name>
         <value>0x15ac5</value>
         <object_component_ref idref="oc-95"/>
      </symbol>
      <symbol id="sm-e34">
         <name>abort</name>
         <value>0x15ac9</value>
         <object_component_ref idref="oc-95"/>
      </symbol>
      <symbol id="sm-e35">
         <name>exit</name>
         <value>0x15ad1</value>
         <object_component_ref idref="oc-95"/>
      </symbol>
      <symbol id="sm-e36">
         <name>__TI_dtors_ptr</name>
         <value>0x8002e68</value>
         <object_component_ref idref="oc-11c"/>
      </symbol>
      <symbol id="sm-e37">
         <name>__TI_cleanup_ptr</name>
         <value>0x8002e64</value>
         <object_component_ref idref="oc-11c"/>
      </symbol>
      <symbol id="sm-e52">
         <name>__TI_doflush</name>
         <value>0x15039</value>
         <object_component_ref idref="oc-2aa"/>
      </symbol>
      <symbol id="sm-e53">
         <name>fflush</name>
         <value>0x15085</value>
         <object_component_ref idref="oc-2aa"/>
      </symbol>
      <symbol id="sm-e75">
         <name>puts</name>
         <value>0x1479d</value>
         <object_component_ref idref="oc-2a4"/>
      </symbol>
      <symbol id="sm-e76">
         <name>fputs</name>
         <value>0x1468d</value>
         <object_component_ref idref="oc-2a4"/>
      </symbol>
      <symbol id="sm-ecc">
         <name>open</name>
         <value>0x13091</value>
         <object_component_ref idref="oc-349"/>
      </symbol>
      <symbol id="sm-ecd">
         <name>add_device</name>
         <value>0x131b9</value>
         <object_component_ref idref="oc-349"/>
      </symbol>
      <symbol id="sm-ece">
         <name>remove_device</name>
         <value>0x13045</value>
         <object_component_ref idref="oc-349"/>
      </symbol>
      <symbol id="sm-ecf">
         <name>lseek</name>
         <value>0x13147</value>
         <object_component_ref idref="oc-349"/>
      </symbol>
      <symbol id="sm-ed0">
         <name>read</name>
         <value>0x1306d</value>
         <object_component_ref idref="oc-349"/>
      </symbol>
      <symbol id="sm-ed1">
         <name>rename</name>
         <value>0x13007</value>
         <object_component_ref idref="oc-349"/>
      </symbol>
      <symbol id="sm-ed2">
         <name>write</name>
         <value>0x12f51</value>
         <object_component_ref idref="oc-349"/>
      </symbol>
      <symbol id="sm-ed3">
         <name>close</name>
         <value>0x1316b</value>
         <object_component_ref idref="oc-349"/>
      </symbol>
      <symbol id="sm-ed4">
         <name>unlink</name>
         <value>0x12fe5</value>
         <object_component_ref idref="oc-349"/>
      </symbol>
      <symbol id="sm-ee4">
         <name>memchr</name>
         <value>0x15ca1</value>
         <object_component_ref idref="oc-343"/>
      </symbol>
      <symbol id="sm-eff">
         <name>memcpy</name>
         <value>0x154cf</value>
         <object_component_ref idref="oc-4d"/>
      </symbol>
      <symbol id="sm-f00">
         <name>__aeabi_memcpy</name>
         <value>0x154cf</value>
         <object_component_ref idref="oc-4d"/>
      </symbol>
      <symbol id="sm-f01">
         <name>__aeabi_memcpy8</name>
         <value>0x154cf</value>
         <object_component_ref idref="oc-4d"/>
      </symbol>
      <symbol id="sm-f02">
         <name>__aeabi_memcpy4</name>
         <value>0x154cf</value>
         <object_component_ref idref="oc-4d"/>
      </symbol>
      <symbol id="sm-f75">
         <name>_sys_memory</name>
         <value>0x8001f48</value>
         <object_component_ref idref="oc-4a"/>
      </symbol>
      <symbol id="sm-f76">
         <name>free</name>
         <value>0x1288f</value>
         <object_component_ref idref="oc-223"/>
      </symbol>
      <symbol id="sm-f77">
         <name>realloc</name>
         <value>0x12951</value>
         <object_component_ref idref="oc-223"/>
      </symbol>
      <symbol id="sm-f78">
         <name>memalign</name>
         <value>0x12a61</value>
         <object_component_ref idref="oc-223"/>
      </symbol>
      <symbol id="sm-f79">
         <name>calloc</name>
         <value>0x12b4f</value>
         <object_component_ref idref="oc-223"/>
      </symbol>
      <symbol id="sm-f7a">
         <name>malloc</name>
         <value>0x12827</value>
         <object_component_ref idref="oc-223"/>
      </symbol>
      <symbol id="sm-f7b">
         <name>minit</name>
         <value>0x1279d</value>
         <object_component_ref idref="oc-223"/>
      </symbol>
      <symbol id="sm-f8a">
         <name>__aeabi_memset</name>
         <value>0x15607</value>
         <object_component_ref idref="oc-66"/>
      </symbol>
      <symbol id="sm-f8b">
         <name>memset</name>
         <value>0x1560d</value>
         <object_component_ref idref="oc-66"/>
      </symbol>
      <symbol id="sm-f8c">
         <name>__aeabi_memset8</name>
         <value>0x15607</value>
         <object_component_ref idref="oc-66"/>
      </symbol>
      <symbol id="sm-f8d">
         <name>__aeabi_memset4</name>
         <value>0x15607</value>
         <object_component_ref idref="oc-66"/>
      </symbol>
      <symbol id="sm-f8e">
         <name>__aeabi_memclr8</name>
         <value>0x15605</value>
         <object_component_ref idref="oc-66"/>
      </symbol>
      <symbol id="sm-f8f">
         <name>__aeabi_memclr4</name>
         <value>0x15605</value>
         <object_component_ref idref="oc-66"/>
      </symbol>
      <symbol id="sm-f90">
         <name>__aeabi_memclr</name>
         <value>0x15605</value>
         <object_component_ref idref="oc-66"/>
      </symbol>
      <symbol id="sm-fa4">
         <name>sprintf</name>
         <value>0x15829</value>
         <object_component_ref idref="oc-2e9"/>
      </symbol>
      <symbol id="sm-fc6">
         <name>sscanf</name>
         <value>0x15117</value>
         <object_component_ref idref="oc-2ef"/>
      </symbol>
      <symbol id="sm-fc7">
         <name>vsscanf</name>
         <value>0x15105</value>
         <object_component_ref idref="oc-2ef"/>
      </symbol>
      <symbol id="sm-fd7">
         <name>strcat</name>
         <value>0x15cc1</value>
         <object_component_ref idref="oc-211"/>
      </symbol>
      <symbol id="sm-fe7">
         <name>strchr</name>
         <value>0x15d43</value>
         <object_component_ref idref="oc-3b3"/>
      </symbol>
      <symbol id="sm-ff6">
         <name>strcmp</name>
         <value>0x15d13</value>
         <object_component_ref idref="oc-20b"/>
      </symbol>
      <symbol id="sm-1004">
         <name>strcpy</name>
         <value>0x15d85</value>
         <object_component_ref idref="oc-1f9"/>
      </symbol>
      <symbol id="sm-1012">
         <name>strlen</name>
         <value>0x15d59</value>
         <object_component_ref idref="oc-1ff"/>
      </symbol>
      <symbol id="sm-1022">
         <name>strncpy</name>
         <value>0x15b81</value>
         <object_component_ref idref="oc-205"/>
      </symbol>
      <symbol id="sm-1043">
         <name>HOSTgetenv</name>
         <value>0x13755</value>
         <object_component_ref idref="oc-453"/>
      </symbol>
      <symbol id="sm-1044">
         <name>HOSTrename</name>
         <value>0x135ff</value>
         <object_component_ref idref="oc-453"/>
      </symbol>
      <symbol id="sm-1045">
         <name>HOSTclose</name>
         <value>0x13793</value>
         <object_component_ref idref="oc-453"/>
      </symbol>
      <symbol id="sm-1046">
         <name>HOSTunlink</name>
         <value>0x1358d</value>
         <object_component_ref idref="oc-453"/>
      </symbol>
      <symbol id="sm-1047">
         <name>HOSTlseek</name>
         <value>0x136fb</value>
         <object_component_ref idref="oc-453"/>
      </symbol>
      <symbol id="sm-1048">
         <name>HOSTopen</name>
         <value>0x136ab</value>
         <object_component_ref idref="oc-453"/>
      </symbol>
      <symbol id="sm-1049">
         <name>HOSTclock</name>
         <value>0x137cb</value>
         <object_component_ref idref="oc-453"/>
      </symbol>
      <symbol id="sm-104a">
         <name>HOSTwrite</name>
         <value>0x13541</value>
         <object_component_ref idref="oc-453"/>
      </symbol>
      <symbol id="sm-104b">
         <name>HOSTread</name>
         <value>0x1365d</value>
         <object_component_ref idref="oc-453"/>
      </symbol>
      <symbol id="sm-104c">
         <name>HOSTtime</name>
         <value>0x135c5</value>
         <object_component_ref idref="oc-453"/>
      </symbol>
      <symbol id="sm-1067">
         <name>__TI_readmsg</name>
         <value>0x15723</value>
         <object_component_ref idref="oc-4af"/>
      </symbol>
      <symbol id="sm-1068">
         <name>C$$IO$$</name>
         <value>0x1571f</value>
         <object_component_ref idref="oc-4af"/>
      </symbol>
      <symbol id="sm-1069">
         <name>__CIOBUF_</name>
         <value>0x8001b54</value>
         <object_component_ref idref="oc-4f4"/>
      </symbol>
      <symbol id="sm-106a">
         <name>__TI_writemsg</name>
         <value>0x156ed</value>
         <object_component_ref idref="oc-4af"/>
      </symbol>
      <symbol id="sm-1078">
         <name>__aeabi_uidivmod</name>
         <value>0x15998</value>
         <object_component_ref idref="oc-1bd"/>
      </symbol>
      <symbol id="sm-1079">
         <name>__aeabi_uidiv</name>
         <value>0x15998</value>
         <object_component_ref idref="oc-1bd"/>
      </symbol>
      <symbol id="sm-1097">
         <name>__TI_wrt_ok</name>
         <value>0x15421</value>
         <object_component_ref idref="oc-33d"/>
      </symbol>
      <symbol id="sm-1098">
         <name>__TI_rd_ok</name>
         <value>0x15485</value>
         <object_component_ref idref="oc-33d"/>
      </symbol>
      <symbol id="sm-10b1">
         <name>_nop</name>
         <value>0x15d7f</value>
         <object_component_ref idref="oc-258"/>
      </symbol>
      <symbol id="sm-10b2">
         <name>_lock</name>
         <value>0x8002e5c</value>
         <object_component_ref idref="oc-119"/>
      </symbol>
      <symbol id="sm-10b3">
         <name>_unlock</name>
         <value>0x8002e60</value>
         <object_component_ref idref="oc-119"/>
      </symbol>
      <symbol id="sm-10b4">
         <name>_register_lock</name>
         <value>0x15d77</value>
         <object_component_ref idref="oc-258"/>
      </symbol>
      <symbol id="sm-10b5">
         <name>_register_unlock</name>
         <value>0x15d71</value>
         <object_component_ref idref="oc-258"/>
      </symbol>
      <symbol id="sm-11ad">
         <name>__TI_printfi</name>
         <value>0xb977</value>
         <object_component_ref idref="oc-37b"/>
      </symbol>
      <symbol id="sm-1246">
         <name>__TI_scanfi</name>
         <value>0xef65</value>
         <object_component_ref idref="oc-383"/>
      </symbol>
      <symbol id="sm-1253">
         <name>frexp</name>
         <value>0x15c7d</value>
         <object_component_ref idref="oc-3e2"/>
      </symbol>
      <symbol id="sm-1265">
         <name>fseek</name>
         <value>0x157c5</value>
         <object_component_ref idref="oc-3a3"/>
      </symbol>
      <symbol id="sm-126f">
         <name>__aeabi_idiv0</name>
         <value>0x15297</value>
         <object_component_ref idref="oc-294"/>
      </symbol>
      <symbol id="sm-1280">
         <name>ldexp</name>
         <value>0x15a81</value>
         <object_component_ref idref="oc-3e8"/>
      </symbol>
      <symbol id="sm-128f">
         <name>ltoa</name>
         <value>0x158f1</value>
         <object_component_ref idref="oc-3dc"/>
      </symbol>
      <symbol id="sm-129f">
         <name>memccpy</name>
         <value>0x15cdf</value>
         <object_component_ref idref="oc-3f4"/>
      </symbol>
      <symbol id="sm-12bb">
         <name>setvbuf</name>
         <value>0x14f5d</value>
         <object_component_ref idref="oc-3a9"/>
      </symbol>
      <symbol id="sm-12c9">
         <name>strrchr</name>
         <value>0x15d2b</value>
         <object_component_ref idref="oc-42c"/>
      </symbol>
      <symbol id="sm-1302">
         <name>strtold</name>
         <value>0x13f71</value>
         <object_component_ref idref="oc-419"/>
      </symbol>
      <symbol id="sm-1303">
         <name>strtod</name>
         <value>0x13f71</value>
         <object_component_ref idref="oc-419"/>
      </symbol>
      <symbol id="sm-1326">
         <name>strtol</name>
         <value>0x148f5</value>
         <object_component_ref idref="oc-41f"/>
      </symbol>
      <symbol id="sm-134f">
         <name>strtoll</name>
         <value>0x14161</value>
         <object_component_ref idref="oc-425"/>
      </symbol>
      <symbol id="sm-1370">
         <name>strtoul</name>
         <value>0x14c51</value>
         <object_component_ref idref="oc-40d"/>
      </symbol>
      <symbol id="sm-1396">
         <name>strtoull</name>
         <value>0x14519</value>
         <object_component_ref idref="oc-413"/>
      </symbol>
      <symbol id="sm-13c0">
         <name>__aeabi_uldivmod</name>
         <value>0x13810</value>
         <object_component_ref idref="oc-3d7"/>
      </symbol>
      <symbol id="sm-13ce">
         <name>_Dclass</name>
         <value>0x15b45</value>
         <object_component_ref idref="oc-3ee"/>
      </symbol>
      <symbol id="sm-13ef">
         <name>_Dscale</name>
         <value>0x14a25</value>
         <object_component_ref idref="oc-46d"/>
      </symbol>
      <symbol id="sm-1402">
         <name>_Dunscale</name>
         <value>0x1588d</value>
         <object_component_ref idref="oc-465"/>
      </symbol>
      <symbol id="sm-1410">
         <name>_Feraise</name>
         <value>0x15bed</value>
         <object_component_ref idref="oc-473"/>
      </symbol>
      <symbol id="sm-1420">
         <name>_Rteps</name>
         <value>0x8002db8</value>
         <object_component_ref idref="oc-4ca"/>
      </symbol>
      <symbol id="sm-1421">
         <name>_Zero</name>
         <value>0x8002dd0</value>
         <object_component_ref idref="oc-4ca"/>
      </symbol>
      <symbol id="sm-1422">
         <name>_Hugeval</name>
         <value>0x8002d78</value>
         <object_component_ref idref="oc-4ca"/>
      </symbol>
      <symbol id="sm-1423">
         <name>_Snan</name>
         <value>0x8002da8</value>
         <object_component_ref idref="oc-4ca"/>
      </symbol>
      <symbol id="sm-1424">
         <name>_Nan</name>
         <value>0x8002d98</value>
         <object_component_ref idref="oc-4ca"/>
      </symbol>
      <symbol id="sm-1425">
         <name>_Inf</name>
         <value>0x8002d88</value>
         <object_component_ref idref="oc-4ca"/>
      </symbol>
      <symbol id="sm-1426">
         <name>_Xbig</name>
         <value>0x8002dc8</value>
         <object_component_ref idref="oc-4ca"/>
      </symbol>
      <symbol id="sm-1427">
         <name>_Eps</name>
         <value>0x8002d68</value>
         <object_component_ref idref="oc-4ca"/>
      </symbol>
      <symbol id="sm-1428">
         <name>_Denorm</name>
         <value>0x8002d58</value>
         <object_component_ref idref="oc-4ca"/>
      </symbol>
      <symbol id="sm-1430">
         <name>_Errno</name>
         <value>0x8002d54</value>
         <object_component_ref idref="oc-486"/>
      </symbol>
      <symbol id="sm-144e">
         <name>feraiseexcept</name>
         <value>0x15bb9</value>
         <object_component_ref idref="oc-4cf"/>
      </symbol>
      <symbol id="sm-144f">
         <name>_Tls_setup__Fenv</name>
         <value>0x8002e70</value>
         <object_component_ref idref="oc-50e"/>
      </symbol>
      <symbol id="sm-1450">
         <name>_Fenv</name>
         <value>0x8002e6c</value>
         <object_component_ref idref="oc-50e"/>
      </symbol>
      <symbol id="sm-1482">
         <name>__TI_cleanup</name>
         <value>0x1441b</value>
         <object_component_ref idref="oc-440"/>
      </symbol>
      <symbol id="sm-1483">
         <name>freopen</name>
         <value>0x14447</value>
         <object_component_ref idref="oc-440"/>
      </symbol>
      <symbol id="sm-1484">
         <name>fopen</name>
         <value>0x14471</value>
         <object_component_ref idref="oc-440"/>
      </symbol>
      <symbol id="sm-1491">
         <name>__aeabi_lmul</name>
         <value>0x15cfb</value>
         <object_component_ref idref="oc-48b"/>
      </symbol>
      <symbol id="sm-14a5">
         <name>raise</name>
         <value>0x15c21</value>
         <object_component_ref idref="oc-508"/>
      </symbol>
      <symbol id="sm-14bf">
         <name>signal</name>
         <value>0x15b05</value>
         <object_component_ref idref="oc-51c"/>
      </symbol>
      <symbol id="sm-14d4">
         <name>_Dnorm</name>
         <value>0x151d1</value>
         <object_component_ref idref="oc-4c0"/>
      </symbol>
      <symbol id="sm-14ea">
         <name>__TI_closefile</name>
         <value>0x1556d</value>
         <object_component_ref idref="oc-4a2"/>
      </symbol>
      <symbol id="sm-14eb">
         <name>fclose</name>
         <value>0x155d3</value>
         <object_component_ref idref="oc-4a2"/>
      </symbol>
      <symbol id="sm-14ed">
         <name>__TI_static_base__</name>
         <value>0x0</value>
      </symbol>
      <symbol id="sm-14f0">
         <name>SHT$$INIT_ARRAY$$Base</name>
         <value>0x0</value>
      </symbol>
      <symbol id="sm-14f1">
         <name>SHT$$INIT_ARRAY$$Limit</name>
         <value>0x0</value>
      </symbol>
      <symbol id="sm-14f2">
         <name>remove</name>
         <value>0x12fe5</value>
      </symbol>
   </symbol_table>
   <title>Link successful</title>
</link_info>
