******************************************************************************
                  TI ARM Linker PC v5.2.5                      
******************************************************************************
>> Linked Sun Feb 28 17:04:31 2016

OUTPUT FILE NAME:   <sdcard_test.out>
ENTRY POINT SYMBOL: "_c_int00"  address: 000193f4


MEMORY CONFIGURATION

         name            origin    length      used     unused   attr    fill
----------------------  --------  ---------  --------  --------  ----  --------
  VECTORS               00000000   00000020  00000020  00000000     X
  FLASH0                00000020   0013ffe0  0002abe9  001153f7  R  X
  STACKS                08000000   00001500  00000000  00001500  RW  
  RAM                   08001500   0001eb00  00001b5a  0001cfa6  RW  


SEGMENT ALLOCATION MAP

run origin  load origin   length   init length attrs members
----------  ----------- ---------- ----------- ----- -------
00000000    00000000    0002ac10   0002ac10    r-x
  00000000    00000000    00000020   00000020    r-x .intvecs
  00000020    00000020    0001b238   0001b238    r-x .text
  0001b258    0001b258    0000f739   0000f739    r-- .const
  0002a998    0002a998    00000278   00000278    r-- .cinit
08001500    08001500    00001b60   00000000    rw-
  08001500    08001500    00000a4a   00000000    rw- .bss
  08001f50    08001f50    00000a00   00000000    rw- .sysmem
  08002950    08002950    00000588   00000000    rw- .data
  08002ed8    08002ed8    00000188   00000000    rw- LOG_DATA


SECTION ALLOCATION MAP

 output                                  attributes/
section   page    origin      length       input sections
--------  ----  ----------  ----------   ----------------
.intvecs   0    00000000    00000020     
                  00000000    00000020     sys_intvecs.obj (.intvecs)

.text      0    00000020    0001b238     
                  00000020    000061c8     ff.obj (.text)
                  000061e8    00003ab0     sl_selftest.obj (.text)
                  00009c98    00002cdc     sys_selftest.obj (.text)
                  0000c974    00001d58     sd_card.obj (.text)
                  0000e6cc    00001060     rtsv7R4_T_be_v3D16_eabi.lib : _printfi.obj (.text)
                  0000f72c    00000ee8     mmc-test.obj (.text)
                  00010614    00000b28     system.obj (.text)
                  0001113c    00000a78     sdcard_interface.obj (.text)
                  00011bb4    00000a74     plat_arm.obj (.text)
                  00012628    00000a54     sys_vim.obj (.text)
                  0001307c    000009f8     mibspi.obj (.text)
                  00013a74    0000093c     rtsv7R4_T_be_v3D16_eabi.lib : _scanfi.obj (.text)
                  000143b0    000008cc     pinmux.obj (.text)
                  00014c7c    00000750     sci.obj (.text)
                  000153cc    00000728     uartstdio.obj (.text)
                  00015af4    00000638     rti.obj (.text)
                  0001612c    000005e8     esm.obj (.text)
                  00016714    000005d4     sl_esm.obj (.text)
                  00016ce8    0000041c     sl_priv.obj (.text)
                  00017104    00000410     sys_startup.obj (.text)
                  00017514    000003e8     rtsv7R4_T_be_v3D16_eabi.lib : memory.obj (.text)
                  000178fc    000003d4     sl_init.obj (.text)
                  00017cd0    000003cc     sys_core.obj (.text)
                  0001809c    00000314     rtsv7R4_T_be_v3D16_eabi.lib : lowlev.obj (.text)
                  000183b0    000002dc     sys_vim.obj (.text:retain)
                  0001868c    000002d0     rtsv7R4_T_be_v3D16_eabi.lib : trgdrv.obj (.text)
                  0001895c    000002b8                                 : ull_div32.obj (.text)
                  00018c14    0000022c     unicode.obj (.text)
                  00018e40    000001f0     rtsv7R4_T_be_v3D16_eabi.lib : strtod.obj (.text)
                  00019030    000001f0                                 : strtoll.obj (.text)
                  00019220    000001d4     sl_asm_api.obj (.text)
                  000193f4    000001c8     sys_startup.obj (.text:retain)
                  000195bc    000001c8     rtsv7R4_T_be_v3D16_eabi.lib : fopen.obj (.text)
                  00019784    00000174                                 : strtoull.obj (.text)
                  000198f8    00000138                                 : fputs.obj (.text)
                  00019a30    00000130     cmdline.obj (.text)
                  00019b60    00000130     rtsv7R4_T_be_v3D16_eabi.lib : strtol.obj (.text)
                  00019c90    00000118     sl_esm.obj (.text:retain)
                  00019da8    00000118     rtsv7R4_T_be_v3D16_eabi.lib : xdscale.obj (.text)
                  00019ec0    00000114     esm.obj (.text:retain)
                  00019fd4    00000114     rtsv7R4_T_be_v3D16_eabi.lib : strtoul.obj (.text)
                  0001a0e8    00000110     sys_pmu.obj (.text)
                  0001a1f8    000000e8     dabort.obj (.text)
                  0001a2e0    000000dc     rtsv7R4_T_be_v3D16_eabi.lib : setvbuf.obj (.text)
                  0001a3bc    000000cc                                 : fflush.obj (.text)
                  0001a488    000000cc                                 : sscanf.obj (.text)
                  0001a554    000000c6                                 : xdnorm.obj (.text)
                  0001a61a    00000002                                 : i_div0.obj (.text)
                  0001a61c    000000c4     notification.obj (.text)
                  0001a6e0    000000c4     sl_log.obj (.text)
                  0001a7a4    000000c4     sys_main.obj (.text)
                  0001a868    000000ae     rtsv7R4_T_be_v3D16_eabi.lib : _io_perm.obj (.text)
                  0001a916    0000009c                                 : memcpy_t2.obj (.text)
                  0001a9b2    00000002     --HOLE-- [fill = 0]
                  0001a9b4    00000098                                 : fclose.obj (.text)
                  0001aa4c    0000007a                                 : memset_t2.obj (.text)
                  0001aac6    00000002     --HOLE-- [fill = 0]
                  0001aac8    0000006c                                 : autoinit.obj (.text)
                  0001ab34    0000006c                                 : trgmsg.obj (.text)
                  0001aba0    0000006a                                 : copy_decompress_rle.obj (.text)
                  0001ac0a    00000002     --HOLE-- [fill = 0]
                  0001ac0c    00000064                                 : fseek.obj (.text)
                  0001ac70    00000064                                 : sprintf.obj (.text)
                  0001acd4    00000064                                 : xdunscal.obj (.text)
                  0001ad38    00000056                                 : ltoa.obj (.text)
                  0001ad8e    00000002     --HOLE-- [fill = 0]
                  0001ad90    00000054                                 : i_div32.obj (.text)
                  0001ade4    00000050                                 : atoi.obj (.text)
                  0001ae34    00000050                                 : u_div32.obj (.text)
                  0001ae84    0000004c     rti.obj (.text:retain)
                  0001aed0    0000004c     rtsv7R4_T_be_v3D16_eabi.lib : cpy_tbl.obj (.text)
                  0001af1c    00000044                                 : ldexp.obj (.text)
                  0001af60    00000040                                 : exit.obj (.text)
                  0001afa0    00000040                                 : signal.obj (.text)
                  0001afe0    0000003c                                 : xdclass.obj (.text)
                  0001b01c    00000036                                 : strncpy.obj (.text)
                  0001b052    00000002     --HOLE-- [fill = 0]
                  0001b054    00000034                                 : feraiseexcept.obj (.text)
                  0001b088    00000034                                 : xferaise.obj (.text)
                  0001b0bc    0000002e                                 : raise.obj (.text)
                  0001b0ea    00000002     --HOLE-- [fill = 0]
                  0001b0ec    0000002c                                 : assert.obj (.text)
                  0001b118    00000024                                 : frexp.obj (.text)
                  0001b13c    00000020                                 : memchr.obj (.text)
                  0001b15c    0000001e                                 : strcat.obj (.text)
                  0001b17a    0000001c                                 : memccpy.obj (.text)
                  0001b196    00000018                                 : ll_mul_t2.obj (.text)
                  0001b1ae    00000018                                 : strcmp.obj (.text)
                  0001b1c6    00000018                                 : strrchr.obj (.text)
                  0001b1de    00000016                                 : strchr.obj (.text)
                  0001b1f4    00000016                                 : strlen.obj (.text)
                  0001b20a    00000002     --HOLE-- [fill = 0]
                  0001b20c    00000014                                 : _lock.obj (.text)
                  0001b220    00000014                                 : strcpy.obj (.text)
                  0001b234    0000000e                                 : copy_decompress_none.obj (.text:decompress:none)
                  0001b242    0000000c                                 : copy_zero_init.obj (.text:decompress:ZI)
                  0001b24e    00000006                                 : copy_decompress_rle.obj (.text:decompress:rle24)
                  0001b254    00000004     sys_phantom.obj (.text:retain)

.const     0    0001b258    0000f739     
                  0001b258    00007378     unicode.obj (.const:sjis2uni)
                  000225d0    00007378     unicode.obj (.const:uni2sjis)
                  00029948    000004c0     sd_card.obj (.const:.string)
                  00029e08    000003dc     unicode.obj (.const:lower$1)
                  0002a1e4    000003dc     unicode.obj (.const:upper$2)
                  0002a5c0    00000200     sys_vim.obj (.const:s_vim_init)
                  0002a7c0    00000101     rtsv7R4_T_be_v3D16_eabi.lib : ctype.obj (.const:.string:_ctypes_)
                  0002a8c1    00000003     --HOLE-- [fill = 0]
                  0002a8c4    00000004     uartstdio.obj (.const)
                  0002a8c8    00000098     rtsv7R4_T_be_v3D16_eabi.lib : strtod.obj (.const)
                  0002a960    00000014     uartstdio.obj (.const:.string)
                  0002a974    00000010     rtsv7R4_T_be_v3D16_eabi.lib : _scanfi.obj (.const)
                  0002a984    0000000d     ff.obj (.const:.string)

.cinit     0    0002a998    00000278     
                  0002a998    00000233     (.cinit..data.load) [load image, compression = rle]
                  0002abcb    00000005     --HOLE-- [fill = 0]
                  0002abd0    00000012     (.cinit.LOG_DATA.load) [load image, compression = rle]
                  0002abe2    00000002     --HOLE-- [fill = 0]
                  0002abe4    0000000c     (__TI_handler_table)
                  0002abf0    00000008     (.cinit..bss.load) [load image, compression = zero_init]
                  0002abf8    00000018     (__TI_cinit_table)

.bss       0    08001500    00000a4a     UNINITIALIZED
                  08001500    00000230     sd_card.obj (.bss:g_sFatFs)
                  08001730    00000224     sd_card.obj (.bss:g_sFileObject)
                  08001954    00000200     ff.obj (.bss:LfnBuf)
                  08001b54    00000120     rtsv7R4_T_be_v3D16_eabi.lib : trgmsg.obj (.bss:__CIOBUF_)
                  08001c74    00000100     sdcard_interface.obj (.bss:event_log_file)
                  08001d74    000000a0     rtsv7R4_T_be_v3D16_eabi.lib : defs.obj (.bss:__TI_tmpnams)
                  08001e14    00000050     sd_card.obj (.bss:g_pcTmpBuf)
                  08001e64    00000040     sd_card.obj (.bss:g_pcCmdBuf)
                  08001ea4    00000028     sci.obj (.bss:g_sciTransfer_t)
                  08001ecc    00000024     cmdline.obj (.bss:g_ppcArgv)
                  08001ef0    00000024     sd_card.obj (.bss:g_sDirObject)
                  08001f14    00000020     (.common:g_sFileInfo)
                  08001f34    00000008     (.common:parmbuf)
                  08001f3c    00000004     (.common:ESM_AppCallback)
                  08001f40    00000004     (.common:FatFs)
                  08001f44    00000002     (.common:Fsid)
                  08001f46    00000001     (.common:CardType)
                  08001f47    00000001     (.common:Timer1)
                  08001f48    00000001     (.common:Timer2)
                  08001f49    00000001     (.common:resetReason)

.TI.noinit 
*          0    08001500    00000000     UNINITIALIZED

.sysmem    0    08001f50    00000a00     UNINITIALIZED
                  08001f50    00000008     rtsv7R4_T_be_v3D16_eabi.lib : memory.obj (.sysmem)
                  08001f58    000009f8     --HOLE--

.data      0    08002950    00000588     UNINITIALIZED
                  08002950    000000fc     sd_card.obj (.data:g_psCmdTable)
                  08002a4c    000000f0     rtsv7R4_T_be_v3D16_eabi.lib : defs.obj (.data:_ftable)
                  08002b3c    000000d0                                 : lowlev.obj (.data)
                  08002c0c    000000b0                                 : signal.obj (.data:sigtable)
                  08002cbc    000000a0     sd_card.obj (.data:g_psFResultStrings)
                  08002d5c    00000004     rtsv7R4_T_be_v3D16_eabi.lib : errno.obj (.data)
                  08002d60    00000080                                 : xvalues.obj (.data)
                  08002de0    00000050     sd_card.obj (.data:g_pcCwdBuf)
                  08002e30    0000002c     sl_priv.obj (.data:sl_priv_flag_set)
                  08002e5c    00000004     rtsv7R4_T_be_v3D16_eabi.lib : fopen.obj (.data)
                  08002e60    00000020     sl_selftest.obj (.data)
                  08002e80    00000010     rtsv7R4_T_be_v3D16_eabi.lib : defs.obj (.data)
                  08002e90    0000000c                                 : memory.obj (.data)
                  08002e9c    0000000c     sdcard_interface.obj (.data)
                  08002ea8    0000000a     mmc-test.obj (.data)
                  08002eb2    00000001     uartstdio.obj (.data)
                  08002eb3    00000001     --HOLE--
                  08002eb4    00000008     rtsv7R4_T_be_v3D16_eabi.lib : _lock.obj (.data)
                  08002ebc    00000008                                 : exit.obj (.data)
                  08002ec4    00000008                                 : feraiseexcept.obj (.data)
                  08002ecc    00000005     sd_card.obj (.data)
                  08002ed1    00000003     --HOLE--
                  08002ed4    00000004     sl_esm.obj (.data)

.TI.persistent 
*          0    08002950    00000000     UNINITIALIZED

LOG_DATA   0    08002ed8    00000188     UNINITIALIZED
                  08002ed8    00000180     sl_log.obj (LOG_DATA:uninit)
                  08003058    00000008     sl_log.obj (LOG_DATA:init)


LINKER GENERATED COPY TABLES

__TI_cinit_table @ 0002abf8 records: 3, size/record: 8, table size: 24
	.data: load addr=0002a998, load size=00000233 bytes, run addr=08002950, run size=00000588 bytes, compression=rle
	LOG_DATA: load addr=0002abd0, load size=00000012 bytes, run addr=08002ed8, run size=00000188 bytes, compression=rle
	.bss: load addr=0002abf0, load size=00000008 bytes, run addr=08001500, run size=00000a4a bytes, compression=zero_init


LINKER GENERATED HANDLER TABLE

__TI_handler_table @ 0002abe4 records: 3, size/record: 4, table size: 12
	index: 0, handler: __TI_zero_init
	index: 1, handler: __TI_decompress_rle24
	index: 2, handler: __TI_decompress_none


GLOBAL SYMBOLS: SORTED ALPHABETICALLY BY Name 

address   name                                  
-------   ----                                  
0001af61  C$$EXIT                               
0001ab67  C$$IO$$                               
00019a30  CmdLineProcess                        
0000ce20  Cmd_cat                               
0000cc70  Cmd_cd                                
0000d6e4  Cmd_current_log                       
0000cfa0  Cmd_del                               
0000e2d8  Cmd_help                              
0000d060  Cmd_init_sd                           
0000d4f8  Cmd_log_event                         
0000c9e8  Cmd_ls                                
0000d0cc  Cmd_play_audio                        
0000cdfc  Cmd_pwd                               
0000dd80  Cmd_read_begining_n                   
0000d1dc  Cmd_read_firmware                     
0000dac4  Cmd_read_full                         
0000d850  Cmd_read_last_100                     
0000e038  Cmd_read_last_n                       
0000d5d4  Cmd_set_audio                         
0000d38c  Cmd_set_log                           
00011fd0  FileIF_AppendString                   
0001236c  FileIF_CopyBufferToFile               
00011bb4  FileIF_CopyFileToBuffer               
00011e1c  FileIF_CreateFile                     
00011ec8  FileIF_DeleteFile                     
00011f2c  FileIF_GetFileSize                    
000120a8  FileIF_GetNoOfLines                   
00011db0  FileIF_IsFileAvailable                
000121ac  FileIF_ReadLine                       
00018917  HOSTclock                             
000188df  HOSTclose                             
000188a1  HOSTgetenv                            
00018847  HOSTlseek                             
000187f7  HOSTopen                              
000187a9  HOSTread                              
0001874b  HOSTrename                            
00018711  HOSTtime                              
000186d9  HOSTunlink                            
0001868d  HOSTwrite                             
00015e60  IsdwdKeySequenceCorrect               
00011960  SDCardIF_AppendFirmwareData           
000118b8  SDCardIF_CreateFirmwareFile           
00011910  SDCardIF_DeleteFirmwareFile           
00011348  SDCardIF_DeleteLogFile                
000113e0  SDCardIF_GetCurrentLogFile            
0001113c  SDCardIF_Initialize                   
0001154c  SDCardIF_LogEvent                     
000111fc  SDCardIF_PlayAudioFile                
0001165c  SDCardIF_ReadEventLog                 
00011490  SDCardIF_ReadFirmwareFile             
000119ec  SDCardIF_Reset                        
00011180  SDCardIF_SetAudioFileBuffer           
00011290  SDCardIF_SetLogFile                   
0000e3a0  SD_Test                               
UNDEFED   SHT$$INIT_ARRAY$$Base                 
UNDEFED   SHT$$INIT_ARRAY$$Limit                
00016714  SL_ESM_Init                           
00016748  SL_ESM_nERROR_Active                  
00016d18  SL_FLAG_CLEAR                         
00016d3c  SL_FLAG_GET                           
00016ce8  SL_FLAG_SET                           
00017a00  SL_Init_ECCFlash                      
000178fc  SL_Init_ECCTCMRAM                     
00017ac8  SL_Init_Memory                        
000192cc  SL_Init_R4Registers                   
00017b40  SL_Init_ResetReason                   
00017c34  SL_Init_ResetReason_XInfo             
0001a6e0  SL_Log_Error                          
00009b7c  SL_SelfTestL2L3Interconnect           
00009510  SL_SelfTest_ADC                       
00008cd0  SL_SelfTest_CCMR4F                    
000089c8  SL_SelfTest_EFuse                     
00007630  SL_SelfTest_FEE                       
00006d9c  SL_SelfTest_Flash                     
00007eb8  SL_SelfTest_PBIST                     
0000823c  SL_SelfTest_PBIST_StopExec            
00008550  SL_SelfTest_PSCON                     
000061f0  SL_SelfTest_SRAM                      
00008268  SL_SelfTest_STC                       
0000905c  SL_SelfTest_Status_CCMR4F             
00008bf0  SL_SelfTest_Status_EFuse              
00008090  SL_SelfTest_Status_PBIST              
00008900  SL_SelfTest_Status_PSCON              
000083f8  SL_SelfTest_Status_STC                
00008210  SL_SelfTest_WaitCompletion_PBIST      
000091dc  SL_adcCalibration                     
0000f7b4  SPI_send                              
0000c974  StringFromFResult                     
0000c9dc  SysTickHandler                        
0001557c  UARTgetc                              
00015448  UARTgets                              
00015aa4  UARTprintf                            
00015598  UARTvprintf                           
000153cc  UARTwrite                             
0001afe1  _Dclass                               
08002d60  _Denorm                               
0001a555  _Dnorm                                
00019da9  _Dscale                               
0001acd5  _Dunscale                             
08002d70  _Eps                                  
08002d5c  _Errno                                
08002ec4  _Fenv                                 
0001b089  _Feraise                              
08002d80  _Hugeval                              
08002d90  _Inf                                  
08002da0  _Nan                                  
08002dc0  _Rteps                                
00017084  _SL_Approximate_value                 
000193e8  _SL_Barrier_Data_Access               
00019270  _SL_Disable_IRQ                       
000192b0  _SL_Get_ARM_Mode                      
000192c4  _SL_Get_DataFault_Address             
000192bc  _SL_Get_DataFault_Status              
00017038  _SL_HoldNClear_nError                 
00019220  _SL_Init_ECCFlash                     
00019254  _SL_Init_ECCTCMRAM                    
0001923c  _SL_Init_EnableEventExport            
000193e0  _SL_Kickoff_STC_execution             
08002ed8  _SL_Log_Error_Buffer                  
0800305c  _SL_Log_Error_Index                   
00019290  _SL_Restore_IRQ                       
00016d5c  _SL_SelfTest_SRAM_RAD                 
00016e70  _SL_SelfTest_adcGetSingleData         
00016fb4  _SL_SelfTest_adcIsConversionComplete  
00016f28  _SL_SelfTest_adcStartConversion_selChn
08002db0  _Snan                                 
08002ec8  _Tls_setup__Fenv                      
08002dd0  _Xbig                                 
08002dd8  _Zero                                 
08001b54  __CIOBUF_                             
00000a00  __SYSMEM_SIZE                         
0002abf8  __TI_CINIT_Base                       
0002ac10  __TI_CINIT_Limit                      
0002abe4  __TI_Handler_Table_Base               
0002abf0  __TI_Handler_Table_Limit              
00018094  __TI_PINIT_Base                       
00018098  __TI_PINIT_Limit                      
0001aac9  __TI_auto_init                        
00019687  __TI_cleanup                          
08002ebc  __TI_cleanup_ptr                      
0001a9b5  __TI_closefile                        
0001b235  __TI_decompress_none                  
0001b24f  __TI_decompress_rle24                 
0001a3bd  __TI_doflush                          
08002ec0  __TI_dtors_ptr                        
08002e80  __TI_ft_end                           
0000f427  __TI_printfi                          
0001a8cd  __TI_rd_ok                            
0001ab6b  __TI_readmsg                          
00013f01  __TI_scanfi                           
00000000  __TI_static_base__                    
08001d74  __TI_tmpnams                          
0001ab35  __TI_writemsg                         
0001a869  __TI_wrt_ok                           
0001b243  __TI_zero_init                        
0001ad90  __aeabi_idiv                          
0001a61b  __aeabi_idiv0                         
0001ad90  __aeabi_idivmod                       
0001b197  __aeabi_lmul                          
0001aa4d  __aeabi_memclr                        
0001aa4d  __aeabi_memclr4                       
0001aa4d  __aeabi_memclr8                       
0001a917  __aeabi_memcpy                        
0001a917  __aeabi_memcpy4                       
0001a917  __aeabi_memcpy8                       
0001aa4f  __aeabi_memset                        
0001aa4f  __aeabi_memset4                       
0001aa4f  __aeabi_memset8                       
08002e8c  __aeabi_stderr                        
08002e84  __aeabi_stdin                         
08002e88  __aeabi_stdout                        
0001ae34  __aeabi_uidiv                         
0001ae34  __aeabi_uidivmod                      
0001895c  __aeabi_uldivmod                      
ffffffff  __binit__                             
ffffffff  __c_args__                            
0001b0ef  _abort_msg                            
0001b105  _assert                               
000193f4  _c_int00                              
00017f8c  _coreClearAuxiliaryDataFault_         
00017fa8  _coreClearAuxiliaryInstructionFault_  
00017f54  _coreClearDataFaultAddress_           
00017f1c  _coreClearDataFault_                  
00017f70  _coreClearInstructionFaultAddress_    
00017f38  _coreClearInstructionFault_           
00017e80  _coreDisableEventBusExport_           
00017ee4  _coreDisableFlashEcc_                 
00017eb0  _coreDisableRamEcc_                   
00017e68  _coreEnableEventBusExport_            
00017ec8  _coreEnableFlashEcc_                  
00017efc  _coreEnableIrqVicOffset_              
00017e98  _coreEnableRamEcc_                    
00017e48  _coreEnableVfp_                       
00017f84  _coreGetAuxiliaryDataFault_           
00017fa0  _coreGetAuxiliaryInstructionFault_    
00017f4c  _coreGetDataFaultAddress_             
00017f14  _coreGetDataFault_                    
00017f68  _coreGetInstructionFaultAddress_      
00017f30  _coreGetInstructionFault_             
00017cd0  _coreInitRegisters_                   
00017ddc  _coreInitStackPointer_                
0002a7c0  _ctypes_                              
0001a1f8  _dabort                               
00017fc4  _disable_FIQ_interrupt_               
00017fcc  _disable_IRQ_interrupt_               
00017fbc  _disable_interrupt_                   
00017fd4  _enable_interrupt_                    
00018064  _errata_CORTEXR4_57_                  
0001807c  _errata_CORTEXR4_66_                  
00017fdc  _esmCcmErrorsClear_                   
08002a4c  _ftable                               
00017e28  _getCPSRValue_                        
00017e30  _gotoCPUIdle_                         
08002eb4  _lock                                 
0001b0ed  _nassert                              
0001b21b  _nop                                  
0001a154  _pmuDisableCountersGlobal_            
0001a13c  _pmuEnableCountersGlobal_             
0001a1d0  _pmuGetCycleCount_                    
0001a1d8  _pmuGetEventCount_                    
0001a1e4  _pmuGetOverflow_                      
0001a0e8  _pmuInit_                             
0001a19c  _pmuResetCounters_                    
0001a16c  _pmuResetCycleCounter_                
0001a184  _pmuResetEventCounters_               
0001a1c4  _pmuSetCountEvent_                    
0001a1b4  _pmuStartCounters_                    
0001a1bc  _pmuStopCounters_                     
0001b213  _register_lock                        
0001b20d  _register_unlock                      
08002ea8  _spiPORT                              
08002eac  _spiREG                               
08001f50  _sys_memory                           
08002eb8  _unlock                               
0001af65  abort                                 
0000aee4  adc1ParityCheck                       
0000afd0  adc2ParityCheck                       
00018305  add_device                            
00017104  afterSTC                              
0001ade5  atoi                                  
08002ea0  audio_buffer                          
08002ea4  audio_buffer_size                     
ffffffff  binit                                 
000178c7  calloc                                
0000b088  can1ParityCheck                       
0000b160  can2ParityCheck                       
0000b228  can3ParityCheck                       
00009ca8  ccmSelfCheck                          
0000c374  ccmr4GetConfigValue                   
0000a5b0  checkB0RAMECC                         
0000a7a0  checkB1RAMECC                         
0000b890  checkClockMonitor                     
0000a990  checkFlashECC                         
0000b96c  checkFlashEEPROMECC                   
0000bb04  checkPLL1Slip                         
0000bc04  checkPLL2Slip                         
0000bcc8  checkRAMAddrParity                    
0000b648  checkRAMECC                           
0000bdd4  checkRAMUERRTest                      
0000a434  checkefcSelfTest                      
000182b7  close                                 
000004e4  clust2sect                            
0001aed1  copy_in                               
00009eac  cpuSelfTest                           
0000aa74  cpuSelfTestFail                       
0000aa6c  custom_dabort                         
0000c7d0  disableParity                         
0000fd28  disk_initialize                       
00010280  disk_ioctl                            
0000ffe8  disk_read                             
0000ffbc  disk_status                           
00010578  disk_timerproc                        
00010108  disk_write                            
0001a6cc  dmaGroupANotification                 
0000ab24  dmaParityCheck                        
00015ec8  dwdClearFlag                          
00015dfc  dwdCounterEnable                      
00015e44  dwdGenerateSysReset                   
00015e94  dwdGetStatus                          
00015ed8  dwdGetViolationStatus                 
00015d80  dwdInit                               
00015e28  dwdReset                              
00015e0c  dwdSetPreload                         
00015df0  dwwdGetCurrentDownCounter             
00015da8  dwwdInit                              
0000a2d8  efcCheck                              
0000c2d8  efcGetConfigValue                     
0000a40c  efcSelfTest                           
0000a360  efcStuckZeroTest                      
0000c748  enableParity                          
0000c3e4  errata_PBIST_4                        
000162b8  esmActivateNormalOperation            
000174e8  esmCallBackFunction                   
0001639c  esmClearStatus                        
000163e8  esmClearStatusBuffer                  
0001627c  esmDisableError                       
000162f4  esmDisableInterrupt                   
00016250  esmEnableError                        
000162c8  esmEnableInterrupt                    
000164e8  esmEnterSelfTest                      
00016234  esmError                              
000165c0  esmGetConfigValue                     
00016424  esmGetStatus                          
000164b0  esmGetStatusBuffer                    
0001a61c  esmGroup1Notification                 
0001a62c  esmGroup2Notification                 
00019ec0  esmHighInterrupt                      
0001612c  esmInit                               
00016570  esmSelfTestStatus                     
00016404  esmSetCounterPreloadValue             
00016320  esmSetInterruptLevel                  
000162a8  esmTriggerErrorPinReset               
08001c74  event_log_file                        
0001af6d  exit                                  
000055dc  f_chmod                               
0000455c  f_close                               
00004b0c  f_closedir                            
00004cbc  f_getfree                             
000059cc  f_gets                                
000045b0  f_lseek                               
000052d0  f_mkdir                               
00003654  f_mount                               
00003720  f_open                                
000049dc  f_opendir                             
00005c54  f_printf                              
00005b40  f_putc                                
00005bbc  f_puts                                
00003ad0  f_read                                
00004b40  f_readdir                             
000056c0  f_rename                              
00004c24  f_stat                                
000043b0  f_sync                                
00004f2c  f_truncate                            
0000512c  f_unlink                              
000058e0  f_utime                               
00003eec  f_write                               
0001aa1b  fclose                                
0001b055  feraiseexcept                         
00018c14  ff_convert                            
00018d3c  ff_wtoupper                           
0001a409  fflush                                
0000bf3c  fmcBus1ParityCheck                    
0000a4d4  fmcBus2Check                          
0000a510  fmcECCcheck                           
000196dd  fopen                                 
000198f9  fputs                                 
00017607  free                                  
000196b3  freopen                               
0001b119  frexp                                 
0001ac0d  fseek                                 
08002950  g_psCmdTable                          
08002cbc  g_psFResultStrings                    
0000053c  get_fat                               
000105e4  get_fattime                           
0000abd0  het1ParityCheck                       
0000ad38  het2ParityCheck                       
0000ac7c  htu1ParityCheck                       
0000ae34  htu2ParityCheck                       
0001af1d  ldexp                                 
00018293  lseek                                 
0001ad39  ltoa                                  
0001a7a4  main                                  
0001759f  malloc                                
00010750  mapClocks                             
000177d9  memalign                              
0001b17b  memccpy                               
0001b13d  memchr                                
0001a917  memcpy                                
00009dec  memoryInit                            
0001a63c  memoryPort0TestFailNotification       
0001a658  memoryPort1TestFailNotification       
0001aa55  memset                                
0000b2fc  mibspi1ParityCheck                    
0000b404  mibspi3ParityCheck                    
00013704  mibspi5GetConfigValue                 
0000b528  mibspi5ParityCheck                    
000136d0  mibspiDisableGroupNotification        
000135dc  mibspiDisableLoopback                 
00013648  mibspiEnableGroupNotification         
000135a8  mibspiEnableLoopback                  
000133c0  mibspiGetData                         
0001a6a4  mibspiGroupNotification               
0001307c  mibspiInit                            
0001353c  mibspiIsTransferComplete              
0001a690  mibspiNotification                    
000135f8  mibspiPmodeSet                        
000132b4  mibspiSetData                         
00013294  mibspiSetFunctional                   
0001350c  mibspiTransfer                        
00017515  minit                                 
0000f72c  mmcSelectSpi                          
000143b0  muxInit                               
000181dd  open                                  
0000e33c  open_append                           
0000c064  pbistFail                             
0000c0e8  pbistGetConfigValue                   
0000a220  pbistIsTestCompleted                  
0000a24c  pbistIsTestPassed                     
0000a280  pbistPortTestStatus                   
0000a124  pbistRun                              
00009f44  pbistSelfCheck                        
0000a1f0  pbistStop                             
000106fc  periphInit                            
0001b254  phantomInterrupt                      
00014864  pinmuxGetConfigValue                  
00000754  put_fat                               
00019a09  puts                                  
0001b0bd  raise                                 
000181b9  read                                  
000176c9  realloc                               
00018131  remove                                
00018191  remove_device                         
00018153  rename                                
00000000  resetEntry                            
08001f49  resetReason                           
0001ae84  rtiCompare3Interrupt                  
00015f88  rtiDisableNotification                
00015f60  rtiEnableNotification                 
00015fa4  rtiGetConfigValue                     
00015cf4  rtiGetCurrentTick                     
00015ccc  rtiGetPeriod                          
00015af4  rtiInit                               
0001a674  rtiNotification                       
00015c40  rtiResetCounter                       
00015ca4  rtiSetPeriod                          
00015be8  rtiStartCounter                       
00015c14  rtiStopCounter                        
0001512c  sciDisableLoopback                    
000151b8  sciDisableNotification                
000150f8  sciEnableLoopback                     
00015150  sciEnableNotification                 
00015220  sciGetConfigValue                     
00014c7c  sciInit                               
00014fa8  sciIsIdleDetected                     
00014f8c  sciIsRxReady                          
00014e0c  sciIsTxReady                          
0001a6b8  sciNotification                       
00015020  sciReceive                            
00014ff4  sciReceiveByte                        
00014fc4  sciRxError                            
00014e58  sciSend                               
00014e28  sciSendByte                           
00014d88  sciSetBaudrate                        
00014d68  sciSetFunctional                      
08002e9c  sdcardif_initialized                  
00009c98  selftestFailNotification              
000106bc  setupFlash                            
00010614  setupPLL                              
0001a2e1  setvbuf                               
0001afa1  signal                                
08002e30  sl_priv_flag_set                      
0001ac71  sprintf                               
08002e60  sramEccTestBuff                       
00010f34  sramGetConfigValue                    
0001a49b  sscanf                                
0000c234  stcGetConfigValue                     
00009e30  stcSelfCheck                          
0000aa70  stcSelfCheckFail                      
0001b15d  strcat                                
0001b1df  strchr                                
0001b1af  strcmp                                
0001b221  strcpy                                
0001b1f5  strlen                                
0001b01d  strncpy                               
0001b1c7  strrchr                               
00018e41  strtod                                
00019b61  strtol                                
00018e41  strtold                               
00019031  strtoll                               
00019fd5  strtoul                               
00019785  strtoull                              
00010974  systemGetConfigValue                  
00010878  systemInit                            
00010944  systemPowerDown                       
00010d88  tcmflashGetConfigValue                
00010674  trimLPO                               
08003060  ulLOGEndAddr                          
08002ed8  ulLOGStartAddr                        
00018131  unlink                                
000126fc  vimChannelMap                         
00012968  vimDisableInterrupt                   
000127a0  vimEnableInterrupt                    
00012a14  vimGetConfigValue                     
00012628  vimInit                               
0000aa78  vimParityCheck                        
000183b0  vimParityErrorHandler                 
0001a489  vsscanf                               
0001809d  write                                 


GLOBAL SYMBOLS: SORTED BY Symbol Address 

address   name                                  
-------   ----                                  
00000000  __TI_static_base__                    
00000000  resetEntry                            
000004e4  clust2sect                            
0000053c  get_fat                               
00000754  put_fat                               
00000a00  __SYSMEM_SIZE                         
00003654  f_mount                               
00003720  f_open                                
00003ad0  f_read                                
00003eec  f_write                               
000043b0  f_sync                                
0000455c  f_close                               
000045b0  f_lseek                               
000049dc  f_opendir                             
00004b0c  f_closedir                            
00004b40  f_readdir                             
00004c24  f_stat                                
00004cbc  f_getfree                             
00004f2c  f_truncate                            
0000512c  f_unlink                              
000052d0  f_mkdir                               
000055dc  f_chmod                               
000056c0  f_rename                              
000058e0  f_utime                               
000059cc  f_gets                                
00005b40  f_putc                                
00005bbc  f_puts                                
00005c54  f_printf                              
000061f0  SL_SelfTest_SRAM                      
00006d9c  SL_SelfTest_Flash                     
00007630  SL_SelfTest_FEE                       
00007eb8  SL_SelfTest_PBIST                     
00008090  SL_SelfTest_Status_PBIST              
00008210  SL_SelfTest_WaitCompletion_PBIST      
0000823c  SL_SelfTest_PBIST_StopExec            
00008268  SL_SelfTest_STC                       
000083f8  SL_SelfTest_Status_STC                
00008550  SL_SelfTest_PSCON                     
00008900  SL_SelfTest_Status_PSCON              
000089c8  SL_SelfTest_EFuse                     
00008bf0  SL_SelfTest_Status_EFuse              
00008cd0  SL_SelfTest_CCMR4F                    
0000905c  SL_SelfTest_Status_CCMR4F             
000091dc  SL_adcCalibration                     
00009510  SL_SelfTest_ADC                       
00009b7c  SL_SelfTestL2L3Interconnect           
00009c98  selftestFailNotification              
00009ca8  ccmSelfCheck                          
00009dec  memoryInit                            
00009e30  stcSelfCheck                          
00009eac  cpuSelfTest                           
00009f44  pbistSelfCheck                        
0000a124  pbistRun                              
0000a1f0  pbistStop                             
0000a220  pbistIsTestCompleted                  
0000a24c  pbistIsTestPassed                     
0000a280  pbistPortTestStatus                   
0000a2d8  efcCheck                              
0000a360  efcStuckZeroTest                      
0000a40c  efcSelfTest                           
0000a434  checkefcSelfTest                      
0000a4d4  fmcBus2Check                          
0000a510  fmcECCcheck                           
0000a5b0  checkB0RAMECC                         
0000a7a0  checkB1RAMECC                         
0000a990  checkFlashECC                         
0000aa6c  custom_dabort                         
0000aa70  stcSelfCheckFail                      
0000aa74  cpuSelfTestFail                       
0000aa78  vimParityCheck                        
0000ab24  dmaParityCheck                        
0000abd0  het1ParityCheck                       
0000ac7c  htu1ParityCheck                       
0000ad38  het2ParityCheck                       
0000ae34  htu2ParityCheck                       
0000aee4  adc1ParityCheck                       
0000afd0  adc2ParityCheck                       
0000b088  can1ParityCheck                       
0000b160  can2ParityCheck                       
0000b228  can3ParityCheck                       
0000b2fc  mibspi1ParityCheck                    
0000b404  mibspi3ParityCheck                    
0000b528  mibspi5ParityCheck                    
0000b648  checkRAMECC                           
0000b890  checkClockMonitor                     
0000b96c  checkFlashEEPROMECC                   
0000bb04  checkPLL1Slip                         
0000bc04  checkPLL2Slip                         
0000bcc8  checkRAMAddrParity                    
0000bdd4  checkRAMUERRTest                      
0000bf3c  fmcBus1ParityCheck                    
0000c064  pbistFail                             
0000c0e8  pbistGetConfigValue                   
0000c234  stcGetConfigValue                     
0000c2d8  efcGetConfigValue                     
0000c374  ccmr4GetConfigValue                   
0000c3e4  errata_PBIST_4                        
0000c748  enableParity                          
0000c7d0  disableParity                         
0000c974  StringFromFResult                     
0000c9dc  SysTickHandler                        
0000c9e8  Cmd_ls                                
0000cc70  Cmd_cd                                
0000cdfc  Cmd_pwd                               
0000ce20  Cmd_cat                               
0000cfa0  Cmd_del                               
0000d060  Cmd_init_sd                           
0000d0cc  Cmd_play_audio                        
0000d1dc  Cmd_read_firmware                     
0000d38c  Cmd_set_log                           
0000d4f8  Cmd_log_event                         
0000d5d4  Cmd_set_audio                         
0000d6e4  Cmd_current_log                       
0000d850  Cmd_read_last_100                     
0000dac4  Cmd_read_full                         
0000dd80  Cmd_read_begining_n                   
0000e038  Cmd_read_last_n                       
0000e2d8  Cmd_help                              
0000e33c  open_append                           
0000e3a0  SD_Test                               
0000f427  __TI_printfi                          
0000f72c  mmcSelectSpi                          
0000f7b4  SPI_send                              
0000fd28  disk_initialize                       
0000ffbc  disk_status                           
0000ffe8  disk_read                             
00010108  disk_write                            
00010280  disk_ioctl                            
00010578  disk_timerproc                        
000105e4  get_fattime                           
00010614  setupPLL                              
00010674  trimLPO                               
000106bc  setupFlash                            
000106fc  periphInit                            
00010750  mapClocks                             
00010878  systemInit                            
00010944  systemPowerDown                       
00010974  systemGetConfigValue                  
00010d88  tcmflashGetConfigValue                
00010f34  sramGetConfigValue                    
0001113c  SDCardIF_Initialize                   
00011180  SDCardIF_SetAudioFileBuffer           
000111fc  SDCardIF_PlayAudioFile                
00011290  SDCardIF_SetLogFile                   
00011348  SDCardIF_DeleteLogFile                
000113e0  SDCardIF_GetCurrentLogFile            
00011490  SDCardIF_ReadFirmwareFile             
0001154c  SDCardIF_LogEvent                     
0001165c  SDCardIF_ReadEventLog                 
000118b8  SDCardIF_CreateFirmwareFile           
00011910  SDCardIF_DeleteFirmwareFile           
00011960  SDCardIF_AppendFirmwareData           
000119ec  SDCardIF_Reset                        
00011bb4  FileIF_CopyFileToBuffer               
00011db0  FileIF_IsFileAvailable                
00011e1c  FileIF_CreateFile                     
00011ec8  FileIF_DeleteFile                     
00011f2c  FileIF_GetFileSize                    
00011fd0  FileIF_AppendString                   
000120a8  FileIF_GetNoOfLines                   
000121ac  FileIF_ReadLine                       
0001236c  FileIF_CopyBufferToFile               
00012628  vimInit                               
000126fc  vimChannelMap                         
000127a0  vimEnableInterrupt                    
00012968  vimDisableInterrupt                   
00012a14  vimGetConfigValue                     
0001307c  mibspiInit                            
00013294  mibspiSetFunctional                   
000132b4  mibspiSetData                         
000133c0  mibspiGetData                         
0001350c  mibspiTransfer                        
0001353c  mibspiIsTransferComplete              
000135a8  mibspiEnableLoopback                  
000135dc  mibspiDisableLoopback                 
000135f8  mibspiPmodeSet                        
00013648  mibspiEnableGroupNotification         
000136d0  mibspiDisableGroupNotification        
00013704  mibspi5GetConfigValue                 
00013f01  __TI_scanfi                           
000143b0  muxInit                               
00014864  pinmuxGetConfigValue                  
00014c7c  sciInit                               
00014d68  sciSetFunctional                      
00014d88  sciSetBaudrate                        
00014e0c  sciIsTxReady                          
00014e28  sciSendByte                           
00014e58  sciSend                               
00014f8c  sciIsRxReady                          
00014fa8  sciIsIdleDetected                     
00014fc4  sciRxError                            
00014ff4  sciReceiveByte                        
00015020  sciReceive                            
000150f8  sciEnableLoopback                     
0001512c  sciDisableLoopback                    
00015150  sciEnableNotification                 
000151b8  sciDisableNotification                
00015220  sciGetConfigValue                     
000153cc  UARTwrite                             
00015448  UARTgets                              
0001557c  UARTgetc                              
00015598  UARTvprintf                           
00015aa4  UARTprintf                            
00015af4  rtiInit                               
00015be8  rtiStartCounter                       
00015c14  rtiStopCounter                        
00015c40  rtiResetCounter                       
00015ca4  rtiSetPeriod                          
00015ccc  rtiGetPeriod                          
00015cf4  rtiGetCurrentTick                     
00015d80  dwdInit                               
00015da8  dwwdInit                              
00015df0  dwwdGetCurrentDownCounter             
00015dfc  dwdCounterEnable                      
00015e0c  dwdSetPreload                         
00015e28  dwdReset                              
00015e44  dwdGenerateSysReset                   
00015e60  IsdwdKeySequenceCorrect               
00015e94  dwdGetStatus                          
00015ec8  dwdClearFlag                          
00015ed8  dwdGetViolationStatus                 
00015f60  rtiEnableNotification                 
00015f88  rtiDisableNotification                
00015fa4  rtiGetConfigValue                     
0001612c  esmInit                               
00016234  esmError                              
00016250  esmEnableError                        
0001627c  esmDisableError                       
000162a8  esmTriggerErrorPinReset               
000162b8  esmActivateNormalOperation            
000162c8  esmEnableInterrupt                    
000162f4  esmDisableInterrupt                   
00016320  esmSetInterruptLevel                  
0001639c  esmClearStatus                        
000163e8  esmClearStatusBuffer                  
00016404  esmSetCounterPreloadValue             
00016424  esmGetStatus                          
000164b0  esmGetStatusBuffer                    
000164e8  esmEnterSelfTest                      
00016570  esmSelfTestStatus                     
000165c0  esmGetConfigValue                     
00016714  SL_ESM_Init                           
00016748  SL_ESM_nERROR_Active                  
00016ce8  SL_FLAG_SET                           
00016d18  SL_FLAG_CLEAR                         
00016d3c  SL_FLAG_GET                           
00016d5c  _SL_SelfTest_SRAM_RAD                 
00016e70  _SL_SelfTest_adcGetSingleData         
00016f28  _SL_SelfTest_adcStartConversion_selChn
00016fb4  _SL_SelfTest_adcIsConversionComplete  
00017038  _SL_HoldNClear_nError                 
00017084  _SL_Approximate_value                 
00017104  afterSTC                              
000174e8  esmCallBackFunction                   
00017515  minit                                 
0001759f  malloc                                
00017607  free                                  
000176c9  realloc                               
000177d9  memalign                              
000178c7  calloc                                
000178fc  SL_Init_ECCTCMRAM                     
00017a00  SL_Init_ECCFlash                      
00017ac8  SL_Init_Memory                        
00017b40  SL_Init_ResetReason                   
00017c34  SL_Init_ResetReason_XInfo             
00017cd0  _coreInitRegisters_                   
00017ddc  _coreInitStackPointer_                
00017e28  _getCPSRValue_                        
00017e30  _gotoCPUIdle_                         
00017e48  _coreEnableVfp_                       
00017e68  _coreEnableEventBusExport_            
00017e80  _coreDisableEventBusExport_           
00017e98  _coreEnableRamEcc_                    
00017eb0  _coreDisableRamEcc_                   
00017ec8  _coreEnableFlashEcc_                  
00017ee4  _coreDisableFlashEcc_                 
00017efc  _coreEnableIrqVicOffset_              
00017f14  _coreGetDataFault_                    
00017f1c  _coreClearDataFault_                  
00017f30  _coreGetInstructionFault_             
00017f38  _coreClearInstructionFault_           
00017f4c  _coreGetDataFaultAddress_             
00017f54  _coreClearDataFaultAddress_           
00017f68  _coreGetInstructionFaultAddress_      
00017f70  _coreClearInstructionFaultAddress_    
00017f84  _coreGetAuxiliaryDataFault_           
00017f8c  _coreClearAuxiliaryDataFault_         
00017fa0  _coreGetAuxiliaryInstructionFault_    
00017fa8  _coreClearAuxiliaryInstructionFault_  
00017fbc  _disable_interrupt_                   
00017fc4  _disable_FIQ_interrupt_               
00017fcc  _disable_IRQ_interrupt_               
00017fd4  _enable_interrupt_                    
00017fdc  _esmCcmErrorsClear_                   
00018064  _errata_CORTEXR4_57_                  
0001807c  _errata_CORTEXR4_66_                  
00018094  __TI_PINIT_Base                       
00018098  __TI_PINIT_Limit                      
0001809d  write                                 
00018131  remove                                
00018131  unlink                                
00018153  rename                                
00018191  remove_device                         
000181b9  read                                  
000181dd  open                                  
00018293  lseek                                 
000182b7  close                                 
00018305  add_device                            
000183b0  vimParityErrorHandler                 
0001868d  HOSTwrite                             
000186d9  HOSTunlink                            
00018711  HOSTtime                              
0001874b  HOSTrename                            
000187a9  HOSTread                              
000187f7  HOSTopen                              
00018847  HOSTlseek                             
000188a1  HOSTgetenv                            
000188df  HOSTclose                             
00018917  HOSTclock                             
0001895c  __aeabi_uldivmod                      
00018c14  ff_convert                            
00018d3c  ff_wtoupper                           
00018e41  strtod                                
00018e41  strtold                               
00019031  strtoll                               
00019220  _SL_Init_ECCFlash                     
0001923c  _SL_Init_EnableEventExport            
00019254  _SL_Init_ECCTCMRAM                    
00019270  _SL_Disable_IRQ                       
00019290  _SL_Restore_IRQ                       
000192b0  _SL_Get_ARM_Mode                      
000192bc  _SL_Get_DataFault_Status              
000192c4  _SL_Get_DataFault_Address             
000192cc  SL_Init_R4Registers                   
000193e0  _SL_Kickoff_STC_execution             
000193e8  _SL_Barrier_Data_Access               
000193f4  _c_int00                              
00019687  __TI_cleanup                          
000196b3  freopen                               
000196dd  fopen                                 
00019785  strtoull                              
000198f9  fputs                                 
00019a09  puts                                  
00019a30  CmdLineProcess                        
00019b61  strtol                                
00019da9  _Dscale                               
00019ec0  esmHighInterrupt                      
00019fd5  strtoul                               
0001a0e8  _pmuInit_                             
0001a13c  _pmuEnableCountersGlobal_             
0001a154  _pmuDisableCountersGlobal_            
0001a16c  _pmuResetCycleCounter_                
0001a184  _pmuResetEventCounters_               
0001a19c  _pmuResetCounters_                    
0001a1b4  _pmuStartCounters_                    
0001a1bc  _pmuStopCounters_                     
0001a1c4  _pmuSetCountEvent_                    
0001a1d0  _pmuGetCycleCount_                    
0001a1d8  _pmuGetEventCount_                    
0001a1e4  _pmuGetOverflow_                      
0001a1f8  _dabort                               
0001a2e1  setvbuf                               
0001a3bd  __TI_doflush                          
0001a409  fflush                                
0001a489  vsscanf                               
0001a49b  sscanf                                
0001a555  _Dnorm                                
0001a61b  __aeabi_idiv0                         
0001a61c  esmGroup1Notification                 
0001a62c  esmGroup2Notification                 
0001a63c  memoryPort0TestFailNotification       
0001a658  memoryPort1TestFailNotification       
0001a674  rtiNotification                       
0001a690  mibspiNotification                    
0001a6a4  mibspiGroupNotification               
0001a6b8  sciNotification                       
0001a6cc  dmaGroupANotification                 
0001a6e0  SL_Log_Error                          
0001a7a4  main                                  
0001a869  __TI_wrt_ok                           
0001a8cd  __TI_rd_ok                            
0001a917  __aeabi_memcpy                        
0001a917  __aeabi_memcpy4                       
0001a917  __aeabi_memcpy8                       
0001a917  memcpy                                
0001a9b5  __TI_closefile                        
0001aa1b  fclose                                
0001aa4d  __aeabi_memclr                        
0001aa4d  __aeabi_memclr4                       
0001aa4d  __aeabi_memclr8                       
0001aa4f  __aeabi_memset                        
0001aa4f  __aeabi_memset4                       
0001aa4f  __aeabi_memset8                       
0001aa55  memset                                
0001aac9  __TI_auto_init                        
0001ab35  __TI_writemsg                         
0001ab67  C$$IO$$                               
0001ab6b  __TI_readmsg                          
0001ac0d  fseek                                 
0001ac71  sprintf                               
0001acd5  _Dunscale                             
0001ad39  ltoa                                  
0001ad90  __aeabi_idiv                          
0001ad90  __aeabi_idivmod                       
0001ade5  atoi                                  
0001ae34  __aeabi_uidiv                         
0001ae34  __aeabi_uidivmod                      
0001ae84  rtiCompare3Interrupt                  
0001aed1  copy_in                               
0001af1d  ldexp                                 
0001af61  C$$EXIT                               
0001af65  abort                                 
0001af6d  exit                                  
0001afa1  signal                                
0001afe1  _Dclass                               
0001b01d  strncpy                               
0001b055  feraiseexcept                         
0001b089  _Feraise                              
0001b0bd  raise                                 
0001b0ed  _nassert                              
0001b0ef  _abort_msg                            
0001b105  _assert                               
0001b119  frexp                                 
0001b13d  memchr                                
0001b15d  strcat                                
0001b17b  memccpy                               
0001b197  __aeabi_lmul                          
0001b1af  strcmp                                
0001b1c7  strrchr                               
0001b1df  strchr                                
0001b1f5  strlen                                
0001b20d  _register_unlock                      
0001b213  _register_lock                        
0001b21b  _nop                                  
0001b221  strcpy                                
0001b235  __TI_decompress_none                  
0001b243  __TI_zero_init                        
0001b24f  __TI_decompress_rle24                 
0001b254  phantomInterrupt                      
0002a7c0  _ctypes_                              
0002abe4  __TI_Handler_Table_Base               
0002abf0  __TI_Handler_Table_Limit              
0002abf8  __TI_CINIT_Base                       
0002ac10  __TI_CINIT_Limit                      
08001b54  __CIOBUF_                             
08001c74  event_log_file                        
08001d74  __TI_tmpnams                          
08001f49  resetReason                           
08001f50  _sys_memory                           
08002950  g_psCmdTable                          
08002a4c  _ftable                               
08002cbc  g_psFResultStrings                    
08002d5c  _Errno                                
08002d60  _Denorm                               
08002d70  _Eps                                  
08002d80  _Hugeval                              
08002d90  _Inf                                  
08002da0  _Nan                                  
08002db0  _Snan                                 
08002dc0  _Rteps                                
08002dd0  _Xbig                                 
08002dd8  _Zero                                 
08002e30  sl_priv_flag_set                      
08002e60  sramEccTestBuff                       
08002e80  __TI_ft_end                           
08002e84  __aeabi_stdin                         
08002e88  __aeabi_stdout                        
08002e8c  __aeabi_stderr                        
08002e9c  sdcardif_initialized                  
08002ea0  audio_buffer                          
08002ea4  audio_buffer_size                     
08002ea8  _spiPORT                              
08002eac  _spiREG                               
08002eb4  _lock                                 
08002eb8  _unlock                               
08002ebc  __TI_cleanup_ptr                      
08002ec0  __TI_dtors_ptr                        
08002ec4  _Fenv                                 
08002ec8  _Tls_setup__Fenv                      
08002ed8  _SL_Log_Error_Buffer                  
08002ed8  ulLOGStartAddr                        
0800305c  _SL_Log_Error_Index                   
08003060  ulLOGEndAddr                          
ffffffff  __binit__                             
ffffffff  __c_args__                            
ffffffff  binit                                 
UNDEFED   SHT$$INIT_ARRAY$$Base                 
UNDEFED   SHT$$INIT_ARRAY$$Limit                

[488 symbols]
