******************************************************************************
                  TI ARM Linker PC v5.2.5                      
******************************************************************************
>> Linked Mon Feb 22 20:14:55 2016

OUTPUT FILE NAME:   <sdcard_test.out>
ENTRY POINT SYMBOL: "_c_int00"  address: 000144b8


MEMORY CONFIGURATION

         name            origin    length      used     unused   attr    fill
----------------------  --------  ---------  --------  --------  ----  --------
  VECTORS               00000000   00000020  00000020  00000000     X
  FLASH0                00000020   0013ffe0  00026235  00119dab  R  X
  STACKS                08000000   00001500  00000000  00001500  RW  
  RAM                   08001500   0001eb00  000019b1  0001d14f  RW  


SEGMENT ALLOCATION MAP

run origin  load origin   length   init length attrs members
----------  ----------- ---------- ----------- ----- -------
00000000    00000000    00026260   00026260    r-x
  00000000    00000000    00000020   00000020    r-x .intvecs
  00000020    00000020    000168a4   000168a4    r-x .text
  000168c8    000168c8    0000f739   0000f739    r-- .const
  00026008    00026008    00000258   00000258    r-- .cinit
08001500    08001500    000019b8   00000000    rw-
  08001500    08001500    00000a49   00000000    rw- .bss
  08001f50    08001f50    00000a00   00000000    rw- .sysmem
  08002950    08002950    00000568   00000000    rw- .data


SECTION ALLOCATION MAP

 output                                  attributes/
section   page    origin      length       input sections
--------  ----  ----------  ----------   ----------------
.intvecs   0    00000000    00000020     
                  00000000    00000020     sys_intvecs.obj (.intvecs)

.text      0    00000020    000168a4     
                  00000020    000061c8     ff.obj (.text)
                  000061e8    00002cdc     sys_selftest.obj (.text)
                  00008ec4    00001d58     sd_card.obj (.text)
                  0000ac1c    00001060     rtsv7R4_T_be_v3D16_eabi.lib : _printfi.obj (.text)
                  0000bc7c    00000ee8     mmc-test.obj (.text)
                  0000cb64    00000b28     system.obj (.text)
                  0000d68c    00000a54     sys_vim.obj (.text)
                  0000e0e0    000009f8     mibspi.obj (.text)
                  0000ead8    0000093c     rtsv7R4_T_be_v3D16_eabi.lib : _scanfi.obj (.text)
                  0000f414    00000934     sdcard_interface.obj (.text)
                  0000fd48    000008cc     pinmux.obj (.text)
                  00010614    00000750     sci.obj (.text)
                  00010d64    00000728     uartstdio.obj (.text)
                  0001148c    000006f0     plat_arm.obj (.text)
                  00011b7c    00000638     rti.obj (.text)
                  000121b4    000005e8     esm.obj (.text)
                  0001279c    000005d4     sl_esm.obj (.text)
                  00012d70    0000041c     sl_priv.obj (.text)
                  0001318c    000003e8     rtsv7R4_T_be_v3D16_eabi.lib : memory.obj (.text)
                  00013574    000003cc     sys_core.obj (.text)
                  00013940    00000314     rtsv7R4_T_be_v3D16_eabi.lib : lowlev.obj (.text)
                  00013c54    000002dc     sys_vim.obj (.text:retain)
                  00013f30    000002d0     rtsv7R4_T_be_v3D16_eabi.lib : trgdrv.obj (.text)
                  00014200    000002b8                                 : ull_div32.obj (.text)
                  000144b8    0000027c     sys_startup.obj (.text:retain)
                  00014734    0000022c     unicode.obj (.text)
                  00014960    000001f0     rtsv7R4_T_be_v3D16_eabi.lib : strtod.obj (.text)
                  00014b50    000001f0                                 : strtoll.obj (.text)
                  00014d40    000001c8                                 : fopen.obj (.text)
                  00014f08    00000174                                 : strtoull.obj (.text)
                  0001507c    00000138                                 : fputs.obj (.text)
                  000151b4    00000130     cmdline.obj (.text)
                  000152e4    00000130     rtsv7R4_T_be_v3D16_eabi.lib : strtol.obj (.text)
                  00015414    00000118     sl_esm.obj (.text:retain)
                  0001552c    00000118     rtsv7R4_T_be_v3D16_eabi.lib : xdscale.obj (.text)
                  00015644    00000114     esm.obj (.text:retain)
                  00015758    00000114     rtsv7R4_T_be_v3D16_eabi.lib : strtoul.obj (.text)
                  0001586c    00000110     sys_pmu.obj (.text)
                  0001597c    000000e8     dabort.obj (.text)
                  00015a64    000000dc     rtsv7R4_T_be_v3D16_eabi.lib : setvbuf.obj (.text)
                  00015b40    000000cc                                 : fflush.obj (.text)
                  00015c0c    000000cc                                 : sscanf.obj (.text)
                  00015cd8    000000c6                                 : xdnorm.obj (.text)
                  00015d9e    00000002                                 : i_div0.obj (.text)
                  00015da0    000000c4     notification.obj (.text)
                  00015e64    000000c4     sys_main.obj (.text)
                  00015f28    000000ae     rtsv7R4_T_be_v3D16_eabi.lib : _io_perm.obj (.text)
                  00015fd6    0000009c                                 : memcpy_t2.obj (.text)
                  00016072    00000002     --HOLE-- [fill = 0]
                  00016074    00000098                                 : fclose.obj (.text)
                  0001610c    0000007a                                 : memset_t2.obj (.text)
                  00016186    00000002     --HOLE-- [fill = 0]
                  00016188    0000006c                                 : autoinit.obj (.text)
                  000161f4    0000006c                                 : trgmsg.obj (.text)
                  00016260    0000006a                                 : copy_decompress_rle.obj (.text)
                  000162ca    00000002     --HOLE-- [fill = 0]
                  000162cc    00000064                                 : fseek.obj (.text)
                  00016330    00000064                                 : sprintf.obj (.text)
                  00016394    00000064                                 : xdunscal.obj (.text)
                  000163f8    00000056                                 : ltoa.obj (.text)
                  0001644e    00000002     --HOLE-- [fill = 0]
                  00016450    00000050                                 : atoi.obj (.text)
                  000164a0    00000050                                 : u_div32.obj (.text)
                  000164f0    0000004c     rti.obj (.text:retain)
                  0001653c    0000004c     rtsv7R4_T_be_v3D16_eabi.lib : cpy_tbl.obj (.text)
                  00016588    00000044                                 : ldexp.obj (.text)
                  000165cc    00000040                                 : exit.obj (.text)
                  0001660c    00000040                                 : signal.obj (.text)
                  0001664c    0000003c                                 : xdclass.obj (.text)
                  00016688    00000036                                 : strncpy.obj (.text)
                  000166be    00000002     --HOLE-- [fill = 0]
                  000166c0    00000034                                 : feraiseexcept.obj (.text)
                  000166f4    00000034                                 : xferaise.obj (.text)
                  00016728    0000002e                                 : raise.obj (.text)
                  00016756    00000002     --HOLE-- [fill = 0]
                  00016758    0000002c                                 : assert.obj (.text)
                  00016784    00000024                                 : frexp.obj (.text)
                  000167a8    00000020                                 : memchr.obj (.text)
                  000167c8    0000001e                                 : strcat.obj (.text)
                  000167e6    0000001c                                 : memccpy.obj (.text)
                  00016802    00000018                                 : ll_mul_t2.obj (.text)
                  0001681a    00000018                                 : strcmp.obj (.text)
                  00016832    00000018                                 : strrchr.obj (.text)
                  0001684a    00000016                                 : strchr.obj (.text)
                  00016860    00000016                                 : strlen.obj (.text)
                  00016876    00000002     --HOLE-- [fill = 0]
                  00016878    00000014                                 : _lock.obj (.text)
                  0001688c    00000014                                 : strcpy.obj (.text)
                  000168a0    0000000e                                 : copy_decompress_none.obj (.text:decompress:none)
                  000168ae    0000000c                                 : copy_zero_init.obj (.text:decompress:ZI)
                  000168ba    00000006                                 : copy_decompress_rle.obj (.text:decompress:rle24)
                  000168c0    00000004     sys_phantom.obj (.text:retain)

.const     0    000168c8    0000f739     
                  000168c8    00007378     unicode.obj (.const:sjis2uni)
                  0001dc40    00007378     unicode.obj (.const:uni2sjis)
                  00024fb8    000004c0     sd_card.obj (.const:.string)
                  00025478    000003dc     unicode.obj (.const:lower$1)
                  00025854    000003dc     unicode.obj (.const:upper$2)
                  00025c30    00000200     sys_vim.obj (.const:s_vim_init)
                  00025e30    00000101     rtsv7R4_T_be_v3D16_eabi.lib : ctype.obj (.const:.string:_ctypes_)
                  00025f31    00000003     --HOLE-- [fill = 0]
                  00025f34    00000004     uartstdio.obj (.const)
                  00025f38    00000098     rtsv7R4_T_be_v3D16_eabi.lib : strtod.obj (.const)
                  00025fd0    00000014     uartstdio.obj (.const:.string)
                  00025fe4    00000010     rtsv7R4_T_be_v3D16_eabi.lib : _scanfi.obj (.const)
                  00025ff4    0000000d     ff.obj (.const:.string)

.cinit     0    00026008    00000258     
                  00026008    00000233     (.cinit..data.load) [load image, compression = rle]
                  0002623b    00000001     --HOLE-- [fill = 0]
                  0002623c    0000000c     (__TI_handler_table)
                  00026248    00000008     (.cinit..bss.load) [load image, compression = zero_init]
                  00026250    00000010     (__TI_cinit_table)

.bss       0    08001500    00000a49     UNINITIALIZED
                  08001500    00000230     sd_card.obj (.bss:g_sFatFs)
                  08001730    00000224     sd_card.obj (.bss:g_sFileObject)
                  08001954    00000200     ff.obj (.bss:LfnBuf)
                  08001b54    00000120     rtsv7R4_T_be_v3D16_eabi.lib : trgmsg.obj (.bss:__CIOBUF_)
                  08001c74    00000100     sdcard_interface.obj (.bss:event_log_file)
                  08001d74    000000a0     rtsv7R4_T_be_v3D16_eabi.lib : defs.obj (.bss:__TI_tmpnams)
                  08001e14    00000050     sd_card.obj (.bss:g_pcTmpBuf)
                  08001e64    00000040     sd_card.obj (.bss:g_pcCmdBuf)
                  08001ea4    00000028     sci.obj (.bss:g_sciTransfer_t)
                  08001ecc    00000024     cmdline.obj (.bss:g_ppcArgv)
                  08001ef0    00000024     sd_card.obj (.bss:g_sDirObject)
                  08001f14    00000020     (.common:g_sFileInfo)
                  08001f34    00000008     (.common:parmbuf)
                  08001f3c    00000004     (.common:ESM_AppCallback)
                  08001f40    00000004     (.common:FatFs)
                  08001f44    00000002     (.common:Fsid)
                  08001f46    00000001     (.common:CardType)
                  08001f47    00000001     (.common:Timer1)
                  08001f48    00000001     (.common:Timer2)

.TI.noinit 
*          0    08001500    00000000     UNINITIALIZED

.sysmem    0    08001f50    00000a00     UNINITIALIZED
                  08001f50    00000008     rtsv7R4_T_be_v3D16_eabi.lib : memory.obj (.sysmem)
                  08001f58    000009f8     --HOLE--

.data      0    08002950    00000568     UNINITIALIZED
                  08002950    000000fc     sd_card.obj (.data:g_psCmdTable)
                  08002a4c    000000f0     rtsv7R4_T_be_v3D16_eabi.lib : defs.obj (.data:_ftable)
                  08002b3c    000000d0                                 : lowlev.obj (.data)
                  08002c0c    000000b0                                 : signal.obj (.data:sigtable)
                  08002cbc    000000a0     sd_card.obj (.data:g_psFResultStrings)
                  08002d5c    00000004     rtsv7R4_T_be_v3D16_eabi.lib : errno.obj (.data)
                  08002d60    00000080                                 : xvalues.obj (.data)
                  08002de0    00000050     sd_card.obj (.data:g_pcCwdBuf)
                  08002e30    0000002c     sl_priv.obj (.data:sl_priv_flag_set)
                  08002e5c    00000010     rtsv7R4_T_be_v3D16_eabi.lib : defs.obj (.data)
                  08002e6c    0000000c                                 : memory.obj (.data)
                  08002e78    0000000c     sdcard_interface.obj (.data)
                  08002e84    0000000a     mmc-test.obj (.data)
                  08002e8e    00000001     uartstdio.obj (.data)
                  08002e8f    00000001     --HOLE--
                  08002e90    00000008     rtsv7R4_T_be_v3D16_eabi.lib : _lock.obj (.data)
                  08002e98    00000008                                 : exit.obj (.data)
                  08002ea0    00000008                                 : feraiseexcept.obj (.data)
                  08002ea8    00000005     sd_card.obj (.data)
                  08002ead    00000003     --HOLE--
                  08002eb0    00000004     rtsv7R4_T_be_v3D16_eabi.lib : fopen.obj (.data)
                  08002eb4    00000004     sl_esm.obj (.data)

.TI.persistent 
*          0    08002950    00000000     UNINITIALIZED


LINKER GENERATED COPY TABLES

__TI_cinit_table @ 00026250 records: 2, size/record: 8, table size: 16
	.data: load addr=00026008, load size=00000233 bytes, run addr=08002950, run size=00000568 bytes, compression=rle
	.bss: load addr=00026248, load size=00000008 bytes, run addr=08001500, run size=00000a49 bytes, compression=zero_init


LINKER GENERATED HANDLER TABLE

__TI_handler_table @ 0002623c records: 3, size/record: 4, table size: 12
	index: 0, handler: __TI_zero_init
	index: 1, handler: __TI_decompress_rle24
	index: 2, handler: __TI_decompress_none


GLOBAL SYMBOLS: SORTED ALPHABETICALLY BY Name 

address   name                                  
-------   ----                                  
000165cd  C$$EXIT                               
00016227  C$$IO$$                               
000151b4  CmdLineProcess                        
00009370  Cmd_cat                               
000091c0  Cmd_cd                                
00009c34  Cmd_current_log                       
000094f0  Cmd_del                               
0000a828  Cmd_help                              
000095b0  Cmd_init_sd                           
00009a48  Cmd_log_event                         
00008f38  Cmd_ls                                
0000961c  Cmd_play_audio                        
0000934c  Cmd_pwd                               
0000a2d0  Cmd_read_begining_n                   
0000972c  Cmd_read_firmware                     
0000a014  Cmd_read_full                         
00009da0  Cmd_read_last_100                     
0000a588  Cmd_read_last_n                       
00009b24  Cmd_set_audio                         
000098dc  Cmd_set_log                           
00011828  FileIF_AppendString                   
0001148c  FileIF_CopyFileToBuffer               
000116d8  FileIF_CreateFile                     
00011768  FileIF_DeleteFile                     
000117a8  FileIF_GetFileSize                    
00011900  FileIF_GetNoOfLines                   
0001166c  FileIF_IsFileAvailable                
000119e0  FileIF_ReadLine                       
000141bb  HOSTclock                             
00014183  HOSTclose                             
00014145  HOSTgetenv                            
000140eb  HOSTlseek                             
0001409b  HOSTopen                              
0001404d  HOSTread                              
00013fef  HOSTrename                            
00013fb5  HOSTtime                              
00013f7d  HOSTunlink                            
00013f31  HOSTwrite                             
00011ee8  IsdwdKeySequenceCorrect               
0000f610  SDCardIF_DeleteLogFile                
0000f6a8  SDCardIF_GetCurrentLogFile            
0000f414  SDCardIF_Initialize                   
0000f814  SDCardIF_LogEvent                     
0000f4c4  SDCardIF_PlayAudioFile                
0000f924  SDCardIF_ReadEventLog                 
0000f758  SDCardIF_ReadFirmwareFile             
0000fb80  SDCardIF_Reset                        
0000f448  SDCardIF_SetAudioFileBuffer           
0000f558  SDCardIF_SetLogFile                   
0000a8f0  SD_Test                               
UNDEFED   SHT$$INIT_ARRAY$$Base                 
UNDEFED   SHT$$INIT_ARRAY$$Limit                
0001279c  SL_ESM_Init                           
000127d0  SL_ESM_nERROR_Active                  
00012da0  SL_FLAG_CLEAR                         
00012dc4  SL_FLAG_GET                           
00012d70  SL_FLAG_SET                           
0000bd04  SPI_send                              
00008ec4  StringFromFResult                     
00008f2c  SysTickHandler                        
00010f14  UARTgetc                              
00010de0  UARTgets                              
0001143c  UARTprintf                            
00010f30  UARTvprintf                           
00010d64  UARTwrite                             
0001664d  _Dclass                               
08002d60  _Denorm                               
00015cd9  _Dnorm                                
0001552d  _Dscale                               
00016395  _Dunscale                             
08002d70  _Eps                                  
08002d5c  _Errno                                
08002ea0  _Fenv                                 
000166f5  _Feraise                              
08002d80  _Hugeval                              
08002d90  _Inf                                  
08002da0  _Nan                                  
08002dc0  _Rteps                                
0001310c  _SL_Approximate_value                 
000130c0  _SL_HoldNClear_nError                 
00012de4  _SL_SelfTest_SRAM_RAD                 
00012ef8  _SL_SelfTest_adcGetSingleData         
0001303c  _SL_SelfTest_adcIsConversionComplete  
00012fb0  _SL_SelfTest_adcStartConversion_selChn
08002db0  _Snan                                 
08002ea4  _Tls_setup__Fenv                      
08002dd0  _Xbig                                 
08002dd8  _Zero                                 
08001b54  __CIOBUF_                             
00000a00  __SYSMEM_SIZE                         
00026250  __TI_CINIT_Base                       
00026260  __TI_CINIT_Limit                      
0002623c  __TI_Handler_Table_Base               
00026248  __TI_Handler_Table_Limit              
00013938  __TI_PINIT_Base                       
0001393c  __TI_PINIT_Limit                      
00016189  __TI_auto_init                        
00014e0b  __TI_cleanup                          
08002e98  __TI_cleanup_ptr                      
00016075  __TI_closefile                        
000168a1  __TI_decompress_none                  
000168bb  __TI_decompress_rle24                 
00015b41  __TI_doflush                          
08002e9c  __TI_dtors_ptr                        
08002e5c  __TI_ft_end                           
0000b977  __TI_printfi                          
00015f8d  __TI_rd_ok                            
0001622b  __TI_readmsg                          
0000ef65  __TI_scanfi                           
00000000  __TI_static_base__                    
08001d74  __TI_tmpnams                          
000161f5  __TI_writemsg                         
00015f29  __TI_wrt_ok                           
000168af  __TI_zero_init                        
00015d9f  __aeabi_idiv0                         
00016803  __aeabi_lmul                          
0001610d  __aeabi_memclr                        
0001610d  __aeabi_memclr4                       
0001610d  __aeabi_memclr8                       
00015fd7  __aeabi_memcpy                        
00015fd7  __aeabi_memcpy4                       
00015fd7  __aeabi_memcpy8                       
0001610f  __aeabi_memset                        
0001610f  __aeabi_memset4                       
0001610f  __aeabi_memset8                       
08002e68  __aeabi_stderr                        
08002e60  __aeabi_stdin                         
08002e64  __aeabi_stdout                        
000164a0  __aeabi_uidiv                         
000164a0  __aeabi_uidivmod                      
00014200  __aeabi_uldivmod                      
ffffffff  __binit__                             
ffffffff  __c_args__                            
0001675b  _abort_msg                            
00016771  _assert                               
000144b8  _c_int00                              
00013830  _coreClearAuxiliaryDataFault_         
0001384c  _coreClearAuxiliaryInstructionFault_  
000137f8  _coreClearDataFaultAddress_           
000137c0  _coreClearDataFault_                  
00013814  _coreClearInstructionFaultAddress_    
000137dc  _coreClearInstructionFault_           
00013724  _coreDisableEventBusExport_           
00013788  _coreDisableFlashEcc_                 
00013754  _coreDisableRamEcc_                   
0001370c  _coreEnableEventBusExport_            
0001376c  _coreEnableFlashEcc_                  
000137a0  _coreEnableIrqVicOffset_              
0001373c  _coreEnableRamEcc_                    
000136ec  _coreEnableVfp_                       
00013828  _coreGetAuxiliaryDataFault_           
00013844  _coreGetAuxiliaryInstructionFault_    
000137f0  _coreGetDataFaultAddress_             
000137b8  _coreGetDataFault_                    
0001380c  _coreGetInstructionFaultAddress_      
000137d4  _coreGetInstructionFault_             
00013574  _coreInitRegisters_                   
00013680  _coreInitStackPointer_                
00025e30  _ctypes_                              
0001597c  _dabort                               
00013868  _disable_FIQ_interrupt_               
00013870  _disable_IRQ_interrupt_               
00013860  _disable_interrupt_                   
00013878  _enable_interrupt_                    
00013908  _errata_CORTEXR4_57_                  
00013920  _errata_CORTEXR4_66_                  
00013880  _esmCcmErrorsClear_                   
08002a4c  _ftable                               
000136cc  _getCPSRValue_                        
000136d4  _gotoCPUIdle_                         
08002e90  _lock                                 
00016759  _nassert                              
00016887  _nop                                  
000158d8  _pmuDisableCountersGlobal_            
000158c0  _pmuEnableCountersGlobal_             
00015954  _pmuGetCycleCount_                    
0001595c  _pmuGetEventCount_                    
00015968  _pmuGetOverflow_                      
0001586c  _pmuInit_                             
00015920  _pmuResetCounters_                    
000158f0  _pmuResetCycleCounter_                
00015908  _pmuResetEventCounters_               
00015948  _pmuSetCountEvent_                    
00015938  _pmuStartCounters_                    
00015940  _pmuStopCounters_                     
0001687f  _register_lock                        
00016879  _register_unlock                      
08002e84  _spiPORT                              
08002e88  _spiREG                               
08001f50  _sys_memory                           
08002e94  _unlock                               
000165d1  abort                                 
00007434  adc1ParityCheck                       
00007520  adc2ParityCheck                       
00013ba9  add_device                            
00016451  atoi                                  
ffffffff  binit                                 
0001353f  calloc                                
000075d8  can1ParityCheck                       
000076b0  can2ParityCheck                       
00007778  can3ParityCheck                       
000061f8  ccmSelfCheck                          
000088c4  ccmr4GetConfigValue                   
00006b00  checkB0RAMECC                         
00006cf0  checkB1RAMECC                         
00007de0  checkClockMonitor                     
00006ee0  checkFlashECC                         
00007ebc  checkFlashEEPROMECC                   
00008054  checkPLL1Slip                         
00008154  checkPLL2Slip                         
00008218  checkRAMAddrParity                    
00007b98  checkRAMECC                           
00008324  checkRAMUERRTest                      
00006984  checkefcSelfTest                      
00013b5b  close                                 
000004e4  clust2sect                            
0001653d  copy_in                               
000063fc  cpuSelfTest                           
00006fc4  cpuSelfTestFail                       
00006fbc  custom_dabort                         
00008d20  disableParity                         
0000c278  disk_initialize                       
0000c7d0  disk_ioctl                            
0000c538  disk_read                             
0000c50c  disk_status                           
0000cac8  disk_timerproc                        
0000c658  disk_write                            
00015e50  dmaGroupANotification                 
00007074  dmaParityCheck                        
00011f50  dwdClearFlag                          
00011e84  dwdCounterEnable                      
00011ecc  dwdGenerateSysReset                   
00011f1c  dwdGetStatus                          
00011f60  dwdGetViolationStatus                 
00011e08  dwdInit                               
00011eb0  dwdReset                              
00011e94  dwdSetPreload                         
00011e78  dwwdGetCurrentDownCounter             
00011e30  dwwdInit                              
00006828  efcCheck                              
00008828  efcGetConfigValue                     
0000695c  efcSelfTest                           
000068b0  efcStuckZeroTest                      
00008c98  enableParity                          
00008934  errata_PBIST_4                        
00012340  esmActivateNormalOperation            
00012424  esmClearStatus                        
00012470  esmClearStatusBuffer                  
00012304  esmDisableError                       
0001237c  esmDisableInterrupt                   
000122d8  esmEnableError                        
00012350  esmEnableInterrupt                    
00012570  esmEnterSelfTest                      
000122bc  esmError                              
00012648  esmGetConfigValue                     
000124ac  esmGetStatus                          
00012538  esmGetStatusBuffer                    
00015da0  esmGroup1Notification                 
00015db0  esmGroup2Notification                 
00015644  esmHighInterrupt                      
000121b4  esmInit                               
000125f8  esmSelfTestStatus                     
0001248c  esmSetCounterPreloadValue             
000123a8  esmSetInterruptLevel                  
00012330  esmTriggerErrorPinReset               
000165d9  exit                                  
000055dc  f_chmod                               
0000455c  f_close                               
00004b0c  f_closedir                            
00004cbc  f_getfree                             
000059cc  f_gets                                
000045b0  f_lseek                               
000052d0  f_mkdir                               
00003654  f_mount                               
00003720  f_open                                
000049dc  f_opendir                             
00005c54  f_printf                              
00005b40  f_putc                                
00005bbc  f_puts                                
00003ad0  f_read                                
00004b40  f_readdir                             
000056c0  f_rename                              
00004c24  f_stat                                
000043b0  f_sync                                
00004f2c  f_truncate                            
0000512c  f_unlink                              
000058e0  f_utime                               
00003eec  f_write                               
000160db  fclose                                
000166c1  feraiseexcept                         
00014734  ff_convert                            
0001485c  ff_wtoupper                           
00015b8d  fflush                                
0000848c  fmcBus1ParityCheck                    
00006a24  fmcBus2Check                          
00006a60  fmcECCcheck                           
00014e61  fopen                                 
0001507d  fputs                                 
0001327f  free                                  
00014e37  freopen                               
00016785  frexp                                 
000162cd  fseek                                 
08002950  g_psCmdTable                          
08002cbc  g_psFResultStrings                    
0000053c  get_fat                               
0000cb34  get_fattime                           
00007120  het1ParityCheck                       
00007288  het2ParityCheck                       
000071cc  htu1ParityCheck                       
00007384  htu2ParityCheck                       
00016589  ldexp                                 
00013b37  lseek                                 
000163f9  ltoa                                  
00015e64  main                                  
00013217  malloc                                
0000cca0  mapClocks                             
00013451  memalign                              
000167e7  memccpy                               
000167a9  memchr                                
00015fd7  memcpy                                
0000633c  memoryInit                            
00015dc0  memoryPort0TestFailNotification       
00015ddc  memoryPort1TestFailNotification       
00016115  memset                                
0000784c  mibspi1ParityCheck                    
00007954  mibspi3ParityCheck                    
0000e768  mibspi5GetConfigValue                 
00007a78  mibspi5ParityCheck                    
0000e734  mibspiDisableGroupNotification        
0000e640  mibspiDisableLoopback                 
0000e6ac  mibspiEnableGroupNotification         
0000e60c  mibspiEnableLoopback                  
0000e424  mibspiGetData                         
00015e28  mibspiGroupNotification               
0000e0e0  mibspiInit                            
0000e5a0  mibspiIsTransferComplete              
00015e14  mibspiNotification                    
0000e65c  mibspiPmodeSet                        
0000e318  mibspiSetData                         
0000e2f8  mibspiSetFunctional                   
0000e570  mibspiTransfer                        
0001318d  minit                                 
0000bc7c  mmcSelectSpi                          
0000fd48  muxInit                               
00013a81  open                                  
0000a88c  open_append                           
000085b4  pbistFail                             
00008638  pbistGetConfigValue                   
00006770  pbistIsTestCompleted                  
0000679c  pbistIsTestPassed                     
000067d0  pbistPortTestStatus                   
00006674  pbistRun                              
00006494  pbistSelfCheck                        
00006740  pbistStop                             
0000cc4c  periphInit                            
000168c0  phantomInterrupt                      
000101fc  pinmuxGetConfigValue                  
00000754  put_fat                               
0001518d  puts                                  
00016729  raise                                 
00013a5d  read                                  
00013341  realloc                               
000139d5  remove                                
00013a35  remove_device                         
000139f7  rename                                
00000000  resetEntry                            
000164f0  rtiCompare3Interrupt                  
00012010  rtiDisableNotification                
00011fe8  rtiEnableNotification                 
0001202c  rtiGetConfigValue                     
00011d7c  rtiGetCurrentTick                     
00011d54  rtiGetPeriod                          
00011b7c  rtiInit                               
00015df8  rtiNotification                       
00011cc8  rtiResetCounter                       
00011d2c  rtiSetPeriod                          
00011c70  rtiStartCounter                       
00011c9c  rtiStopCounter                        
00010ac4  sciDisableLoopback                    
00010b50  sciDisableNotification                
00010a90  sciEnableLoopback                     
00010ae8  sciEnableNotification                 
00010bb8  sciGetConfigValue                     
00010614  sciInit                               
00010940  sciIsIdleDetected                     
00010924  sciIsRxReady                          
000107a4  sciIsTxReady                          
00015e3c  sciNotification                       
000109b8  sciReceive                            
0001098c  sciReceiveByte                        
0001095c  sciRxError                            
000107f0  sciSend                               
000107c0  sciSendByte                           
00010720  sciSetBaudrate                        
00010700  sciSetFunctional                      
000061e8  selftestFailNotification              
0000cc0c  setupFlash                            
0000cb64  setupPLL                              
00015a65  setvbuf                               
0001660d  signal                                
08002e30  sl_priv_flag_set                      
00016331  sprintf                               
0000d484  sramGetConfigValue                    
00015c1f  sscanf                                
00008784  stcGetConfigValue                     
00006380  stcSelfCheck                          
00006fc0  stcSelfCheckFail                      
000167c9  strcat                                
0001684b  strchr                                
0001681b  strcmp                                
0001688d  strcpy                                
00016861  strlen                                
00016689  strncpy                               
00016833  strrchr                               
00014961  strtod                                
000152e5  strtol                                
00014961  strtold                               
00014b51  strtoll                               
00015759  strtoul                               
00014f09  strtoull                              
0000cec4  systemGetConfigValue                  
0000cdc8  systemInit                            
0000ce94  systemPowerDown                       
0000d2d8  tcmflashGetConfigValue                
0000cbc4  trimLPO                               
000139d5  unlink                                
0000d760  vimChannelMap                         
0000d9cc  vimDisableInterrupt                   
0000d804  vimEnableInterrupt                    
0000da78  vimGetConfigValue                     
0000d68c  vimInit                               
00006fc8  vimParityCheck                        
00013c54  vimParityErrorHandler                 
00015c0d  vsscanf                               
00013941  write                                 


GLOBAL SYMBOLS: SORTED BY Symbol Address 

address   name                                  
-------   ----                                  
00000000  __TI_static_base__                    
00000000  resetEntry                            
000004e4  clust2sect                            
0000053c  get_fat                               
00000754  put_fat                               
00000a00  __SYSMEM_SIZE                         
00003654  f_mount                               
00003720  f_open                                
00003ad0  f_read                                
00003eec  f_write                               
000043b0  f_sync                                
0000455c  f_close                               
000045b0  f_lseek                               
000049dc  f_opendir                             
00004b0c  f_closedir                            
00004b40  f_readdir                             
00004c24  f_stat                                
00004cbc  f_getfree                             
00004f2c  f_truncate                            
0000512c  f_unlink                              
000052d0  f_mkdir                               
000055dc  f_chmod                               
000056c0  f_rename                              
000058e0  f_utime                               
000059cc  f_gets                                
00005b40  f_putc                                
00005bbc  f_puts                                
00005c54  f_printf                              
000061e8  selftestFailNotification              
000061f8  ccmSelfCheck                          
0000633c  memoryInit                            
00006380  stcSelfCheck                          
000063fc  cpuSelfTest                           
00006494  pbistSelfCheck                        
00006674  pbistRun                              
00006740  pbistStop                             
00006770  pbistIsTestCompleted                  
0000679c  pbistIsTestPassed                     
000067d0  pbistPortTestStatus                   
00006828  efcCheck                              
000068b0  efcStuckZeroTest                      
0000695c  efcSelfTest                           
00006984  checkefcSelfTest                      
00006a24  fmcBus2Check                          
00006a60  fmcECCcheck                           
00006b00  checkB0RAMECC                         
00006cf0  checkB1RAMECC                         
00006ee0  checkFlashECC                         
00006fbc  custom_dabort                         
00006fc0  stcSelfCheckFail                      
00006fc4  cpuSelfTestFail                       
00006fc8  vimParityCheck                        
00007074  dmaParityCheck                        
00007120  het1ParityCheck                       
000071cc  htu1ParityCheck                       
00007288  het2ParityCheck                       
00007384  htu2ParityCheck                       
00007434  adc1ParityCheck                       
00007520  adc2ParityCheck                       
000075d8  can1ParityCheck                       
000076b0  can2ParityCheck                       
00007778  can3ParityCheck                       
0000784c  mibspi1ParityCheck                    
00007954  mibspi3ParityCheck                    
00007a78  mibspi5ParityCheck                    
00007b98  checkRAMECC                           
00007de0  checkClockMonitor                     
00007ebc  checkFlashEEPROMECC                   
00008054  checkPLL1Slip                         
00008154  checkPLL2Slip                         
00008218  checkRAMAddrParity                    
00008324  checkRAMUERRTest                      
0000848c  fmcBus1ParityCheck                    
000085b4  pbistFail                             
00008638  pbistGetConfigValue                   
00008784  stcGetConfigValue                     
00008828  efcGetConfigValue                     
000088c4  ccmr4GetConfigValue                   
00008934  errata_PBIST_4                        
00008c98  enableParity                          
00008d20  disableParity                         
00008ec4  StringFromFResult                     
00008f2c  SysTickHandler                        
00008f38  Cmd_ls                                
000091c0  Cmd_cd                                
0000934c  Cmd_pwd                               
00009370  Cmd_cat                               
000094f0  Cmd_del                               
000095b0  Cmd_init_sd                           
0000961c  Cmd_play_audio                        
0000972c  Cmd_read_firmware                     
000098dc  Cmd_set_log                           
00009a48  Cmd_log_event                         
00009b24  Cmd_set_audio                         
00009c34  Cmd_current_log                       
00009da0  Cmd_read_last_100                     
0000a014  Cmd_read_full                         
0000a2d0  Cmd_read_begining_n                   
0000a588  Cmd_read_last_n                       
0000a828  Cmd_help                              
0000a88c  open_append                           
0000a8f0  SD_Test                               
0000b977  __TI_printfi                          
0000bc7c  mmcSelectSpi                          
0000bd04  SPI_send                              
0000c278  disk_initialize                       
0000c50c  disk_status                           
0000c538  disk_read                             
0000c658  disk_write                            
0000c7d0  disk_ioctl                            
0000cac8  disk_timerproc                        
0000cb34  get_fattime                           
0000cb64  setupPLL                              
0000cbc4  trimLPO                               
0000cc0c  setupFlash                            
0000cc4c  periphInit                            
0000cca0  mapClocks                             
0000cdc8  systemInit                            
0000ce94  systemPowerDown                       
0000cec4  systemGetConfigValue                  
0000d2d8  tcmflashGetConfigValue                
0000d484  sramGetConfigValue                    
0000d68c  vimInit                               
0000d760  vimChannelMap                         
0000d804  vimEnableInterrupt                    
0000d9cc  vimDisableInterrupt                   
0000da78  vimGetConfigValue                     
0000e0e0  mibspiInit                            
0000e2f8  mibspiSetFunctional                   
0000e318  mibspiSetData                         
0000e424  mibspiGetData                         
0000e570  mibspiTransfer                        
0000e5a0  mibspiIsTransferComplete              
0000e60c  mibspiEnableLoopback                  
0000e640  mibspiDisableLoopback                 
0000e65c  mibspiPmodeSet                        
0000e6ac  mibspiEnableGroupNotification         
0000e734  mibspiDisableGroupNotification        
0000e768  mibspi5GetConfigValue                 
0000ef65  __TI_scanfi                           
0000f414  SDCardIF_Initialize                   
0000f448  SDCardIF_SetAudioFileBuffer           
0000f4c4  SDCardIF_PlayAudioFile                
0000f558  SDCardIF_SetLogFile                   
0000f610  SDCardIF_DeleteLogFile                
0000f6a8  SDCardIF_GetCurrentLogFile            
0000f758  SDCardIF_ReadFirmwareFile             
0000f814  SDCardIF_LogEvent                     
0000f924  SDCardIF_ReadEventLog                 
0000fb80  SDCardIF_Reset                        
0000fd48  muxInit                               
000101fc  pinmuxGetConfigValue                  
00010614  sciInit                               
00010700  sciSetFunctional                      
00010720  sciSetBaudrate                        
000107a4  sciIsTxReady                          
000107c0  sciSendByte                           
000107f0  sciSend                               
00010924  sciIsRxReady                          
00010940  sciIsIdleDetected                     
0001095c  sciRxError                            
0001098c  sciReceiveByte                        
000109b8  sciReceive                            
00010a90  sciEnableLoopback                     
00010ac4  sciDisableLoopback                    
00010ae8  sciEnableNotification                 
00010b50  sciDisableNotification                
00010bb8  sciGetConfigValue                     
00010d64  UARTwrite                             
00010de0  UARTgets                              
00010f14  UARTgetc                              
00010f30  UARTvprintf                           
0001143c  UARTprintf                            
0001148c  FileIF_CopyFileToBuffer               
0001166c  FileIF_IsFileAvailable                
000116d8  FileIF_CreateFile                     
00011768  FileIF_DeleteFile                     
000117a8  FileIF_GetFileSize                    
00011828  FileIF_AppendString                   
00011900  FileIF_GetNoOfLines                   
000119e0  FileIF_ReadLine                       
00011b7c  rtiInit                               
00011c70  rtiStartCounter                       
00011c9c  rtiStopCounter                        
00011cc8  rtiResetCounter                       
00011d2c  rtiSetPeriod                          
00011d54  rtiGetPeriod                          
00011d7c  rtiGetCurrentTick                     
00011e08  dwdInit                               
00011e30  dwwdInit                              
00011e78  dwwdGetCurrentDownCounter             
00011e84  dwdCounterEnable                      
00011e94  dwdSetPreload                         
00011eb0  dwdReset                              
00011ecc  dwdGenerateSysReset                   
00011ee8  IsdwdKeySequenceCorrect               
00011f1c  dwdGetStatus                          
00011f50  dwdClearFlag                          
00011f60  dwdGetViolationStatus                 
00011fe8  rtiEnableNotification                 
00012010  rtiDisableNotification                
0001202c  rtiGetConfigValue                     
000121b4  esmInit                               
000122bc  esmError                              
000122d8  esmEnableError                        
00012304  esmDisableError                       
00012330  esmTriggerErrorPinReset               
00012340  esmActivateNormalOperation            
00012350  esmEnableInterrupt                    
0001237c  esmDisableInterrupt                   
000123a8  esmSetInterruptLevel                  
00012424  esmClearStatus                        
00012470  esmClearStatusBuffer                  
0001248c  esmSetCounterPreloadValue             
000124ac  esmGetStatus                          
00012538  esmGetStatusBuffer                    
00012570  esmEnterSelfTest                      
000125f8  esmSelfTestStatus                     
00012648  esmGetConfigValue                     
0001279c  SL_ESM_Init                           
000127d0  SL_ESM_nERROR_Active                  
00012d70  SL_FLAG_SET                           
00012da0  SL_FLAG_CLEAR                         
00012dc4  SL_FLAG_GET                           
00012de4  _SL_SelfTest_SRAM_RAD                 
00012ef8  _SL_SelfTest_adcGetSingleData         
00012fb0  _SL_SelfTest_adcStartConversion_selChn
0001303c  _SL_SelfTest_adcIsConversionComplete  
000130c0  _SL_HoldNClear_nError                 
0001310c  _SL_Approximate_value                 
0001318d  minit                                 
00013217  malloc                                
0001327f  free                                  
00013341  realloc                               
00013451  memalign                              
0001353f  calloc                                
00013574  _coreInitRegisters_                   
00013680  _coreInitStackPointer_                
000136cc  _getCPSRValue_                        
000136d4  _gotoCPUIdle_                         
000136ec  _coreEnableVfp_                       
0001370c  _coreEnableEventBusExport_            
00013724  _coreDisableEventBusExport_           
0001373c  _coreEnableRamEcc_                    
00013754  _coreDisableRamEcc_                   
0001376c  _coreEnableFlashEcc_                  
00013788  _coreDisableFlashEcc_                 
000137a0  _coreEnableIrqVicOffset_              
000137b8  _coreGetDataFault_                    
000137c0  _coreClearDataFault_                  
000137d4  _coreGetInstructionFault_             
000137dc  _coreClearInstructionFault_           
000137f0  _coreGetDataFaultAddress_             
000137f8  _coreClearDataFaultAddress_           
0001380c  _coreGetInstructionFaultAddress_      
00013814  _coreClearInstructionFaultAddress_    
00013828  _coreGetAuxiliaryDataFault_           
00013830  _coreClearAuxiliaryDataFault_         
00013844  _coreGetAuxiliaryInstructionFault_    
0001384c  _coreClearAuxiliaryInstructionFault_  
00013860  _disable_interrupt_                   
00013868  _disable_FIQ_interrupt_               
00013870  _disable_IRQ_interrupt_               
00013878  _enable_interrupt_                    
00013880  _esmCcmErrorsClear_                   
00013908  _errata_CORTEXR4_57_                  
00013920  _errata_CORTEXR4_66_                  
00013938  __TI_PINIT_Base                       
0001393c  __TI_PINIT_Limit                      
00013941  write                                 
000139d5  remove                                
000139d5  unlink                                
000139f7  rename                                
00013a35  remove_device                         
00013a5d  read                                  
00013a81  open                                  
00013b37  lseek                                 
00013b5b  close                                 
00013ba9  add_device                            
00013c54  vimParityErrorHandler                 
00013f31  HOSTwrite                             
00013f7d  HOSTunlink                            
00013fb5  HOSTtime                              
00013fef  HOSTrename                            
0001404d  HOSTread                              
0001409b  HOSTopen                              
000140eb  HOSTlseek                             
00014145  HOSTgetenv                            
00014183  HOSTclose                             
000141bb  HOSTclock                             
00014200  __aeabi_uldivmod                      
000144b8  _c_int00                              
00014734  ff_convert                            
0001485c  ff_wtoupper                           
00014961  strtod                                
00014961  strtold                               
00014b51  strtoll                               
00014e0b  __TI_cleanup                          
00014e37  freopen                               
00014e61  fopen                                 
00014f09  strtoull                              
0001507d  fputs                                 
0001518d  puts                                  
000151b4  CmdLineProcess                        
000152e5  strtol                                
0001552d  _Dscale                               
00015644  esmHighInterrupt                      
00015759  strtoul                               
0001586c  _pmuInit_                             
000158c0  _pmuEnableCountersGlobal_             
000158d8  _pmuDisableCountersGlobal_            
000158f0  _pmuResetCycleCounter_                
00015908  _pmuResetEventCounters_               
00015920  _pmuResetCounters_                    
00015938  _pmuStartCounters_                    
00015940  _pmuStopCounters_                     
00015948  _pmuSetCountEvent_                    
00015954  _pmuGetCycleCount_                    
0001595c  _pmuGetEventCount_                    
00015968  _pmuGetOverflow_                      
0001597c  _dabort                               
00015a65  setvbuf                               
00015b41  __TI_doflush                          
00015b8d  fflush                                
00015c0d  vsscanf                               
00015c1f  sscanf                                
00015cd9  _Dnorm                                
00015d9f  __aeabi_idiv0                         
00015da0  esmGroup1Notification                 
00015db0  esmGroup2Notification                 
00015dc0  memoryPort0TestFailNotification       
00015ddc  memoryPort1TestFailNotification       
00015df8  rtiNotification                       
00015e14  mibspiNotification                    
00015e28  mibspiGroupNotification               
00015e3c  sciNotification                       
00015e50  dmaGroupANotification                 
00015e64  main                                  
00015f29  __TI_wrt_ok                           
00015f8d  __TI_rd_ok                            
00015fd7  __aeabi_memcpy                        
00015fd7  __aeabi_memcpy4                       
00015fd7  __aeabi_memcpy8                       
00015fd7  memcpy                                
00016075  __TI_closefile                        
000160db  fclose                                
0001610d  __aeabi_memclr                        
0001610d  __aeabi_memclr4                       
0001610d  __aeabi_memclr8                       
0001610f  __aeabi_memset                        
0001610f  __aeabi_memset4                       
0001610f  __aeabi_memset8                       
00016115  memset                                
00016189  __TI_auto_init                        
000161f5  __TI_writemsg                         
00016227  C$$IO$$                               
0001622b  __TI_readmsg                          
000162cd  fseek                                 
00016331  sprintf                               
00016395  _Dunscale                             
000163f9  ltoa                                  
00016451  atoi                                  
000164a0  __aeabi_uidiv                         
000164a0  __aeabi_uidivmod                      
000164f0  rtiCompare3Interrupt                  
0001653d  copy_in                               
00016589  ldexp                                 
000165cd  C$$EXIT                               
000165d1  abort                                 
000165d9  exit                                  
0001660d  signal                                
0001664d  _Dclass                               
00016689  strncpy                               
000166c1  feraiseexcept                         
000166f5  _Feraise                              
00016729  raise                                 
00016759  _nassert                              
0001675b  _abort_msg                            
00016771  _assert                               
00016785  frexp                                 
000167a9  memchr                                
000167c9  strcat                                
000167e7  memccpy                               
00016803  __aeabi_lmul                          
0001681b  strcmp                                
00016833  strrchr                               
0001684b  strchr                                
00016861  strlen                                
00016879  _register_unlock                      
0001687f  _register_lock                        
00016887  _nop                                  
0001688d  strcpy                                
000168a1  __TI_decompress_none                  
000168af  __TI_zero_init                        
000168bb  __TI_decompress_rle24                 
000168c0  phantomInterrupt                      
00025e30  _ctypes_                              
0002623c  __TI_Handler_Table_Base               
00026248  __TI_Handler_Table_Limit              
00026250  __TI_CINIT_Base                       
00026260  __TI_CINIT_Limit                      
08001b54  __CIOBUF_                             
08001d74  __TI_tmpnams                          
08001f50  _sys_memory                           
08002950  g_psCmdTable                          
08002a4c  _ftable                               
08002cbc  g_psFResultStrings                    
08002d5c  _Errno                                
08002d60  _Denorm                               
08002d70  _Eps                                  
08002d80  _Hugeval                              
08002d90  _Inf                                  
08002da0  _Nan                                  
08002db0  _Snan                                 
08002dc0  _Rteps                                
08002dd0  _Xbig                                 
08002dd8  _Zero                                 
08002e30  sl_priv_flag_set                      
08002e5c  __TI_ft_end                           
08002e60  __aeabi_stdin                         
08002e64  __aeabi_stdout                        
08002e68  __aeabi_stderr                        
08002e84  _spiPORT                              
08002e88  _spiREG                               
08002e90  _lock                                 
08002e94  _unlock                               
08002e98  __TI_cleanup_ptr                      
08002e9c  __TI_dtors_ptr                        
08002ea0  _Fenv                                 
08002ea4  _Tls_setup__Fenv                      
ffffffff  __binit__                             
ffffffff  __c_args__                            
ffffffff  binit                                 
UNDEFED   SHT$$INIT_ARRAY$$Base                 
UNDEFED   SHT$$INIT_ARRAY$$Limit                

[435 symbols]
