******************************************************************************
                  TI ARM Linker PC v5.2.5                      
******************************************************************************
>> Linked Mon Feb 22 20:50:56 2016

OUTPUT FILE NAME:   <sdcard_test.out>
ENTRY POINT SYMBOL: "_c_int00"  address: 00018f2c


MEMORY CONFIGURATION

         name            origin    length      used     unused   attr    fill
----------------------  --------  ---------  --------  --------  ----  --------
  VECTORS               00000000   00000020  00000020  00000000     X
  FLASH0                00000020   0013ffe0  0002a721  001158bf  R  X
  STACKS                08000000   00001500  00000000  00001500  RW  
  RAM                   08001500   0001eb00  00001b5a  0001cfa6  RW  


SEGMENT ALLOCATION MAP

run origin  load origin   length   init length attrs members
----------  ----------- ---------- ----------- ----- -------
00000000    00000000    0002a748   0002a748    r-x
  00000000    00000000    00000020   00000020    r-x .intvecs
  00000020    00000020    0001ad70   0001ad70    r-x .text
  0001ad90    0001ad90    0000f739   0000f739    r-- .const
  0002a4d0    0002a4d0    00000278   00000278    r-- .cinit
08001500    08001500    00001b60   00000000    rw-
  08001500    08001500    00000a4a   00000000    rw- .bss
  08001f50    08001f50    00000a00   00000000    rw- .sysmem
  08002950    08002950    00000588   00000000    rw- .data
  08002ed8    08002ed8    00000188   00000000    rw- LOG_DATA


SECTION ALLOCATION MAP

 output                                  attributes/
section   page    origin      length       input sections
--------  ----  ----------  ----------   ----------------
.intvecs   0    00000000    00000020     
                  00000000    00000020     sys_intvecs.obj (.intvecs)

.text      0    00000020    0001ad70     
                  00000020    000061c8     ff.obj (.text)
                  000061e8    00003ab0     sl_selftest.obj (.text)
                  00009c98    00002cdc     sys_selftest.obj (.text)
                  0000c974    00001d58     sd_card.obj (.text)
                  0000e6cc    00001060     rtsv7R4_T_be_v3D16_eabi.lib : _printfi.obj (.text)
                  0000f72c    00000ee8     mmc-test.obj (.text)
                  00010614    00000b28     system.obj (.text)
                  0001113c    00000a54     sys_vim.obj (.text)
                  00011b90    000009f8     mibspi.obj (.text)
                  00012588    0000093c     rtsv7R4_T_be_v3D16_eabi.lib : _scanfi.obj (.text)
                  00012ec4    00000934     sdcard_interface.obj (.text)
                  000137f8    000008cc     pinmux.obj (.text)
                  000140c4    00000750     sci.obj (.text)
                  00014814    00000728     uartstdio.obj (.text)
                  00014f3c    000006f0     plat_arm.obj (.text)
                  0001562c    00000638     rti.obj (.text)
                  00015c64    000005e8     esm.obj (.text)
                  0001624c    000005d4     sl_esm.obj (.text)
                  00016820    0000041c     sl_priv.obj (.text)
                  00016c3c    00000410     sys_startup.obj (.text)
                  0001704c    000003e8     rtsv7R4_T_be_v3D16_eabi.lib : memory.obj (.text)
                  00017434    000003d4     sl_init.obj (.text)
                  00017808    000003cc     sys_core.obj (.text)
                  00017bd4    00000314     rtsv7R4_T_be_v3D16_eabi.lib : lowlev.obj (.text)
                  00017ee8    000002dc     sys_vim.obj (.text:retain)
                  000181c4    000002d0     rtsv7R4_T_be_v3D16_eabi.lib : trgdrv.obj (.text)
                  00018494    000002b8                                 : ull_div32.obj (.text)
                  0001874c    0000022c     unicode.obj (.text)
                  00018978    000001f0     rtsv7R4_T_be_v3D16_eabi.lib : strtod.obj (.text)
                  00018b68    000001f0                                 : strtoll.obj (.text)
                  00018d58    000001d4     sl_asm_api.obj (.text)
                  00018f2c    000001c8     sys_startup.obj (.text:retain)
                  000190f4    000001c8     rtsv7R4_T_be_v3D16_eabi.lib : fopen.obj (.text)
                  000192bc    00000174                                 : strtoull.obj (.text)
                  00019430    00000138                                 : fputs.obj (.text)
                  00019568    00000130     cmdline.obj (.text)
                  00019698    00000130     rtsv7R4_T_be_v3D16_eabi.lib : strtol.obj (.text)
                  000197c8    00000118     sl_esm.obj (.text:retain)
                  000198e0    00000118     rtsv7R4_T_be_v3D16_eabi.lib : xdscale.obj (.text)
                  000199f8    00000114     esm.obj (.text:retain)
                  00019b0c    00000114     rtsv7R4_T_be_v3D16_eabi.lib : strtoul.obj (.text)
                  00019c20    00000110     sys_pmu.obj (.text)
                  00019d30    000000e8     dabort.obj (.text)
                  00019e18    000000dc     rtsv7R4_T_be_v3D16_eabi.lib : setvbuf.obj (.text)
                  00019ef4    000000cc                                 : fflush.obj (.text)
                  00019fc0    000000cc                                 : sscanf.obj (.text)
                  0001a08c    000000c6                                 : xdnorm.obj (.text)
                  0001a152    00000002                                 : i_div0.obj (.text)
                  0001a154    000000c4     notification.obj (.text)
                  0001a218    000000c4     sl_log.obj (.text)
                  0001a2dc    000000c4     sys_main.obj (.text)
                  0001a3a0    000000ae     rtsv7R4_T_be_v3D16_eabi.lib : _io_perm.obj (.text)
                  0001a44e    0000009c                                 : memcpy_t2.obj (.text)
                  0001a4ea    00000002     --HOLE-- [fill = 0]
                  0001a4ec    00000098                                 : fclose.obj (.text)
                  0001a584    0000007a                                 : memset_t2.obj (.text)
                  0001a5fe    00000002     --HOLE-- [fill = 0]
                  0001a600    0000006c                                 : autoinit.obj (.text)
                  0001a66c    0000006c                                 : trgmsg.obj (.text)
                  0001a6d8    0000006a                                 : copy_decompress_rle.obj (.text)
                  0001a742    00000002     --HOLE-- [fill = 0]
                  0001a744    00000064                                 : fseek.obj (.text)
                  0001a7a8    00000064                                 : sprintf.obj (.text)
                  0001a80c    00000064                                 : xdunscal.obj (.text)
                  0001a870    00000056                                 : ltoa.obj (.text)
                  0001a8c6    00000002     --HOLE-- [fill = 0]
                  0001a8c8    00000054                                 : i_div32.obj (.text)
                  0001a91c    00000050                                 : atoi.obj (.text)
                  0001a96c    00000050                                 : u_div32.obj (.text)
                  0001a9bc    0000004c     rti.obj (.text:retain)
                  0001aa08    0000004c     rtsv7R4_T_be_v3D16_eabi.lib : cpy_tbl.obj (.text)
                  0001aa54    00000044                                 : ldexp.obj (.text)
                  0001aa98    00000040                                 : exit.obj (.text)
                  0001aad8    00000040                                 : signal.obj (.text)
                  0001ab18    0000003c                                 : xdclass.obj (.text)
                  0001ab54    00000036                                 : strncpy.obj (.text)
                  0001ab8a    00000002     --HOLE-- [fill = 0]
                  0001ab8c    00000034                                 : feraiseexcept.obj (.text)
                  0001abc0    00000034                                 : xferaise.obj (.text)
                  0001abf4    0000002e                                 : raise.obj (.text)
                  0001ac22    00000002     --HOLE-- [fill = 0]
                  0001ac24    0000002c                                 : assert.obj (.text)
                  0001ac50    00000024                                 : frexp.obj (.text)
                  0001ac74    00000020                                 : memchr.obj (.text)
                  0001ac94    0000001e                                 : strcat.obj (.text)
                  0001acb2    0000001c                                 : memccpy.obj (.text)
                  0001acce    00000018                                 : ll_mul_t2.obj (.text)
                  0001ace6    00000018                                 : strcmp.obj (.text)
                  0001acfe    00000018                                 : strrchr.obj (.text)
                  0001ad16    00000016                                 : strchr.obj (.text)
                  0001ad2c    00000016                                 : strlen.obj (.text)
                  0001ad42    00000002     --HOLE-- [fill = 0]
                  0001ad44    00000014                                 : _lock.obj (.text)
                  0001ad58    00000014                                 : strcpy.obj (.text)
                  0001ad6c    0000000e                                 : copy_decompress_none.obj (.text:decompress:none)
                  0001ad7a    0000000c                                 : copy_zero_init.obj (.text:decompress:ZI)
                  0001ad86    00000006                                 : copy_decompress_rle.obj (.text:decompress:rle24)
                  0001ad8c    00000004     sys_phantom.obj (.text:retain)

.const     0    0001ad90    0000f739     
                  0001ad90    00007378     unicode.obj (.const:sjis2uni)
                  00022108    00007378     unicode.obj (.const:uni2sjis)
                  00029480    000004c0     sd_card.obj (.const:.string)
                  00029940    000003dc     unicode.obj (.const:lower$1)
                  00029d1c    000003dc     unicode.obj (.const:upper$2)
                  0002a0f8    00000200     sys_vim.obj (.const:s_vim_init)
                  0002a2f8    00000101     rtsv7R4_T_be_v3D16_eabi.lib : ctype.obj (.const:.string:_ctypes_)
                  0002a3f9    00000003     --HOLE-- [fill = 0]
                  0002a3fc    00000004     uartstdio.obj (.const)
                  0002a400    00000098     rtsv7R4_T_be_v3D16_eabi.lib : strtod.obj (.const)
                  0002a498    00000014     uartstdio.obj (.const:.string)
                  0002a4ac    00000010     rtsv7R4_T_be_v3D16_eabi.lib : _scanfi.obj (.const)
                  0002a4bc    0000000d     ff.obj (.const:.string)

.cinit     0    0002a4d0    00000278     
                  0002a4d0    00000233     (.cinit..data.load) [load image, compression = rle]
                  0002a703    00000005     --HOLE-- [fill = 0]
                  0002a708    00000012     (.cinit.LOG_DATA.load) [load image, compression = rle]
                  0002a71a    00000002     --HOLE-- [fill = 0]
                  0002a71c    0000000c     (__TI_handler_table)
                  0002a728    00000008     (.cinit..bss.load) [load image, compression = zero_init]
                  0002a730    00000018     (__TI_cinit_table)

.bss       0    08001500    00000a4a     UNINITIALIZED
                  08001500    00000230     sd_card.obj (.bss:g_sFatFs)
                  08001730    00000224     sd_card.obj (.bss:g_sFileObject)
                  08001954    00000200     ff.obj (.bss:LfnBuf)
                  08001b54    00000120     rtsv7R4_T_be_v3D16_eabi.lib : trgmsg.obj (.bss:__CIOBUF_)
                  08001c74    00000100     sdcard_interface.obj (.bss:event_log_file)
                  08001d74    000000a0     rtsv7R4_T_be_v3D16_eabi.lib : defs.obj (.bss:__TI_tmpnams)
                  08001e14    00000050     sd_card.obj (.bss:g_pcTmpBuf)
                  08001e64    00000040     sd_card.obj (.bss:g_pcCmdBuf)
                  08001ea4    00000028     sci.obj (.bss:g_sciTransfer_t)
                  08001ecc    00000024     cmdline.obj (.bss:g_ppcArgv)
                  08001ef0    00000024     sd_card.obj (.bss:g_sDirObject)
                  08001f14    00000020     (.common:g_sFileInfo)
                  08001f34    00000008     (.common:parmbuf)
                  08001f3c    00000004     (.common:ESM_AppCallback)
                  08001f40    00000004     (.common:FatFs)
                  08001f44    00000002     (.common:Fsid)
                  08001f46    00000001     (.common:CardType)
                  08001f47    00000001     (.common:Timer1)
                  08001f48    00000001     (.common:Timer2)
                  08001f49    00000001     (.common:resetReason)

.TI.noinit 
*          0    08001500    00000000     UNINITIALIZED

.sysmem    0    08001f50    00000a00     UNINITIALIZED
                  08001f50    00000008     rtsv7R4_T_be_v3D16_eabi.lib : memory.obj (.sysmem)
                  08001f58    000009f8     --HOLE--

.data      0    08002950    00000588     UNINITIALIZED
                  08002950    000000fc     sd_card.obj (.data:g_psCmdTable)
                  08002a4c    000000f0     rtsv7R4_T_be_v3D16_eabi.lib : defs.obj (.data:_ftable)
                  08002b3c    000000d0                                 : lowlev.obj (.data)
                  08002c0c    000000b0                                 : signal.obj (.data:sigtable)
                  08002cbc    000000a0     sd_card.obj (.data:g_psFResultStrings)
                  08002d5c    00000004     rtsv7R4_T_be_v3D16_eabi.lib : errno.obj (.data)
                  08002d60    00000080                                 : xvalues.obj (.data)
                  08002de0    00000050     sd_card.obj (.data:g_pcCwdBuf)
                  08002e30    0000002c     sl_priv.obj (.data:sl_priv_flag_set)
                  08002e5c    00000004     rtsv7R4_T_be_v3D16_eabi.lib : fopen.obj (.data)
                  08002e60    00000020     sl_selftest.obj (.data)
                  08002e80    00000010     rtsv7R4_T_be_v3D16_eabi.lib : defs.obj (.data)
                  08002e90    0000000c                                 : memory.obj (.data)
                  08002e9c    0000000c     sdcard_interface.obj (.data)
                  08002ea8    0000000a     mmc-test.obj (.data)
                  08002eb2    00000001     uartstdio.obj (.data)
                  08002eb3    00000001     --HOLE--
                  08002eb4    00000008     rtsv7R4_T_be_v3D16_eabi.lib : _lock.obj (.data)
                  08002ebc    00000008                                 : exit.obj (.data)
                  08002ec4    00000008                                 : feraiseexcept.obj (.data)
                  08002ecc    00000005     sd_card.obj (.data)
                  08002ed1    00000003     --HOLE--
                  08002ed4    00000004     sl_esm.obj (.data)

.TI.persistent 
*          0    08002950    00000000     UNINITIALIZED

LOG_DATA   0    08002ed8    00000188     UNINITIALIZED
                  08002ed8    00000180     sl_log.obj (LOG_DATA:uninit)
                  08003058    00000008     sl_log.obj (LOG_DATA:init)


LINKER GENERATED COPY TABLES

__TI_cinit_table @ 0002a730 records: 3, size/record: 8, table size: 24
	.data: load addr=0002a4d0, load size=00000233 bytes, run addr=08002950, run size=00000588 bytes, compression=rle
	LOG_DATA: load addr=0002a708, load size=00000012 bytes, run addr=08002ed8, run size=00000188 bytes, compression=rle
	.bss: load addr=0002a728, load size=00000008 bytes, run addr=08001500, run size=00000a4a bytes, compression=zero_init


LINKER GENERATED HANDLER TABLE

__TI_handler_table @ 0002a71c records: 3, size/record: 4, table size: 12
	index: 0, handler: __TI_zero_init
	index: 1, handler: __TI_decompress_rle24
	index: 2, handler: __TI_decompress_none


GLOBAL SYMBOLS: SORTED ALPHABETICALLY BY Name 

address   name                                  
-------   ----                                  
0001aa99  C$$EXIT                               
0001a69f  C$$IO$$                               
00019568  CmdLineProcess                        
0000ce20  Cmd_cat                               
0000cc70  Cmd_cd                                
0000d6e4  Cmd_current_log                       
0000cfa0  Cmd_del                               
0000e2d8  Cmd_help                              
0000d060  Cmd_init_sd                           
0000d4f8  Cmd_log_event                         
0000c9e8  Cmd_ls                                
0000d0cc  Cmd_play_audio                        
0000cdfc  Cmd_pwd                               
0000dd80  Cmd_read_begining_n                   
0000d1dc  Cmd_read_firmware                     
0000dac4  Cmd_read_full                         
0000d850  Cmd_read_last_100                     
0000e038  Cmd_read_last_n                       
0000d5d4  Cmd_set_audio                         
0000d38c  Cmd_set_log                           
000152d8  FileIF_AppendString                   
00014f3c  FileIF_CopyFileToBuffer               
00015188  FileIF_CreateFile                     
00015218  FileIF_DeleteFile                     
00015258  FileIF_GetFileSize                    
000153b0  FileIF_GetNoOfLines                   
0001511c  FileIF_IsFileAvailable                
00015490  FileIF_ReadLine                       
0001844f  HOSTclock                             
00018417  HOSTclose                             
000183d9  HOSTgetenv                            
0001837f  HOSTlseek                             
0001832f  HOSTopen                              
000182e1  HOSTread                              
00018283  HOSTrename                            
00018249  HOSTtime                              
00018211  HOSTunlink                            
000181c5  HOSTwrite                             
00015998  IsdwdKeySequenceCorrect               
000130c0  SDCardIF_DeleteLogFile                
00013158  SDCardIF_GetCurrentLogFile            
00012ec4  SDCardIF_Initialize                   
000132c4  SDCardIF_LogEvent                     
00012f74  SDCardIF_PlayAudioFile                
000133d4  SDCardIF_ReadEventLog                 
00013208  SDCardIF_ReadFirmwareFile             
00013630  SDCardIF_Reset                        
00012ef8  SDCardIF_SetAudioFileBuffer           
00013008  SDCardIF_SetLogFile                   
0000e3a0  SD_Test                               
UNDEFED   SHT$$INIT_ARRAY$$Base                 
UNDEFED   SHT$$INIT_ARRAY$$Limit                
0001624c  SL_ESM_Init                           
00016280  SL_ESM_nERROR_Active                  
00016850  SL_FLAG_CLEAR                         
00016874  SL_FLAG_GET                           
00016820  SL_FLAG_SET                           
00017538  SL_Init_ECCFlash                      
00017434  SL_Init_ECCTCMRAM                     
00017600  SL_Init_Memory                        
00018e04  SL_Init_R4Registers                   
00017678  SL_Init_ResetReason                   
0001776c  SL_Init_ResetReason_XInfo             
0001a218  SL_Log_Error                          
00009b7c  SL_SelfTestL2L3Interconnect           
00009510  SL_SelfTest_ADC                       
00008cd0  SL_SelfTest_CCMR4F                    
000089c8  SL_SelfTest_EFuse                     
00007630  SL_SelfTest_FEE                       
00006d9c  SL_SelfTest_Flash                     
00007eb8  SL_SelfTest_PBIST                     
0000823c  SL_SelfTest_PBIST_StopExec            
00008550  SL_SelfTest_PSCON                     
000061f0  SL_SelfTest_SRAM                      
00008268  SL_SelfTest_STC                       
0000905c  SL_SelfTest_Status_CCMR4F             
00008bf0  SL_SelfTest_Status_EFuse              
00008090  SL_SelfTest_Status_PBIST              
00008900  SL_SelfTest_Status_PSCON              
000083f8  SL_SelfTest_Status_STC                
00008210  SL_SelfTest_WaitCompletion_PBIST      
000091dc  SL_adcCalibration                     
0000f7b4  SPI_send                              
0000c974  StringFromFResult                     
0000c9dc  SysTickHandler                        
000149c4  UARTgetc                              
00014890  UARTgets                              
00014eec  UARTprintf                            
000149e0  UARTvprintf                           
00014814  UARTwrite                             
0001ab19  _Dclass                               
08002d60  _Denorm                               
0001a08d  _Dnorm                                
000198e1  _Dscale                               
0001a80d  _Dunscale                             
08002d70  _Eps                                  
08002d5c  _Errno                                
08002ec4  _Fenv                                 
0001abc1  _Feraise                              
08002d80  _Hugeval                              
08002d90  _Inf                                  
08002da0  _Nan                                  
08002dc0  _Rteps                                
00016bbc  _SL_Approximate_value                 
00018f20  _SL_Barrier_Data_Access               
00018da8  _SL_Disable_IRQ                       
00018de8  _SL_Get_ARM_Mode                      
00018dfc  _SL_Get_DataFault_Address             
00018df4  _SL_Get_DataFault_Status              
00016b70  _SL_HoldNClear_nError                 
00018d58  _SL_Init_ECCFlash                     
00018d8c  _SL_Init_ECCTCMRAM                    
00018d74  _SL_Init_EnableEventExport            
00018f18  _SL_Kickoff_STC_execution             
08002ed8  _SL_Log_Error_Buffer                  
0800305c  _SL_Log_Error_Index                   
00018dc8  _SL_Restore_IRQ                       
00016894  _SL_SelfTest_SRAM_RAD                 
000169a8  _SL_SelfTest_adcGetSingleData         
00016aec  _SL_SelfTest_adcIsConversionComplete  
00016a60  _SL_SelfTest_adcStartConversion_selChn
08002db0  _Snan                                 
08002ec8  _Tls_setup__Fenv                      
08002dd0  _Xbig                                 
08002dd8  _Zero                                 
08001b54  __CIOBUF_                             
00000a00  __SYSMEM_SIZE                         
0002a730  __TI_CINIT_Base                       
0002a748  __TI_CINIT_Limit                      
0002a71c  __TI_Handler_Table_Base               
0002a728  __TI_Handler_Table_Limit              
00017bcc  __TI_PINIT_Base                       
00017bd0  __TI_PINIT_Limit                      
0001a601  __TI_auto_init                        
000191bf  __TI_cleanup                          
08002ebc  __TI_cleanup_ptr                      
0001a4ed  __TI_closefile                        
0001ad6d  __TI_decompress_none                  
0001ad87  __TI_decompress_rle24                 
00019ef5  __TI_doflush                          
08002ec0  __TI_dtors_ptr                        
08002e80  __TI_ft_end                           
0000f427  __TI_printfi                          
0001a405  __TI_rd_ok                            
0001a6a3  __TI_readmsg                          
00012a15  __TI_scanfi                           
00000000  __TI_static_base__                    
08001d74  __TI_tmpnams                          
0001a66d  __TI_writemsg                         
0001a3a1  __TI_wrt_ok                           
0001ad7b  __TI_zero_init                        
0001a8c8  __aeabi_idiv                          
0001a153  __aeabi_idiv0                         
0001a8c8  __aeabi_idivmod                       
0001accf  __aeabi_lmul                          
0001a585  __aeabi_memclr                        
0001a585  __aeabi_memclr4                       
0001a585  __aeabi_memclr8                       
0001a44f  __aeabi_memcpy                        
0001a44f  __aeabi_memcpy4                       
0001a44f  __aeabi_memcpy8                       
0001a587  __aeabi_memset                        
0001a587  __aeabi_memset4                       
0001a587  __aeabi_memset8                       
08002e8c  __aeabi_stderr                        
08002e84  __aeabi_stdin                         
08002e88  __aeabi_stdout                        
0001a96c  __aeabi_uidiv                         
0001a96c  __aeabi_uidivmod                      
00018494  __aeabi_uldivmod                      
ffffffff  __binit__                             
ffffffff  __c_args__                            
0001ac27  _abort_msg                            
0001ac3d  _assert                               
00018f2c  _c_int00                              
00017ac4  _coreClearAuxiliaryDataFault_         
00017ae0  _coreClearAuxiliaryInstructionFault_  
00017a8c  _coreClearDataFaultAddress_           
00017a54  _coreClearDataFault_                  
00017aa8  _coreClearInstructionFaultAddress_    
00017a70  _coreClearInstructionFault_           
000179b8  _coreDisableEventBusExport_           
00017a1c  _coreDisableFlashEcc_                 
000179e8  _coreDisableRamEcc_                   
000179a0  _coreEnableEventBusExport_            
00017a00  _coreEnableFlashEcc_                  
00017a34  _coreEnableIrqVicOffset_              
000179d0  _coreEnableRamEcc_                    
00017980  _coreEnableVfp_                       
00017abc  _coreGetAuxiliaryDataFault_           
00017ad8  _coreGetAuxiliaryInstructionFault_    
00017a84  _coreGetDataFaultAddress_             
00017a4c  _coreGetDataFault_                    
00017aa0  _coreGetInstructionFaultAddress_      
00017a68  _coreGetInstructionFault_             
00017808  _coreInitRegisters_                   
00017914  _coreInitStackPointer_                
0002a2f8  _ctypes_                              
00019d30  _dabort                               
00017afc  _disable_FIQ_interrupt_               
00017b04  _disable_IRQ_interrupt_               
00017af4  _disable_interrupt_                   
00017b0c  _enable_interrupt_                    
00017b9c  _errata_CORTEXR4_57_                  
00017bb4  _errata_CORTEXR4_66_                  
00017b14  _esmCcmErrorsClear_                   
08002a4c  _ftable                               
00017960  _getCPSRValue_                        
00017968  _gotoCPUIdle_                         
08002eb4  _lock                                 
0001ac25  _nassert                              
0001ad53  _nop                                  
00019c8c  _pmuDisableCountersGlobal_            
00019c74  _pmuEnableCountersGlobal_             
00019d08  _pmuGetCycleCount_                    
00019d10  _pmuGetEventCount_                    
00019d1c  _pmuGetOverflow_                      
00019c20  _pmuInit_                             
00019cd4  _pmuResetCounters_                    
00019ca4  _pmuResetCycleCounter_                
00019cbc  _pmuResetEventCounters_               
00019cfc  _pmuSetCountEvent_                    
00019cec  _pmuStartCounters_                    
00019cf4  _pmuStopCounters_                     
0001ad4b  _register_lock                        
0001ad45  _register_unlock                      
08002ea8  _spiPORT                              
08002eac  _spiREG                               
08001f50  _sys_memory                           
08002eb8  _unlock                               
0001aa9d  abort                                 
0000aee4  adc1ParityCheck                       
0000afd0  adc2ParityCheck                       
00017e3d  add_device                            
00016c3c  afterSTC                              
0001a91d  atoi                                  
ffffffff  binit                                 
000173ff  calloc                                
0000b088  can1ParityCheck                       
0000b160  can2ParityCheck                       
0000b228  can3ParityCheck                       
00009ca8  ccmSelfCheck                          
0000c374  ccmr4GetConfigValue                   
0000a5b0  checkB0RAMECC                         
0000a7a0  checkB1RAMECC                         
0000b890  checkClockMonitor                     
0000a990  checkFlashECC                         
0000b96c  checkFlashEEPROMECC                   
0000bb04  checkPLL1Slip                         
0000bc04  checkPLL2Slip                         
0000bcc8  checkRAMAddrParity                    
0000b648  checkRAMECC                           
0000bdd4  checkRAMUERRTest                      
0000a434  checkefcSelfTest                      
00017def  close                                 
000004e4  clust2sect                            
0001aa09  copy_in                               
00009eac  cpuSelfTest                           
0000aa74  cpuSelfTestFail                       
0000aa6c  custom_dabort                         
0000c7d0  disableParity                         
0000fd28  disk_initialize                       
00010280  disk_ioctl                            
0000ffe8  disk_read                             
0000ffbc  disk_status                           
00010578  disk_timerproc                        
00010108  disk_write                            
0001a204  dmaGroupANotification                 
0000ab24  dmaParityCheck                        
00015a00  dwdClearFlag                          
00015934  dwdCounterEnable                      
0001597c  dwdGenerateSysReset                   
000159cc  dwdGetStatus                          
00015a10  dwdGetViolationStatus                 
000158b8  dwdInit                               
00015960  dwdReset                              
00015944  dwdSetPreload                         
00015928  dwwdGetCurrentDownCounter             
000158e0  dwwdInit                              
0000a2d8  efcCheck                              
0000c2d8  efcGetConfigValue                     
0000a40c  efcSelfTest                           
0000a360  efcStuckZeroTest                      
0000c748  enableParity                          
0000c3e4  errata_PBIST_4                        
00015df0  esmActivateNormalOperation            
00017020  esmCallBackFunction                   
00015ed4  esmClearStatus                        
00015f20  esmClearStatusBuffer                  
00015db4  esmDisableError                       
00015e2c  esmDisableInterrupt                   
00015d88  esmEnableError                        
00015e00  esmEnableInterrupt                    
00016020  esmEnterSelfTest                      
00015d6c  esmError                              
000160f8  esmGetConfigValue                     
00015f5c  esmGetStatus                          
00015fe8  esmGetStatusBuffer                    
0001a154  esmGroup1Notification                 
0001a164  esmGroup2Notification                 
000199f8  esmHighInterrupt                      
00015c64  esmInit                               
000160a8  esmSelfTestStatus                     
00015f3c  esmSetCounterPreloadValue             
00015e58  esmSetInterruptLevel                  
00015de0  esmTriggerErrorPinReset               
0001aaa5  exit                                  
000055dc  f_chmod                               
0000455c  f_close                               
00004b0c  f_closedir                            
00004cbc  f_getfree                             
000059cc  f_gets                                
000045b0  f_lseek                               
000052d0  f_mkdir                               
00003654  f_mount                               
00003720  f_open                                
000049dc  f_opendir                             
00005c54  f_printf                              
00005b40  f_putc                                
00005bbc  f_puts                                
00003ad0  f_read                                
00004b40  f_readdir                             
000056c0  f_rename                              
00004c24  f_stat                                
000043b0  f_sync                                
00004f2c  f_truncate                            
0000512c  f_unlink                              
000058e0  f_utime                               
00003eec  f_write                               
0001a553  fclose                                
0001ab8d  feraiseexcept                         
0001874c  ff_convert                            
00018874  ff_wtoupper                           
00019f41  fflush                                
0000bf3c  fmcBus1ParityCheck                    
0000a4d4  fmcBus2Check                          
0000a510  fmcECCcheck                           
00019215  fopen                                 
00019431  fputs                                 
0001713f  free                                  
000191eb  freopen                               
0001ac51  frexp                                 
0001a745  fseek                                 
08002950  g_psCmdTable                          
08002cbc  g_psFResultStrings                    
0000053c  get_fat                               
000105e4  get_fattime                           
0000abd0  het1ParityCheck                       
0000ad38  het2ParityCheck                       
0000ac7c  htu1ParityCheck                       
0000ae34  htu2ParityCheck                       
0001aa55  ldexp                                 
00017dcb  lseek                                 
0001a871  ltoa                                  
0001a2dc  main                                  
000170d7  malloc                                
00010750  mapClocks                             
00017311  memalign                              
0001acb3  memccpy                               
0001ac75  memchr                                
0001a44f  memcpy                                
00009dec  memoryInit                            
0001a174  memoryPort0TestFailNotification       
0001a190  memoryPort1TestFailNotification       
0001a58d  memset                                
0000b2fc  mibspi1ParityCheck                    
0000b404  mibspi3ParityCheck                    
00012218  mibspi5GetConfigValue                 
0000b528  mibspi5ParityCheck                    
000121e4  mibspiDisableGroupNotification        
000120f0  mibspiDisableLoopback                 
0001215c  mibspiEnableGroupNotification         
000120bc  mibspiEnableLoopback                  
00011ed4  mibspiGetData                         
0001a1dc  mibspiGroupNotification               
00011b90  mibspiInit                            
00012050  mibspiIsTransferComplete              
0001a1c8  mibspiNotification                    
0001210c  mibspiPmodeSet                        
00011dc8  mibspiSetData                         
00011da8  mibspiSetFunctional                   
00012020  mibspiTransfer                        
0001704d  minit                                 
0000f72c  mmcSelectSpi                          
000137f8  muxInit                               
00017d15  open                                  
0000e33c  open_append                           
0000c064  pbistFail                             
0000c0e8  pbistGetConfigValue                   
0000a220  pbistIsTestCompleted                  
0000a24c  pbistIsTestPassed                     
0000a280  pbistPortTestStatus                   
0000a124  pbistRun                              
00009f44  pbistSelfCheck                        
0000a1f0  pbistStop                             
000106fc  periphInit                            
0001ad8c  phantomInterrupt                      
00013cac  pinmuxGetConfigValue                  
00000754  put_fat                               
00019541  puts                                  
0001abf5  raise                                 
00017cf1  read                                  
00017201  realloc                               
00017c69  remove                                
00017cc9  remove_device                         
00017c8b  rename                                
00000000  resetEntry                            
08001f49  resetReason                           
0001a9bc  rtiCompare3Interrupt                  
00015ac0  rtiDisableNotification                
00015a98  rtiEnableNotification                 
00015adc  rtiGetConfigValue                     
0001582c  rtiGetCurrentTick                     
00015804  rtiGetPeriod                          
0001562c  rtiInit                               
0001a1ac  rtiNotification                       
00015778  rtiResetCounter                       
000157dc  rtiSetPeriod                          
00015720  rtiStartCounter                       
0001574c  rtiStopCounter                        
00014574  sciDisableLoopback                    
00014600  sciDisableNotification                
00014540  sciEnableLoopback                     
00014598  sciEnableNotification                 
00014668  sciGetConfigValue                     
000140c4  sciInit                               
000143f0  sciIsIdleDetected                     
000143d4  sciIsRxReady                          
00014254  sciIsTxReady                          
0001a1f0  sciNotification                       
00014468  sciReceive                            
0001443c  sciReceiveByte                        
0001440c  sciRxError                            
000142a0  sciSend                               
00014270  sciSendByte                           
000141d0  sciSetBaudrate                        
000141b0  sciSetFunctional                      
00009c98  selftestFailNotification              
000106bc  setupFlash                            
00010614  setupPLL                              
00019e19  setvbuf                               
0001aad9  signal                                
08002e30  sl_priv_flag_set                      
0001a7a9  sprintf                               
08002e60  sramEccTestBuff                       
00010f34  sramGetConfigValue                    
00019fd3  sscanf                                
0000c234  stcGetConfigValue                     
00009e30  stcSelfCheck                          
0000aa70  stcSelfCheckFail                      
0001ac95  strcat                                
0001ad17  strchr                                
0001ace7  strcmp                                
0001ad59  strcpy                                
0001ad2d  strlen                                
0001ab55  strncpy                               
0001acff  strrchr                               
00018979  strtod                                
00019699  strtol                                
00018979  strtold                               
00018b69  strtoll                               
00019b0d  strtoul                               
000192bd  strtoull                              
00010974  systemGetConfigValue                  
00010878  systemInit                            
00010944  systemPowerDown                       
00010d88  tcmflashGetConfigValue                
00010674  trimLPO                               
08003060  ulLOGEndAddr                          
08002ed8  ulLOGStartAddr                        
00017c69  unlink                                
00011210  vimChannelMap                         
0001147c  vimDisableInterrupt                   
000112b4  vimEnableInterrupt                    
00011528  vimGetConfigValue                     
0001113c  vimInit                               
0000aa78  vimParityCheck                        
00017ee8  vimParityErrorHandler                 
00019fc1  vsscanf                               
00017bd5  write                                 


GLOBAL SYMBOLS: SORTED BY Symbol Address 

address   name                                  
-------   ----                                  
00000000  __TI_static_base__                    
00000000  resetEntry                            
000004e4  clust2sect                            
0000053c  get_fat                               
00000754  put_fat                               
00000a00  __SYSMEM_SIZE                         
00003654  f_mount                               
00003720  f_open                                
00003ad0  f_read                                
00003eec  f_write                               
000043b0  f_sync                                
0000455c  f_close                               
000045b0  f_lseek                               
000049dc  f_opendir                             
00004b0c  f_closedir                            
00004b40  f_readdir                             
00004c24  f_stat                                
00004cbc  f_getfree                             
00004f2c  f_truncate                            
0000512c  f_unlink                              
000052d0  f_mkdir                               
000055dc  f_chmod                               
000056c0  f_rename                              
000058e0  f_utime                               
000059cc  f_gets                                
00005b40  f_putc                                
00005bbc  f_puts                                
00005c54  f_printf                              
000061f0  SL_SelfTest_SRAM                      
00006d9c  SL_SelfTest_Flash                     
00007630  SL_SelfTest_FEE                       
00007eb8  SL_SelfTest_PBIST                     
00008090  SL_SelfTest_Status_PBIST              
00008210  SL_SelfTest_WaitCompletion_PBIST      
0000823c  SL_SelfTest_PBIST_StopExec            
00008268  SL_SelfTest_STC                       
000083f8  SL_SelfTest_Status_STC                
00008550  SL_SelfTest_PSCON                     
00008900  SL_SelfTest_Status_PSCON              
000089c8  SL_SelfTest_EFuse                     
00008bf0  SL_SelfTest_Status_EFuse              
00008cd0  SL_SelfTest_CCMR4F                    
0000905c  SL_SelfTest_Status_CCMR4F             
000091dc  SL_adcCalibration                     
00009510  SL_SelfTest_ADC                       
00009b7c  SL_SelfTestL2L3Interconnect           
00009c98  selftestFailNotification              
00009ca8  ccmSelfCheck                          
00009dec  memoryInit                            
00009e30  stcSelfCheck                          
00009eac  cpuSelfTest                           
00009f44  pbistSelfCheck                        
0000a124  pbistRun                              
0000a1f0  pbistStop                             
0000a220  pbistIsTestCompleted                  
0000a24c  pbistIsTestPassed                     
0000a280  pbistPortTestStatus                   
0000a2d8  efcCheck                              
0000a360  efcStuckZeroTest                      
0000a40c  efcSelfTest                           
0000a434  checkefcSelfTest                      
0000a4d4  fmcBus2Check                          
0000a510  fmcECCcheck                           
0000a5b0  checkB0RAMECC                         
0000a7a0  checkB1RAMECC                         
0000a990  checkFlashECC                         
0000aa6c  custom_dabort                         
0000aa70  stcSelfCheckFail                      
0000aa74  cpuSelfTestFail                       
0000aa78  vimParityCheck                        
0000ab24  dmaParityCheck                        
0000abd0  het1ParityCheck                       
0000ac7c  htu1ParityCheck                       
0000ad38  het2ParityCheck                       
0000ae34  htu2ParityCheck                       
0000aee4  adc1ParityCheck                       
0000afd0  adc2ParityCheck                       
0000b088  can1ParityCheck                       
0000b160  can2ParityCheck                       
0000b228  can3ParityCheck                       
0000b2fc  mibspi1ParityCheck                    
0000b404  mibspi3ParityCheck                    
0000b528  mibspi5ParityCheck                    
0000b648  checkRAMECC                           
0000b890  checkClockMonitor                     
0000b96c  checkFlashEEPROMECC                   
0000bb04  checkPLL1Slip                         
0000bc04  checkPLL2Slip                         
0000bcc8  checkRAMAddrParity                    
0000bdd4  checkRAMUERRTest                      
0000bf3c  fmcBus1ParityCheck                    
0000c064  pbistFail                             
0000c0e8  pbistGetConfigValue                   
0000c234  stcGetConfigValue                     
0000c2d8  efcGetConfigValue                     
0000c374  ccmr4GetConfigValue                   
0000c3e4  errata_PBIST_4                        
0000c748  enableParity                          
0000c7d0  disableParity                         
0000c974  StringFromFResult                     
0000c9dc  SysTickHandler                        
0000c9e8  Cmd_ls                                
0000cc70  Cmd_cd                                
0000cdfc  Cmd_pwd                               
0000ce20  Cmd_cat                               
0000cfa0  Cmd_del                               
0000d060  Cmd_init_sd                           
0000d0cc  Cmd_play_audio                        
0000d1dc  Cmd_read_firmware                     
0000d38c  Cmd_set_log                           
0000d4f8  Cmd_log_event                         
0000d5d4  Cmd_set_audio                         
0000d6e4  Cmd_current_log                       
0000d850  Cmd_read_last_100                     
0000dac4  Cmd_read_full                         
0000dd80  Cmd_read_begining_n                   
0000e038  Cmd_read_last_n                       
0000e2d8  Cmd_help                              
0000e33c  open_append                           
0000e3a0  SD_Test                               
0000f427  __TI_printfi                          
0000f72c  mmcSelectSpi                          
0000f7b4  SPI_send                              
0000fd28  disk_initialize                       
0000ffbc  disk_status                           
0000ffe8  disk_read                             
00010108  disk_write                            
00010280  disk_ioctl                            
00010578  disk_timerproc                        
000105e4  get_fattime                           
00010614  setupPLL                              
00010674  trimLPO                               
000106bc  setupFlash                            
000106fc  periphInit                            
00010750  mapClocks                             
00010878  systemInit                            
00010944  systemPowerDown                       
00010974  systemGetConfigValue                  
00010d88  tcmflashGetConfigValue                
00010f34  sramGetConfigValue                    
0001113c  vimInit                               
00011210  vimChannelMap                         
000112b4  vimEnableInterrupt                    
0001147c  vimDisableInterrupt                   
00011528  vimGetConfigValue                     
00011b90  mibspiInit                            
00011da8  mibspiSetFunctional                   
00011dc8  mibspiSetData                         
00011ed4  mibspiGetData                         
00012020  mibspiTransfer                        
00012050  mibspiIsTransferComplete              
000120bc  mibspiEnableLoopback                  
000120f0  mibspiDisableLoopback                 
0001210c  mibspiPmodeSet                        
0001215c  mibspiEnableGroupNotification         
000121e4  mibspiDisableGroupNotification        
00012218  mibspi5GetConfigValue                 
00012a15  __TI_scanfi                           
00012ec4  SDCardIF_Initialize                   
00012ef8  SDCardIF_SetAudioFileBuffer           
00012f74  SDCardIF_PlayAudioFile                
00013008  SDCardIF_SetLogFile                   
000130c0  SDCardIF_DeleteLogFile                
00013158  SDCardIF_GetCurrentLogFile            
00013208  SDCardIF_ReadFirmwareFile             
000132c4  SDCardIF_LogEvent                     
000133d4  SDCardIF_ReadEventLog                 
00013630  SDCardIF_Reset                        
000137f8  muxInit                               
00013cac  pinmuxGetConfigValue                  
000140c4  sciInit                               
000141b0  sciSetFunctional                      
000141d0  sciSetBaudrate                        
00014254  sciIsTxReady                          
00014270  sciSendByte                           
000142a0  sciSend                               
000143d4  sciIsRxReady                          
000143f0  sciIsIdleDetected                     
0001440c  sciRxError                            
0001443c  sciReceiveByte                        
00014468  sciReceive                            
00014540  sciEnableLoopback                     
00014574  sciDisableLoopback                    
00014598  sciEnableNotification                 
00014600  sciDisableNotification                
00014668  sciGetConfigValue                     
00014814  UARTwrite                             
00014890  UARTgets                              
000149c4  UARTgetc                              
000149e0  UARTvprintf                           
00014eec  UARTprintf                            
00014f3c  FileIF_CopyFileToBuffer               
0001511c  FileIF_IsFileAvailable                
00015188  FileIF_CreateFile                     
00015218  FileIF_DeleteFile                     
00015258  FileIF_GetFileSize                    
000152d8  FileIF_AppendString                   
000153b0  FileIF_GetNoOfLines                   
00015490  FileIF_ReadLine                       
0001562c  rtiInit                               
00015720  rtiStartCounter                       
0001574c  rtiStopCounter                        
00015778  rtiResetCounter                       
000157dc  rtiSetPeriod                          
00015804  rtiGetPeriod                          
0001582c  rtiGetCurrentTick                     
000158b8  dwdInit                               
000158e0  dwwdInit                              
00015928  dwwdGetCurrentDownCounter             
00015934  dwdCounterEnable                      
00015944  dwdSetPreload                         
00015960  dwdReset                              
0001597c  dwdGenerateSysReset                   
00015998  IsdwdKeySequenceCorrect               
000159cc  dwdGetStatus                          
00015a00  dwdClearFlag                          
00015a10  dwdGetViolationStatus                 
00015a98  rtiEnableNotification                 
00015ac0  rtiDisableNotification                
00015adc  rtiGetConfigValue                     
00015c64  esmInit                               
00015d6c  esmError                              
00015d88  esmEnableError                        
00015db4  esmDisableError                       
00015de0  esmTriggerErrorPinReset               
00015df0  esmActivateNormalOperation            
00015e00  esmEnableInterrupt                    
00015e2c  esmDisableInterrupt                   
00015e58  esmSetInterruptLevel                  
00015ed4  esmClearStatus                        
00015f20  esmClearStatusBuffer                  
00015f3c  esmSetCounterPreloadValue             
00015f5c  esmGetStatus                          
00015fe8  esmGetStatusBuffer                    
00016020  esmEnterSelfTest                      
000160a8  esmSelfTestStatus                     
000160f8  esmGetConfigValue                     
0001624c  SL_ESM_Init                           
00016280  SL_ESM_nERROR_Active                  
00016820  SL_FLAG_SET                           
00016850  SL_FLAG_CLEAR                         
00016874  SL_FLAG_GET                           
00016894  _SL_SelfTest_SRAM_RAD                 
000169a8  _SL_SelfTest_adcGetSingleData         
00016a60  _SL_SelfTest_adcStartConversion_selChn
00016aec  _SL_SelfTest_adcIsConversionComplete  
00016b70  _SL_HoldNClear_nError                 
00016bbc  _SL_Approximate_value                 
00016c3c  afterSTC                              
00017020  esmCallBackFunction                   
0001704d  minit                                 
000170d7  malloc                                
0001713f  free                                  
00017201  realloc                               
00017311  memalign                              
000173ff  calloc                                
00017434  SL_Init_ECCTCMRAM                     
00017538  SL_Init_ECCFlash                      
00017600  SL_Init_Memory                        
00017678  SL_Init_ResetReason                   
0001776c  SL_Init_ResetReason_XInfo             
00017808  _coreInitRegisters_                   
00017914  _coreInitStackPointer_                
00017960  _getCPSRValue_                        
00017968  _gotoCPUIdle_                         
00017980  _coreEnableVfp_                       
000179a0  _coreEnableEventBusExport_            
000179b8  _coreDisableEventBusExport_           
000179d0  _coreEnableRamEcc_                    
000179e8  _coreDisableRamEcc_                   
00017a00  _coreEnableFlashEcc_                  
00017a1c  _coreDisableFlashEcc_                 
00017a34  _coreEnableIrqVicOffset_              
00017a4c  _coreGetDataFault_                    
00017a54  _coreClearDataFault_                  
00017a68  _coreGetInstructionFault_             
00017a70  _coreClearInstructionFault_           
00017a84  _coreGetDataFaultAddress_             
00017a8c  _coreClearDataFaultAddress_           
00017aa0  _coreGetInstructionFaultAddress_      
00017aa8  _coreClearInstructionFaultAddress_    
00017abc  _coreGetAuxiliaryDataFault_           
00017ac4  _coreClearAuxiliaryDataFault_         
00017ad8  _coreGetAuxiliaryInstructionFault_    
00017ae0  _coreClearAuxiliaryInstructionFault_  
00017af4  _disable_interrupt_                   
00017afc  _disable_FIQ_interrupt_               
00017b04  _disable_IRQ_interrupt_               
00017b0c  _enable_interrupt_                    
00017b14  _esmCcmErrorsClear_                   
00017b9c  _errata_CORTEXR4_57_                  
00017bb4  _errata_CORTEXR4_66_                  
00017bcc  __TI_PINIT_Base                       
00017bd0  __TI_PINIT_Limit                      
00017bd5  write                                 
00017c69  remove                                
00017c69  unlink                                
00017c8b  rename                                
00017cc9  remove_device                         
00017cf1  read                                  
00017d15  open                                  
00017dcb  lseek                                 
00017def  close                                 
00017e3d  add_device                            
00017ee8  vimParityErrorHandler                 
000181c5  HOSTwrite                             
00018211  HOSTunlink                            
00018249  HOSTtime                              
00018283  HOSTrename                            
000182e1  HOSTread                              
0001832f  HOSTopen                              
0001837f  HOSTlseek                             
000183d9  HOSTgetenv                            
00018417  HOSTclose                             
0001844f  HOSTclock                             
00018494  __aeabi_uldivmod                      
0001874c  ff_convert                            
00018874  ff_wtoupper                           
00018979  strtod                                
00018979  strtold                               
00018b69  strtoll                               
00018d58  _SL_Init_ECCFlash                     
00018d74  _SL_Init_EnableEventExport            
00018d8c  _SL_Init_ECCTCMRAM                    
00018da8  _SL_Disable_IRQ                       
00018dc8  _SL_Restore_IRQ                       
00018de8  _SL_Get_ARM_Mode                      
00018df4  _SL_Get_DataFault_Status              
00018dfc  _SL_Get_DataFault_Address             
00018e04  SL_Init_R4Registers                   
00018f18  _SL_Kickoff_STC_execution             
00018f20  _SL_Barrier_Data_Access               
00018f2c  _c_int00                              
000191bf  __TI_cleanup                          
000191eb  freopen                               
00019215  fopen                                 
000192bd  strtoull                              
00019431  fputs                                 
00019541  puts                                  
00019568  CmdLineProcess                        
00019699  strtol                                
000198e1  _Dscale                               
000199f8  esmHighInterrupt                      
00019b0d  strtoul                               
00019c20  _pmuInit_                             
00019c74  _pmuEnableCountersGlobal_             
00019c8c  _pmuDisableCountersGlobal_            
00019ca4  _pmuResetCycleCounter_                
00019cbc  _pmuResetEventCounters_               
00019cd4  _pmuResetCounters_                    
00019cec  _pmuStartCounters_                    
00019cf4  _pmuStopCounters_                     
00019cfc  _pmuSetCountEvent_                    
00019d08  _pmuGetCycleCount_                    
00019d10  _pmuGetEventCount_                    
00019d1c  _pmuGetOverflow_                      
00019d30  _dabort                               
00019e19  setvbuf                               
00019ef5  __TI_doflush                          
00019f41  fflush                                
00019fc1  vsscanf                               
00019fd3  sscanf                                
0001a08d  _Dnorm                                
0001a153  __aeabi_idiv0                         
0001a154  esmGroup1Notification                 
0001a164  esmGroup2Notification                 
0001a174  memoryPort0TestFailNotification       
0001a190  memoryPort1TestFailNotification       
0001a1ac  rtiNotification                       
0001a1c8  mibspiNotification                    
0001a1dc  mibspiGroupNotification               
0001a1f0  sciNotification                       
0001a204  dmaGroupANotification                 
0001a218  SL_Log_Error                          
0001a2dc  main                                  
0001a3a1  __TI_wrt_ok                           
0001a405  __TI_rd_ok                            
0001a44f  __aeabi_memcpy                        
0001a44f  __aeabi_memcpy4                       
0001a44f  __aeabi_memcpy8                       
0001a44f  memcpy                                
0001a4ed  __TI_closefile                        
0001a553  fclose                                
0001a585  __aeabi_memclr                        
0001a585  __aeabi_memclr4                       
0001a585  __aeabi_memclr8                       
0001a587  __aeabi_memset                        
0001a587  __aeabi_memset4                       
0001a587  __aeabi_memset8                       
0001a58d  memset                                
0001a601  __TI_auto_init                        
0001a66d  __TI_writemsg                         
0001a69f  C$$IO$$                               
0001a6a3  __TI_readmsg                          
0001a745  fseek                                 
0001a7a9  sprintf                               
0001a80d  _Dunscale                             
0001a871  ltoa                                  
0001a8c8  __aeabi_idiv                          
0001a8c8  __aeabi_idivmod                       
0001a91d  atoi                                  
0001a96c  __aeabi_uidiv                         
0001a96c  __aeabi_uidivmod                      
0001a9bc  rtiCompare3Interrupt                  
0001aa09  copy_in                               
0001aa55  ldexp                                 
0001aa99  C$$EXIT                               
0001aa9d  abort                                 
0001aaa5  exit                                  
0001aad9  signal                                
0001ab19  _Dclass                               
0001ab55  strncpy                               
0001ab8d  feraiseexcept                         
0001abc1  _Feraise                              
0001abf5  raise                                 
0001ac25  _nassert                              
0001ac27  _abort_msg                            
0001ac3d  _assert                               
0001ac51  frexp                                 
0001ac75  memchr                                
0001ac95  strcat                                
0001acb3  memccpy                               
0001accf  __aeabi_lmul                          
0001ace7  strcmp                                
0001acff  strrchr                               
0001ad17  strchr                                
0001ad2d  strlen                                
0001ad45  _register_unlock                      
0001ad4b  _register_lock                        
0001ad53  _nop                                  
0001ad59  strcpy                                
0001ad6d  __TI_decompress_none                  
0001ad7b  __TI_zero_init                        
0001ad87  __TI_decompress_rle24                 
0001ad8c  phantomInterrupt                      
0002a2f8  _ctypes_                              
0002a71c  __TI_Handler_Table_Base               
0002a728  __TI_Handler_Table_Limit              
0002a730  __TI_CINIT_Base                       
0002a748  __TI_CINIT_Limit                      
08001b54  __CIOBUF_                             
08001d74  __TI_tmpnams                          
08001f49  resetReason                           
08001f50  _sys_memory                           
08002950  g_psCmdTable                          
08002a4c  _ftable                               
08002cbc  g_psFResultStrings                    
08002d5c  _Errno                                
08002d60  _Denorm                               
08002d70  _Eps                                  
08002d80  _Hugeval                              
08002d90  _Inf                                  
08002da0  _Nan                                  
08002db0  _Snan                                 
08002dc0  _Rteps                                
08002dd0  _Xbig                                 
08002dd8  _Zero                                 
08002e30  sl_priv_flag_set                      
08002e60  sramEccTestBuff                       
08002e80  __TI_ft_end                           
08002e84  __aeabi_stdin                         
08002e88  __aeabi_stdout                        
08002e8c  __aeabi_stderr                        
08002ea8  _spiPORT                              
08002eac  _spiREG                               
08002eb4  _lock                                 
08002eb8  _unlock                               
08002ebc  __TI_cleanup_ptr                      
08002ec0  __TI_dtors_ptr                        
08002ec4  _Fenv                                 
08002ec8  _Tls_setup__Fenv                      
08002ed8  _SL_Log_Error_Buffer                  
08002ed8  ulLOGStartAddr                        
0800305c  _SL_Log_Error_Index                   
08003060  ulLOGEndAddr                          
ffffffff  __binit__                             
ffffffff  __c_args__                            
ffffffff  binit                                 
UNDEFED   SHT$$INIT_ARRAY$$Base                 
UNDEFED   SHT$$INIT_ARRAY$$Limit                

[480 symbols]
