******************************************************************************
                  TI ARM Linker PC v5.2.5                      
******************************************************************************
>> Linked Sun Feb 28 18:03:12 2016

OUTPUT FILE NAME:   <sdcard_test.out>
ENTRY POINT SYMBOL: "_c_int00"  address: 0001957c


MEMORY CONFIGURATION

         name            origin    length      used     unused   attr    fill
----------------------  --------  ---------  --------  --------  ----  --------
  VECTORS               00000000   00000020  00000020  00000000     X
  FLASH0                00000020   0013ffe0  0002ad71  0011526f  R  X
  STACKS                08000000   00001500  00000000  00001500  RW  
  RAM                   08001500   0001eb00  00001b5a  0001cfa6  RW  


SEGMENT ALLOCATION MAP

run origin  load origin   length   init length attrs members
----------  ----------- ---------- ----------- ----- -------
00000000    00000000    0002ad98   0002ad98    r-x
  00000000    00000000    00000020   00000020    r-x .intvecs
  00000020    00000020    0001b3c0   0001b3c0    r-x .text
  0001b3e0    0001b3e0    0000f739   0000f739    r-- .const
  0002ab20    0002ab20    00000278   00000278    r-- .cinit
08001500    08001500    00001b60   00000000    rw-
  08001500    08001500    00000a4a   00000000    rw- .bss
  08001f50    08001f50    00000a00   00000000    rw- .sysmem
  08002950    08002950    00000588   00000000    rw- .data
  08002ed8    08002ed8    00000188   00000000    rw- LOG_DATA


SECTION ALLOCATION MAP

 output                                  attributes/
section   page    origin      length       input sections
--------  ----  ----------  ----------   ----------------
.intvecs   0    00000000    00000020     
                  00000000    00000020     sys_intvecs.obj (.intvecs)

.text      0    00000020    0001b3c0     
                  00000020    000061c8     ff.obj (.text)
                  000061e8    00003ab0     sl_selftest.obj (.text)
                  00009c98    00002cdc     sys_selftest.obj (.text)
                  0000c974    00001d58     sd_card.obj (.text)
                  0000e6cc    00001060     rtsv7R4_T_be_v3D16_eabi.lib : _printfi.obj (.text)
                  0000f72c    00000ee8     mmc-test.obj (.text)
                  00010614    00000bfc     plat_arm.obj (.text)
                  00011210    00000b28     system.obj (.text)
                  00011d38    00000a78     sdcard_interface.obj (.text)
                  000127b0    00000a54     sys_vim.obj (.text)
                  00013204    000009f8     mibspi.obj (.text)
                  00013bfc    0000093c     rtsv7R4_T_be_v3D16_eabi.lib : _scanfi.obj (.text)
                  00014538    000008cc     pinmux.obj (.text)
                  00014e04    00000750     sci.obj (.text)
                  00015554    00000728     uartstdio.obj (.text)
                  00015c7c    00000638     rti.obj (.text)
                  000162b4    000005e8     esm.obj (.text)
                  0001689c    000005d4     sl_esm.obj (.text)
                  00016e70    0000041c     sl_priv.obj (.text)
                  0001728c    00000410     sys_startup.obj (.text)
                  0001769c    000003e8     rtsv7R4_T_be_v3D16_eabi.lib : memory.obj (.text)
                  00017a84    000003d4     sl_init.obj (.text)
                  00017e58    000003cc     sys_core.obj (.text)
                  00018224    00000314     rtsv7R4_T_be_v3D16_eabi.lib : lowlev.obj (.text)
                  00018538    000002dc     sys_vim.obj (.text:retain)
                  00018814    000002d0     rtsv7R4_T_be_v3D16_eabi.lib : trgdrv.obj (.text)
                  00018ae4    000002b8                                 : ull_div32.obj (.text)
                  00018d9c    0000022c     unicode.obj (.text)
                  00018fc8    000001f0     rtsv7R4_T_be_v3D16_eabi.lib : strtod.obj (.text)
                  000191b8    000001f0                                 : strtoll.obj (.text)
                  000193a8    000001d4     sl_asm_api.obj (.text)
                  0001957c    000001c8     sys_startup.obj (.text:retain)
                  00019744    000001c8     rtsv7R4_T_be_v3D16_eabi.lib : fopen.obj (.text)
                  0001990c    00000174                                 : strtoull.obj (.text)
                  00019a80    00000138                                 : fputs.obj (.text)
                  00019bb8    00000130     cmdline.obj (.text)
                  00019ce8    00000130     rtsv7R4_T_be_v3D16_eabi.lib : strtol.obj (.text)
                  00019e18    00000118     sl_esm.obj (.text:retain)
                  00019f30    00000118     rtsv7R4_T_be_v3D16_eabi.lib : xdscale.obj (.text)
                  0001a048    00000114     esm.obj (.text:retain)
                  0001a15c    00000114     rtsv7R4_T_be_v3D16_eabi.lib : strtoul.obj (.text)
                  0001a270    00000110     sys_pmu.obj (.text)
                  0001a380    000000e8     dabort.obj (.text)
                  0001a468    000000dc     rtsv7R4_T_be_v3D16_eabi.lib : setvbuf.obj (.text)
                  0001a544    000000cc                                 : fflush.obj (.text)
                  0001a610    000000cc                                 : sscanf.obj (.text)
                  0001a6dc    000000c6                                 : xdnorm.obj (.text)
                  0001a7a2    00000002                                 : i_div0.obj (.text)
                  0001a7a4    000000c4     notification.obj (.text)
                  0001a868    000000c4     sl_log.obj (.text)
                  0001a92c    000000c4     sys_main.obj (.text)
                  0001a9f0    000000ae     rtsv7R4_T_be_v3D16_eabi.lib : _io_perm.obj (.text)
                  0001aa9e    0000009c                                 : memcpy_t2.obj (.text)
                  0001ab3a    00000002     --HOLE-- [fill = 0]
                  0001ab3c    00000098                                 : fclose.obj (.text)
                  0001abd4    0000007a                                 : memset_t2.obj (.text)
                  0001ac4e    00000002     --HOLE-- [fill = 0]
                  0001ac50    0000006c                                 : autoinit.obj (.text)
                  0001acbc    0000006c                                 : trgmsg.obj (.text)
                  0001ad28    0000006a                                 : copy_decompress_rle.obj (.text)
                  0001ad92    00000002     --HOLE-- [fill = 0]
                  0001ad94    00000064                                 : fseek.obj (.text)
                  0001adf8    00000064                                 : sprintf.obj (.text)
                  0001ae5c    00000064                                 : xdunscal.obj (.text)
                  0001aec0    00000056                                 : ltoa.obj (.text)
                  0001af16    00000002     --HOLE-- [fill = 0]
                  0001af18    00000054                                 : i_div32.obj (.text)
                  0001af6c    00000050                                 : atoi.obj (.text)
                  0001afbc    00000050                                 : u_div32.obj (.text)
                  0001b00c    0000004c     rti.obj (.text:retain)
                  0001b058    0000004c     rtsv7R4_T_be_v3D16_eabi.lib : cpy_tbl.obj (.text)
                  0001b0a4    00000044                                 : ldexp.obj (.text)
                  0001b0e8    00000040                                 : exit.obj (.text)
                  0001b128    00000040                                 : signal.obj (.text)
                  0001b168    0000003c                                 : xdclass.obj (.text)
                  0001b1a4    00000036                                 : strncpy.obj (.text)
                  0001b1da    00000002     --HOLE-- [fill = 0]
                  0001b1dc    00000034                                 : feraiseexcept.obj (.text)
                  0001b210    00000034                                 : xferaise.obj (.text)
                  0001b244    0000002e                                 : raise.obj (.text)
                  0001b272    00000002     --HOLE-- [fill = 0]
                  0001b274    0000002c                                 : assert.obj (.text)
                  0001b2a0    00000024                                 : frexp.obj (.text)
                  0001b2c4    00000020                                 : memchr.obj (.text)
                  0001b2e4    0000001e                                 : strcat.obj (.text)
                  0001b302    0000001c                                 : memccpy.obj (.text)
                  0001b31e    00000018                                 : ll_mul_t2.obj (.text)
                  0001b336    00000018                                 : strcmp.obj (.text)
                  0001b34e    00000018                                 : strrchr.obj (.text)
                  0001b366    00000016                                 : strchr.obj (.text)
                  0001b37c    00000016                                 : strlen.obj (.text)
                  0001b392    00000002     --HOLE-- [fill = 0]
                  0001b394    00000014                                 : _lock.obj (.text)
                  0001b3a8    00000014                                 : strcpy.obj (.text)
                  0001b3bc    0000000e                                 : copy_decompress_none.obj (.text:decompress:none)
                  0001b3ca    0000000c                                 : copy_zero_init.obj (.text:decompress:ZI)
                  0001b3d6    00000006                                 : copy_decompress_rle.obj (.text:decompress:rle24)
                  0001b3dc    00000004     sys_phantom.obj (.text:retain)

.const     0    0001b3e0    0000f739     
                  0001b3e0    00007378     unicode.obj (.const:sjis2uni)
                  00022758    00007378     unicode.obj (.const:uni2sjis)
                  00029ad0    000004c0     sd_card.obj (.const:.string)
                  00029f90    000003dc     unicode.obj (.const:lower$1)
                  0002a36c    000003dc     unicode.obj (.const:upper$2)
                  0002a748    00000200     sys_vim.obj (.const:s_vim_init)
                  0002a948    00000101     rtsv7R4_T_be_v3D16_eabi.lib : ctype.obj (.const:.string:_ctypes_)
                  0002aa49    00000003     --HOLE-- [fill = 0]
                  0002aa4c    00000004     uartstdio.obj (.const)
                  0002aa50    00000098     rtsv7R4_T_be_v3D16_eabi.lib : strtod.obj (.const)
                  0002aae8    00000014     uartstdio.obj (.const:.string)
                  0002aafc    00000010     rtsv7R4_T_be_v3D16_eabi.lib : _scanfi.obj (.const)
                  0002ab0c    0000000d     ff.obj (.const:.string)

.cinit     0    0002ab20    00000278     
                  0002ab20    00000233     (.cinit..data.load) [load image, compression = rle]
                  0002ad53    00000005     --HOLE-- [fill = 0]
                  0002ad58    00000012     (.cinit.LOG_DATA.load) [load image, compression = rle]
                  0002ad6a    00000002     --HOLE-- [fill = 0]
                  0002ad6c    0000000c     (__TI_handler_table)
                  0002ad78    00000008     (.cinit..bss.load) [load image, compression = zero_init]
                  0002ad80    00000018     (__TI_cinit_table)

.bss       0    08001500    00000a4a     UNINITIALIZED
                  08001500    00000230     sd_card.obj (.bss:g_sFatFs)
                  08001730    00000224     sd_card.obj (.bss:g_sFileObject)
                  08001954    00000200     ff.obj (.bss:LfnBuf)
                  08001b54    00000120     rtsv7R4_T_be_v3D16_eabi.lib : trgmsg.obj (.bss:__CIOBUF_)
                  08001c74    00000100     sdcard_interface.obj (.bss:event_log_file)
                  08001d74    000000a0     rtsv7R4_T_be_v3D16_eabi.lib : defs.obj (.bss:__TI_tmpnams)
                  08001e14    00000050     sd_card.obj (.bss:g_pcTmpBuf)
                  08001e64    00000040     sd_card.obj (.bss:g_pcCmdBuf)
                  08001ea4    00000028     sci.obj (.bss:g_sciTransfer_t)
                  08001ecc    00000024     cmdline.obj (.bss:g_ppcArgv)
                  08001ef0    00000024     sd_card.obj (.bss:g_sDirObject)
                  08001f14    00000020     (.common:g_sFileInfo)
                  08001f34    00000008     (.common:parmbuf)
                  08001f3c    00000004     (.common:ESM_AppCallback)
                  08001f40    00000004     (.common:FatFs)
                  08001f44    00000002     (.common:Fsid)
                  08001f46    00000001     (.common:CardType)
                  08001f47    00000001     (.common:Timer1)
                  08001f48    00000001     (.common:Timer2)
                  08001f49    00000001     (.common:resetReason)

.TI.noinit 
*          0    08001500    00000000     UNINITIALIZED

.sysmem    0    08001f50    00000a00     UNINITIALIZED
                  08001f50    00000008     rtsv7R4_T_be_v3D16_eabi.lib : memory.obj (.sysmem)
                  08001f58    000009f8     --HOLE--

.data      0    08002950    00000588     UNINITIALIZED
                  08002950    000000fc     sd_card.obj (.data:g_psCmdTable)
                  08002a4c    000000f0     rtsv7R4_T_be_v3D16_eabi.lib : defs.obj (.data:_ftable)
                  08002b3c    000000d0                                 : lowlev.obj (.data)
                  08002c0c    000000b0                                 : signal.obj (.data:sigtable)
                  08002cbc    000000a0     sd_card.obj (.data:g_psFResultStrings)
                  08002d5c    00000004     rtsv7R4_T_be_v3D16_eabi.lib : errno.obj (.data)
                  08002d60    00000080                                 : xvalues.obj (.data)
                  08002de0    00000050     sd_card.obj (.data:g_pcCwdBuf)
                  08002e30    0000002c     sl_priv.obj (.data:sl_priv_flag_set)
                  08002e5c    00000004     rtsv7R4_T_be_v3D16_eabi.lib : fopen.obj (.data)
                  08002e60    00000020     sl_selftest.obj (.data)
                  08002e80    00000010     rtsv7R4_T_be_v3D16_eabi.lib : defs.obj (.data)
                  08002e90    0000000c                                 : memory.obj (.data)
                  08002e9c    0000000c     sdcard_interface.obj (.data)
                  08002ea8    0000000a     mmc-test.obj (.data)
                  08002eb2    00000001     uartstdio.obj (.data)
                  08002eb3    00000001     --HOLE--
                  08002eb4    00000008     rtsv7R4_T_be_v3D16_eabi.lib : _lock.obj (.data)
                  08002ebc    00000008                                 : exit.obj (.data)
                  08002ec4    00000008                                 : feraiseexcept.obj (.data)
                  08002ecc    00000005     sd_card.obj (.data)
                  08002ed1    00000003     --HOLE--
                  08002ed4    00000004     sl_esm.obj (.data)

.TI.persistent 
*          0    08002950    00000000     UNINITIALIZED

LOG_DATA   0    08002ed8    00000188     UNINITIALIZED
                  08002ed8    00000180     sl_log.obj (LOG_DATA:uninit)
                  08003058    00000008     sl_log.obj (LOG_DATA:init)


LINKER GENERATED COPY TABLES

__TI_cinit_table @ 0002ad80 records: 3, size/record: 8, table size: 24
	.data: load addr=0002ab20, load size=00000233 bytes, run addr=08002950, run size=00000588 bytes, compression=rle
	LOG_DATA: load addr=0002ad58, load size=00000012 bytes, run addr=08002ed8, run size=00000188 bytes, compression=rle
	.bss: load addr=0002ad78, load size=00000008 bytes, run addr=08001500, run size=00000a4a bytes, compression=zero_init


LINKER GENERATED HANDLER TABLE

__TI_handler_table @ 0002ad6c records: 3, size/record: 4, table size: 12
	index: 0, handler: __TI_zero_init
	index: 1, handler: __TI_decompress_rle24
	index: 2, handler: __TI_decompress_none


GLOBAL SYMBOLS: SORTED ALPHABETICALLY BY Name 

address   name                                  
-------   ----                                  
0001b0e9  C$$EXIT                               
0001acef  C$$IO$$                               
00019bb8  CmdLineProcess                        
0000ce20  Cmd_cat                               
0000cc70  Cmd_cd                                
0000d6e4  Cmd_current_log                       
0000cfa0  Cmd_del                               
0000e2d8  Cmd_help                              
0000d060  Cmd_init_sd                           
0000d4f8  Cmd_log_event                         
0000c9e8  Cmd_ls                                
0000d0cc  Cmd_play_audio                        
0000cdfc  Cmd_pwd                               
0000dd80  Cmd_read_begining_n                   
0000d1dc  Cmd_read_firmware                     
0000dac4  Cmd_read_full                         
0000d850  Cmd_read_last_100                     
0000e038  Cmd_read_last_n                       
0000d5d4  Cmd_set_audio                         
0000d38c  Cmd_set_log                           
00010a80  FileIF_AppendString                   
00010e44  FileIF_CopyBufferToFile               
00010614  FileIF_CopyFileToBuffer               
000108a4  FileIF_CreateFile                     
00010978  FileIF_DeleteFile                     
000109dc  FileIF_GetFileSize                    
00010b80  FileIF_GetNoOfLines                   
00010838  FileIF_IsFileAvailable                
00010c84  FileIF_ReadLine                       
00018a9f  HOSTclock                             
00018a67  HOSTclose                             
00018a29  HOSTgetenv                            
000189cf  HOSTlseek                             
0001897f  HOSTopen                              
00018931  HOSTread                              
000188d3  HOSTrename                            
00018899  HOSTtime                              
00018861  HOSTunlink                            
00018815  HOSTwrite                             
00015fe8  IsdwdKeySequenceCorrect               
0001255c  SDCardIF_AppendFirmwareData           
000124b4  SDCardIF_CreateFirmwareFile           
0001250c  SDCardIF_DeleteFirmwareFile           
00011f44  SDCardIF_DeleteLogFile                
00011fdc  SDCardIF_GetCurrentLogFile            
00011d38  SDCardIF_Initialize                   
00012148  SDCardIF_LogEvent                     
00011df8  SDCardIF_PlayAudioFile                
00012258  SDCardIF_ReadEventLog                 
0001208c  SDCardIF_ReadFirmwareFile             
000125e8  SDCardIF_Reset                        
00011d7c  SDCardIF_SetAudioFileBuffer           
00011e8c  SDCardIF_SetLogFile                   
0000e3a0  SD_Test                               
UNDEFED   SHT$$INIT_ARRAY$$Base                 
UNDEFED   SHT$$INIT_ARRAY$$Limit                
0001689c  SL_ESM_Init                           
000168d0  SL_ESM_nERROR_Active                  
00016ea0  SL_FLAG_CLEAR                         
00016ec4  SL_FLAG_GET                           
00016e70  SL_FLAG_SET                           
00017b88  SL_Init_ECCFlash                      
00017a84  SL_Init_ECCTCMRAM                     
00017c50  SL_Init_Memory                        
00019454  SL_Init_R4Registers                   
00017cc8  SL_Init_ResetReason                   
00017dbc  SL_Init_ResetReason_XInfo             
0001a868  SL_Log_Error                          
00009b7c  SL_SelfTestL2L3Interconnect           
00009510  SL_SelfTest_ADC                       
00008cd0  SL_SelfTest_CCMR4F                    
000089c8  SL_SelfTest_EFuse                     
00007630  SL_SelfTest_FEE                       
00006d9c  SL_SelfTest_Flash                     
00007eb8  SL_SelfTest_PBIST                     
0000823c  SL_SelfTest_PBIST_StopExec            
00008550  SL_SelfTest_PSCON                     
000061f0  SL_SelfTest_SRAM                      
00008268  SL_SelfTest_STC                       
0000905c  SL_SelfTest_Status_CCMR4F             
00008bf0  SL_SelfTest_Status_EFuse              
00008090  SL_SelfTest_Status_PBIST              
00008900  SL_SelfTest_Status_PSCON              
000083f8  SL_SelfTest_Status_STC                
00008210  SL_SelfTest_WaitCompletion_PBIST      
000091dc  SL_adcCalibration                     
0000f7b4  SPI_send                              
0000c974  StringFromFResult                     
0000c9dc  SysTickHandler                        
00015704  UARTgetc                              
000155d0  UARTgets                              
00015c2c  UARTprintf                            
00015720  UARTvprintf                           
00015554  UARTwrite                             
0001b169  _Dclass                               
08002d60  _Denorm                               
0001a6dd  _Dnorm                                
00019f31  _Dscale                               
0001ae5d  _Dunscale                             
08002d70  _Eps                                  
08002d5c  _Errno                                
08002ec4  _Fenv                                 
0001b211  _Feraise                              
08002d80  _Hugeval                              
08002d90  _Inf                                  
08002da0  _Nan                                  
08002dc0  _Rteps                                
0001720c  _SL_Approximate_value                 
00019570  _SL_Barrier_Data_Access               
000193f8  _SL_Disable_IRQ                       
00019438  _SL_Get_ARM_Mode                      
0001944c  _SL_Get_DataFault_Address             
00019444  _SL_Get_DataFault_Status              
000171c0  _SL_HoldNClear_nError                 
000193a8  _SL_Init_ECCFlash                     
000193dc  _SL_Init_ECCTCMRAM                    
000193c4  _SL_Init_EnableEventExport            
00019568  _SL_Kickoff_STC_execution             
08002ed8  _SL_Log_Error_Buffer                  
0800305c  _SL_Log_Error_Index                   
00019418  _SL_Restore_IRQ                       
00016ee4  _SL_SelfTest_SRAM_RAD                 
00016ff8  _SL_SelfTest_adcGetSingleData         
0001713c  _SL_SelfTest_adcIsConversionComplete  
000170b0  _SL_SelfTest_adcStartConversion_selChn
08002db0  _Snan                                 
08002ec8  _Tls_setup__Fenv                      
08002dd0  _Xbig                                 
08002dd8  _Zero                                 
08001b54  __CIOBUF_                             
00000a00  __SYSMEM_SIZE                         
0002ad80  __TI_CINIT_Base                       
0002ad98  __TI_CINIT_Limit                      
0002ad6c  __TI_Handler_Table_Base               
0002ad78  __TI_Handler_Table_Limit              
0001821c  __TI_PINIT_Base                       
00018220  __TI_PINIT_Limit                      
0001ac51  __TI_auto_init                        
0001980f  __TI_cleanup                          
08002ebc  __TI_cleanup_ptr                      
0001ab3d  __TI_closefile                        
0001b3bd  __TI_decompress_none                  
0001b3d7  __TI_decompress_rle24                 
0001a545  __TI_doflush                          
08002ec0  __TI_dtors_ptr                        
08002e80  __TI_ft_end                           
0000f427  __TI_printfi                          
0001aa55  __TI_rd_ok                            
0001acf3  __TI_readmsg                          
00014089  __TI_scanfi                           
00000000  __TI_static_base__                    
08001d74  __TI_tmpnams                          
0001acbd  __TI_writemsg                         
0001a9f1  __TI_wrt_ok                           
0001b3cb  __TI_zero_init                        
0001af18  __aeabi_idiv                          
0001a7a3  __aeabi_idiv0                         
0001af18  __aeabi_idivmod                       
0001b31f  __aeabi_lmul                          
0001abd5  __aeabi_memclr                        
0001abd5  __aeabi_memclr4                       
0001abd5  __aeabi_memclr8                       
0001aa9f  __aeabi_memcpy                        
0001aa9f  __aeabi_memcpy4                       
0001aa9f  __aeabi_memcpy8                       
0001abd7  __aeabi_memset                        
0001abd7  __aeabi_memset4                       
0001abd7  __aeabi_memset8                       
08002e8c  __aeabi_stderr                        
08002e84  __aeabi_stdin                         
08002e88  __aeabi_stdout                        
0001afbc  __aeabi_uidiv                         
0001afbc  __aeabi_uidivmod                      
00018ae4  __aeabi_uldivmod                      
ffffffff  __binit__                             
ffffffff  __c_args__                            
0001b277  _abort_msg                            
0001b28d  _assert                               
0001957c  _c_int00                              
00018114  _coreClearAuxiliaryDataFault_         
00018130  _coreClearAuxiliaryInstructionFault_  
000180dc  _coreClearDataFaultAddress_           
000180a4  _coreClearDataFault_                  
000180f8  _coreClearInstructionFaultAddress_    
000180c0  _coreClearInstructionFault_           
00018008  _coreDisableEventBusExport_           
0001806c  _coreDisableFlashEcc_                 
00018038  _coreDisableRamEcc_                   
00017ff0  _coreEnableEventBusExport_            
00018050  _coreEnableFlashEcc_                  
00018084  _coreEnableIrqVicOffset_              
00018020  _coreEnableRamEcc_                    
00017fd0  _coreEnableVfp_                       
0001810c  _coreGetAuxiliaryDataFault_           
00018128  _coreGetAuxiliaryInstructionFault_    
000180d4  _coreGetDataFaultAddress_             
0001809c  _coreGetDataFault_                    
000180f0  _coreGetInstructionFaultAddress_      
000180b8  _coreGetInstructionFault_             
00017e58  _coreInitRegisters_                   
00017f64  _coreInitStackPointer_                
0002a948  _ctypes_                              
0001a380  _dabort                               
0001814c  _disable_FIQ_interrupt_               
00018154  _disable_IRQ_interrupt_               
00018144  _disable_interrupt_                   
0001815c  _enable_interrupt_                    
000181ec  _errata_CORTEXR4_57_                  
00018204  _errata_CORTEXR4_66_                  
00018164  _esmCcmErrorsClear_                   
08002a4c  _ftable                               
00017fb0  _getCPSRValue_                        
00017fb8  _gotoCPUIdle_                         
08002eb4  _lock                                 
0001b275  _nassert                              
0001b3a3  _nop                                  
0001a2dc  _pmuDisableCountersGlobal_            
0001a2c4  _pmuEnableCountersGlobal_             
0001a358  _pmuGetCycleCount_                    
0001a360  _pmuGetEventCount_                    
0001a36c  _pmuGetOverflow_                      
0001a270  _pmuInit_                             
0001a324  _pmuResetCounters_                    
0001a2f4  _pmuResetCycleCounter_                
0001a30c  _pmuResetEventCounters_               
0001a34c  _pmuSetCountEvent_                    
0001a33c  _pmuStartCounters_                    
0001a344  _pmuStopCounters_                     
0001b39b  _register_lock                        
0001b395  _register_unlock                      
08002ea8  _spiPORT                              
08002eac  _spiREG                               
08001f50  _sys_memory                           
08002eb8  _unlock                               
0001b0ed  abort                                 
0000aee4  adc1ParityCheck                       
0000afd0  adc2ParityCheck                       
0001848d  add_device                            
0001728c  afterSTC                              
0001af6d  atoi                                  
08002ea0  audio_buffer                          
08002ea4  audio_buffer_size                     
ffffffff  binit                                 
00017a4f  calloc                                
0000b088  can1ParityCheck                       
0000b160  can2ParityCheck                       
0000b228  can3ParityCheck                       
00009ca8  ccmSelfCheck                          
0000c374  ccmr4GetConfigValue                   
0000a5b0  checkB0RAMECC                         
0000a7a0  checkB1RAMECC                         
0000b890  checkClockMonitor                     
0000a990  checkFlashECC                         
0000b96c  checkFlashEEPROMECC                   
0000bb04  checkPLL1Slip                         
0000bc04  checkPLL2Slip                         
0000bcc8  checkRAMAddrParity                    
0000b648  checkRAMECC                           
0000bdd4  checkRAMUERRTest                      
0000a434  checkefcSelfTest                      
0001843f  close                                 
000004e4  clust2sect                            
0001b059  copy_in                               
00009eac  cpuSelfTest                           
0000aa74  cpuSelfTestFail                       
0000aa6c  custom_dabort                         
0000c7d0  disableParity                         
0000fd28  disk_initialize                       
00010280  disk_ioctl                            
0000ffe8  disk_read                             
0000ffbc  disk_status                           
00010578  disk_timerproc                        
00010108  disk_write                            
0001a854  dmaGroupANotification                 
0000ab24  dmaParityCheck                        
00016050  dwdClearFlag                          
00015f84  dwdCounterEnable                      
00015fcc  dwdGenerateSysReset                   
0001601c  dwdGetStatus                          
00016060  dwdGetViolationStatus                 
00015f08  dwdInit                               
00015fb0  dwdReset                              
00015f94  dwdSetPreload                         
00015f78  dwwdGetCurrentDownCounter             
00015f30  dwwdInit                              
0000a2d8  efcCheck                              
0000c2d8  efcGetConfigValue                     
0000a40c  efcSelfTest                           
0000a360  efcStuckZeroTest                      
0000c748  enableParity                          
0000c3e4  errata_PBIST_4                        
00016440  esmActivateNormalOperation            
00017670  esmCallBackFunction                   
00016524  esmClearStatus                        
00016570  esmClearStatusBuffer                  
00016404  esmDisableError                       
0001647c  esmDisableInterrupt                   
000163d8  esmEnableError                        
00016450  esmEnableInterrupt                    
00016670  esmEnterSelfTest                      
000163bc  esmError                              
00016748  esmGetConfigValue                     
000165ac  esmGetStatus                          
00016638  esmGetStatusBuffer                    
0001a7a4  esmGroup1Notification                 
0001a7b4  esmGroup2Notification                 
0001a048  esmHighInterrupt                      
000162b4  esmInit                               
000166f8  esmSelfTestStatus                     
0001658c  esmSetCounterPreloadValue             
000164a8  esmSetInterruptLevel                  
00016430  esmTriggerErrorPinReset               
08001c74  event_log_file                        
0001b0f5  exit                                  
000055dc  f_chmod                               
0000455c  f_close                               
00004b0c  f_closedir                            
00004cbc  f_getfree                             
000059cc  f_gets                                
000045b0  f_lseek                               
000052d0  f_mkdir                               
00003654  f_mount                               
00003720  f_open                                
000049dc  f_opendir                             
00005c54  f_printf                              
00005b40  f_putc                                
00005bbc  f_puts                                
00003ad0  f_read                                
00004b40  f_readdir                             
000056c0  f_rename                              
00004c24  f_stat                                
000043b0  f_sync                                
00004f2c  f_truncate                            
0000512c  f_unlink                              
000058e0  f_utime                               
00003eec  f_write                               
0001aba3  fclose                                
0001b1dd  feraiseexcept                         
00018d9c  ff_convert                            
00018ec4  ff_wtoupper                           
0001a591  fflush                                
0000bf3c  fmcBus1ParityCheck                    
0000a4d4  fmcBus2Check                          
0000a510  fmcECCcheck                           
00019865  fopen                                 
00019a81  fputs                                 
0001778f  free                                  
0001983b  freopen                               
0001b2a1  frexp                                 
0001ad95  fseek                                 
08002950  g_psCmdTable                          
08002cbc  g_psFResultStrings                    
0000053c  get_fat                               
000105e4  get_fattime                           
0000abd0  het1ParityCheck                       
0000ad38  het2ParityCheck                       
0000ac7c  htu1ParityCheck                       
0000ae34  htu2ParityCheck                       
0001b0a5  ldexp                                 
0001841b  lseek                                 
0001aec1  ltoa                                  
0001a92c  main                                  
00017727  malloc                                
0001134c  mapClocks                             
00017961  memalign                              
0001b303  memccpy                               
0001b2c5  memchr                                
0001aa9f  memcpy                                
00009dec  memoryInit                            
0001a7c4  memoryPort0TestFailNotification       
0001a7e0  memoryPort1TestFailNotification       
0001abdd  memset                                
0000b2fc  mibspi1ParityCheck                    
0000b404  mibspi3ParityCheck                    
0001388c  mibspi5GetConfigValue                 
0000b528  mibspi5ParityCheck                    
00013858  mibspiDisableGroupNotification        
00013764  mibspiDisableLoopback                 
000137d0  mibspiEnableGroupNotification         
00013730  mibspiEnableLoopback                  
00013548  mibspiGetData                         
0001a82c  mibspiGroupNotification               
00013204  mibspiInit                            
000136c4  mibspiIsTransferComplete              
0001a818  mibspiNotification                    
00013780  mibspiPmodeSet                        
0001343c  mibspiSetData                         
0001341c  mibspiSetFunctional                   
00013694  mibspiTransfer                        
0001769d  minit                                 
0000f72c  mmcSelectSpi                          
00014538  muxInit                               
00018365  open                                  
0000e33c  open_append                           
0000c064  pbistFail                             
0000c0e8  pbistGetConfigValue                   
0000a220  pbistIsTestCompleted                  
0000a24c  pbistIsTestPassed                     
0000a280  pbistPortTestStatus                   
0000a124  pbistRun                              
00009f44  pbistSelfCheck                        
0000a1f0  pbistStop                             
000112f8  periphInit                            
0001b3dc  phantomInterrupt                      
000149ec  pinmuxGetConfigValue                  
00000754  put_fat                               
00019b91  puts                                  
0001b245  raise                                 
00018341  read                                  
00017851  realloc                               
000182b9  remove                                
00018319  remove_device                         
000182db  rename                                
00000000  resetEntry                            
08001f49  resetReason                           
0001b00c  rtiCompare3Interrupt                  
00016110  rtiDisableNotification                
000160e8  rtiEnableNotification                 
0001612c  rtiGetConfigValue                     
00015e7c  rtiGetCurrentTick                     
00015e54  rtiGetPeriod                          
00015c7c  rtiInit                               
0001a7fc  rtiNotification                       
00015dc8  rtiResetCounter                       
00015e2c  rtiSetPeriod                          
00015d70  rtiStartCounter                       
00015d9c  rtiStopCounter                        
000152b4  sciDisableLoopback                    
00015340  sciDisableNotification                
00015280  sciEnableLoopback                     
000152d8  sciEnableNotification                 
000153a8  sciGetConfigValue                     
00014e04  sciInit                               
00015130  sciIsIdleDetected                     
00015114  sciIsRxReady                          
00014f94  sciIsTxReady                          
0001a840  sciNotification                       
000151a8  sciReceive                            
0001517c  sciReceiveByte                        
0001514c  sciRxError                            
00014fe0  sciSend                               
00014fb0  sciSendByte                           
00014f10  sciSetBaudrate                        
00014ef0  sciSetFunctional                      
08002e9c  sdcardif_initialized                  
00009c98  selftestFailNotification              
000112b8  setupFlash                            
00011210  setupPLL                              
0001a469  setvbuf                               
0001b129  signal                                
08002e30  sl_priv_flag_set                      
0001adf9  sprintf                               
08002e60  sramEccTestBuff                       
00011b30  sramGetConfigValue                    
0001a623  sscanf                                
0000c234  stcGetConfigValue                     
00009e30  stcSelfCheck                          
0000aa70  stcSelfCheckFail                      
0001b2e5  strcat                                
0001b367  strchr                                
0001b337  strcmp                                
0001b3a9  strcpy                                
0001b37d  strlen                                
0001b1a5  strncpy                               
0001b34f  strrchr                               
00018fc9  strtod                                
00019ce9  strtol                                
00018fc9  strtold                               
000191b9  strtoll                               
0001a15d  strtoul                               
0001990d  strtoull                              
00011570  systemGetConfigValue                  
00011474  systemInit                            
00011540  systemPowerDown                       
00011984  tcmflashGetConfigValue                
00011270  trimLPO                               
08003060  ulLOGEndAddr                          
08002ed8  ulLOGStartAddr                        
000182b9  unlink                                
00012884  vimChannelMap                         
00012af0  vimDisableInterrupt                   
00012928  vimEnableInterrupt                    
00012b9c  vimGetConfigValue                     
000127b0  vimInit                               
0000aa78  vimParityCheck                        
00018538  vimParityErrorHandler                 
0001a611  vsscanf                               
00018225  write                                 


GLOBAL SYMBOLS: SORTED BY Symbol Address 

address   name                                  
-------   ----                                  
00000000  __TI_static_base__                    
00000000  resetEntry                            
000004e4  clust2sect                            
0000053c  get_fat                               
00000754  put_fat                               
00000a00  __SYSMEM_SIZE                         
00003654  f_mount                               
00003720  f_open                                
00003ad0  f_read                                
00003eec  f_write                               
000043b0  f_sync                                
0000455c  f_close                               
000045b0  f_lseek                               
000049dc  f_opendir                             
00004b0c  f_closedir                            
00004b40  f_readdir                             
00004c24  f_stat                                
00004cbc  f_getfree                             
00004f2c  f_truncate                            
0000512c  f_unlink                              
000052d0  f_mkdir                               
000055dc  f_chmod                               
000056c0  f_rename                              
000058e0  f_utime                               
000059cc  f_gets                                
00005b40  f_putc                                
00005bbc  f_puts                                
00005c54  f_printf                              
000061f0  SL_SelfTest_SRAM                      
00006d9c  SL_SelfTest_Flash                     
00007630  SL_SelfTest_FEE                       
00007eb8  SL_SelfTest_PBIST                     
00008090  SL_SelfTest_Status_PBIST              
00008210  SL_SelfTest_WaitCompletion_PBIST      
0000823c  SL_SelfTest_PBIST_StopExec            
00008268  SL_SelfTest_STC                       
000083f8  SL_SelfTest_Status_STC                
00008550  SL_SelfTest_PSCON                     
00008900  SL_SelfTest_Status_PSCON              
000089c8  SL_SelfTest_EFuse                     
00008bf0  SL_SelfTest_Status_EFuse              
00008cd0  SL_SelfTest_CCMR4F                    
0000905c  SL_SelfTest_Status_CCMR4F             
000091dc  SL_adcCalibration                     
00009510  SL_SelfTest_ADC                       
00009b7c  SL_SelfTestL2L3Interconnect           
00009c98  selftestFailNotification              
00009ca8  ccmSelfCheck                          
00009dec  memoryInit                            
00009e30  stcSelfCheck                          
00009eac  cpuSelfTest                           
00009f44  pbistSelfCheck                        
0000a124  pbistRun                              
0000a1f0  pbistStop                             
0000a220  pbistIsTestCompleted                  
0000a24c  pbistIsTestPassed                     
0000a280  pbistPortTestStatus                   
0000a2d8  efcCheck                              
0000a360  efcStuckZeroTest                      
0000a40c  efcSelfTest                           
0000a434  checkefcSelfTest                      
0000a4d4  fmcBus2Check                          
0000a510  fmcECCcheck                           
0000a5b0  checkB0RAMECC                         
0000a7a0  checkB1RAMECC                         
0000a990  checkFlashECC                         
0000aa6c  custom_dabort                         
0000aa70  stcSelfCheckFail                      
0000aa74  cpuSelfTestFail                       
0000aa78  vimParityCheck                        
0000ab24  dmaParityCheck                        
0000abd0  het1ParityCheck                       
0000ac7c  htu1ParityCheck                       
0000ad38  het2ParityCheck                       
0000ae34  htu2ParityCheck                       
0000aee4  adc1ParityCheck                       
0000afd0  adc2ParityCheck                       
0000b088  can1ParityCheck                       
0000b160  can2ParityCheck                       
0000b228  can3ParityCheck                       
0000b2fc  mibspi1ParityCheck                    
0000b404  mibspi3ParityCheck                    
0000b528  mibspi5ParityCheck                    
0000b648  checkRAMECC                           
0000b890  checkClockMonitor                     
0000b96c  checkFlashEEPROMECC                   
0000bb04  checkPLL1Slip                         
0000bc04  checkPLL2Slip                         
0000bcc8  checkRAMAddrParity                    
0000bdd4  checkRAMUERRTest                      
0000bf3c  fmcBus1ParityCheck                    
0000c064  pbistFail                             
0000c0e8  pbistGetConfigValue                   
0000c234  stcGetConfigValue                     
0000c2d8  efcGetConfigValue                     
0000c374  ccmr4GetConfigValue                   
0000c3e4  errata_PBIST_4                        
0000c748  enableParity                          
0000c7d0  disableParity                         
0000c974  StringFromFResult                     
0000c9dc  SysTickHandler                        
0000c9e8  Cmd_ls                                
0000cc70  Cmd_cd                                
0000cdfc  Cmd_pwd                               
0000ce20  Cmd_cat                               
0000cfa0  Cmd_del                               
0000d060  Cmd_init_sd                           
0000d0cc  Cmd_play_audio                        
0000d1dc  Cmd_read_firmware                     
0000d38c  Cmd_set_log                           
0000d4f8  Cmd_log_event                         
0000d5d4  Cmd_set_audio                         
0000d6e4  Cmd_current_log                       
0000d850  Cmd_read_last_100                     
0000dac4  Cmd_read_full                         
0000dd80  Cmd_read_begining_n                   
0000e038  Cmd_read_last_n                       
0000e2d8  Cmd_help                              
0000e33c  open_append                           
0000e3a0  SD_Test                               
0000f427  __TI_printfi                          
0000f72c  mmcSelectSpi                          
0000f7b4  SPI_send                              
0000fd28  disk_initialize                       
0000ffbc  disk_status                           
0000ffe8  disk_read                             
00010108  disk_write                            
00010280  disk_ioctl                            
00010578  disk_timerproc                        
000105e4  get_fattime                           
00010614  FileIF_CopyFileToBuffer               
00010838  FileIF_IsFileAvailable                
000108a4  FileIF_CreateFile                     
00010978  FileIF_DeleteFile                     
000109dc  FileIF_GetFileSize                    
00010a80  FileIF_AppendString                   
00010b80  FileIF_GetNoOfLines                   
00010c84  FileIF_ReadLine                       
00010e44  FileIF_CopyBufferToFile               
00011210  setupPLL                              
00011270  trimLPO                               
000112b8  setupFlash                            
000112f8  periphInit                            
0001134c  mapClocks                             
00011474  systemInit                            
00011540  systemPowerDown                       
00011570  systemGetConfigValue                  
00011984  tcmflashGetConfigValue                
00011b30  sramGetConfigValue                    
00011d38  SDCardIF_Initialize                   
00011d7c  SDCardIF_SetAudioFileBuffer           
00011df8  SDCardIF_PlayAudioFile                
00011e8c  SDCardIF_SetLogFile                   
00011f44  SDCardIF_DeleteLogFile                
00011fdc  SDCardIF_GetCurrentLogFile            
0001208c  SDCardIF_ReadFirmwareFile             
00012148  SDCardIF_LogEvent                     
00012258  SDCardIF_ReadEventLog                 
000124b4  SDCardIF_CreateFirmwareFile           
0001250c  SDCardIF_DeleteFirmwareFile           
0001255c  SDCardIF_AppendFirmwareData           
000125e8  SDCardIF_Reset                        
000127b0  vimInit                               
00012884  vimChannelMap                         
00012928  vimEnableInterrupt                    
00012af0  vimDisableInterrupt                   
00012b9c  vimGetConfigValue                     
00013204  mibspiInit                            
0001341c  mibspiSetFunctional                   
0001343c  mibspiSetData                         
00013548  mibspiGetData                         
00013694  mibspiTransfer                        
000136c4  mibspiIsTransferComplete              
00013730  mibspiEnableLoopback                  
00013764  mibspiDisableLoopback                 
00013780  mibspiPmodeSet                        
000137d0  mibspiEnableGroupNotification         
00013858  mibspiDisableGroupNotification        
0001388c  mibspi5GetConfigValue                 
00014089  __TI_scanfi                           
00014538  muxInit                               
000149ec  pinmuxGetConfigValue                  
00014e04  sciInit                               
00014ef0  sciSetFunctional                      
00014f10  sciSetBaudrate                        
00014f94  sciIsTxReady                          
00014fb0  sciSendByte                           
00014fe0  sciSend                               
00015114  sciIsRxReady                          
00015130  sciIsIdleDetected                     
0001514c  sciRxError                            
0001517c  sciReceiveByte                        
000151a8  sciReceive                            
00015280  sciEnableLoopback                     
000152b4  sciDisableLoopback                    
000152d8  sciEnableNotification                 
00015340  sciDisableNotification                
000153a8  sciGetConfigValue                     
00015554  UARTwrite                             
000155d0  UARTgets                              
00015704  UARTgetc                              
00015720  UARTvprintf                           
00015c2c  UARTprintf                            
00015c7c  rtiInit                               
00015d70  rtiStartCounter                       
00015d9c  rtiStopCounter                        
00015dc8  rtiResetCounter                       
00015e2c  rtiSetPeriod                          
00015e54  rtiGetPeriod                          
00015e7c  rtiGetCurrentTick                     
00015f08  dwdInit                               
00015f30  dwwdInit                              
00015f78  dwwdGetCurrentDownCounter             
00015f84  dwdCounterEnable                      
00015f94  dwdSetPreload                         
00015fb0  dwdReset                              
00015fcc  dwdGenerateSysReset                   
00015fe8  IsdwdKeySequenceCorrect               
0001601c  dwdGetStatus                          
00016050  dwdClearFlag                          
00016060  dwdGetViolationStatus                 
000160e8  rtiEnableNotification                 
00016110  rtiDisableNotification                
0001612c  rtiGetConfigValue                     
000162b4  esmInit                               
000163bc  esmError                              
000163d8  esmEnableError                        
00016404  esmDisableError                       
00016430  esmTriggerErrorPinReset               
00016440  esmActivateNormalOperation            
00016450  esmEnableInterrupt                    
0001647c  esmDisableInterrupt                   
000164a8  esmSetInterruptLevel                  
00016524  esmClearStatus                        
00016570  esmClearStatusBuffer                  
0001658c  esmSetCounterPreloadValue             
000165ac  esmGetStatus                          
00016638  esmGetStatusBuffer                    
00016670  esmEnterSelfTest                      
000166f8  esmSelfTestStatus                     
00016748  esmGetConfigValue                     
0001689c  SL_ESM_Init                           
000168d0  SL_ESM_nERROR_Active                  
00016e70  SL_FLAG_SET                           
00016ea0  SL_FLAG_CLEAR                         
00016ec4  SL_FLAG_GET                           
00016ee4  _SL_SelfTest_SRAM_RAD                 
00016ff8  _SL_SelfTest_adcGetSingleData         
000170b0  _SL_SelfTest_adcStartConversion_selChn
0001713c  _SL_SelfTest_adcIsConversionComplete  
000171c0  _SL_HoldNClear_nError                 
0001720c  _SL_Approximate_value                 
0001728c  afterSTC                              
00017670  esmCallBackFunction                   
0001769d  minit                                 
00017727  malloc                                
0001778f  free                                  
00017851  realloc                               
00017961  memalign                              
00017a4f  calloc                                
00017a84  SL_Init_ECCTCMRAM                     
00017b88  SL_Init_ECCFlash                      
00017c50  SL_Init_Memory                        
00017cc8  SL_Init_ResetReason                   
00017dbc  SL_Init_ResetReason_XInfo             
00017e58  _coreInitRegisters_                   
00017f64  _coreInitStackPointer_                
00017fb0  _getCPSRValue_                        
00017fb8  _gotoCPUIdle_                         
00017fd0  _coreEnableVfp_                       
00017ff0  _coreEnableEventBusExport_            
00018008  _coreDisableEventBusExport_           
00018020  _coreEnableRamEcc_                    
00018038  _coreDisableRamEcc_                   
00018050  _coreEnableFlashEcc_                  
0001806c  _coreDisableFlashEcc_                 
00018084  _coreEnableIrqVicOffset_              
0001809c  _coreGetDataFault_                    
000180a4  _coreClearDataFault_                  
000180b8  _coreGetInstructionFault_             
000180c0  _coreClearInstructionFault_           
000180d4  _coreGetDataFaultAddress_             
000180dc  _coreClearDataFaultAddress_           
000180f0  _coreGetInstructionFaultAddress_      
000180f8  _coreClearInstructionFaultAddress_    
0001810c  _coreGetAuxiliaryDataFault_           
00018114  _coreClearAuxiliaryDataFault_         
00018128  _coreGetAuxiliaryInstructionFault_    
00018130  _coreClearAuxiliaryInstructionFault_  
00018144  _disable_interrupt_                   
0001814c  _disable_FIQ_interrupt_               
00018154  _disable_IRQ_interrupt_               
0001815c  _enable_interrupt_                    
00018164  _esmCcmErrorsClear_                   
000181ec  _errata_CORTEXR4_57_                  
00018204  _errata_CORTEXR4_66_                  
0001821c  __TI_PINIT_Base                       
00018220  __TI_PINIT_Limit                      
00018225  write                                 
000182b9  remove                                
000182b9  unlink                                
000182db  rename                                
00018319  remove_device                         
00018341  read                                  
00018365  open                                  
0001841b  lseek                                 
0001843f  close                                 
0001848d  add_device                            
00018538  vimParityErrorHandler                 
00018815  HOSTwrite                             
00018861  HOSTunlink                            
00018899  HOSTtime                              
000188d3  HOSTrename                            
00018931  HOSTread                              
0001897f  HOSTopen                              
000189cf  HOSTlseek                             
00018a29  HOSTgetenv                            
00018a67  HOSTclose                             
00018a9f  HOSTclock                             
00018ae4  __aeabi_uldivmod                      
00018d9c  ff_convert                            
00018ec4  ff_wtoupper                           
00018fc9  strtod                                
00018fc9  strtold                               
000191b9  strtoll                               
000193a8  _SL_Init_ECCFlash                     
000193c4  _SL_Init_EnableEventExport            
000193dc  _SL_Init_ECCTCMRAM                    
000193f8  _SL_Disable_IRQ                       
00019418  _SL_Restore_IRQ                       
00019438  _SL_Get_ARM_Mode                      
00019444  _SL_Get_DataFault_Status              
0001944c  _SL_Get_DataFault_Address             
00019454  SL_Init_R4Registers                   
00019568  _SL_Kickoff_STC_execution             
00019570  _SL_Barrier_Data_Access               
0001957c  _c_int00                              
0001980f  __TI_cleanup                          
0001983b  freopen                               
00019865  fopen                                 
0001990d  strtoull                              
00019a81  fputs                                 
00019b91  puts                                  
00019bb8  CmdLineProcess                        
00019ce9  strtol                                
00019f31  _Dscale                               
0001a048  esmHighInterrupt                      
0001a15d  strtoul                               
0001a270  _pmuInit_                             
0001a2c4  _pmuEnableCountersGlobal_             
0001a2dc  _pmuDisableCountersGlobal_            
0001a2f4  _pmuResetCycleCounter_                
0001a30c  _pmuResetEventCounters_               
0001a324  _pmuResetCounters_                    
0001a33c  _pmuStartCounters_                    
0001a344  _pmuStopCounters_                     
0001a34c  _pmuSetCountEvent_                    
0001a358  _pmuGetCycleCount_                    
0001a360  _pmuGetEventCount_                    
0001a36c  _pmuGetOverflow_                      
0001a380  _dabort                               
0001a469  setvbuf                               
0001a545  __TI_doflush                          
0001a591  fflush                                
0001a611  vsscanf                               
0001a623  sscanf                                
0001a6dd  _Dnorm                                
0001a7a3  __aeabi_idiv0                         
0001a7a4  esmGroup1Notification                 
0001a7b4  esmGroup2Notification                 
0001a7c4  memoryPort0TestFailNotification       
0001a7e0  memoryPort1TestFailNotification       
0001a7fc  rtiNotification                       
0001a818  mibspiNotification                    
0001a82c  mibspiGroupNotification               
0001a840  sciNotification                       
0001a854  dmaGroupANotification                 
0001a868  SL_Log_Error                          
0001a92c  main                                  
0001a9f1  __TI_wrt_ok                           
0001aa55  __TI_rd_ok                            
0001aa9f  __aeabi_memcpy                        
0001aa9f  __aeabi_memcpy4                       
0001aa9f  __aeabi_memcpy8                       
0001aa9f  memcpy                                
0001ab3d  __TI_closefile                        
0001aba3  fclose                                
0001abd5  __aeabi_memclr                        
0001abd5  __aeabi_memclr4                       
0001abd5  __aeabi_memclr8                       
0001abd7  __aeabi_memset                        
0001abd7  __aeabi_memset4                       
0001abd7  __aeabi_memset8                       
0001abdd  memset                                
0001ac51  __TI_auto_init                        
0001acbd  __TI_writemsg                         
0001acef  C$$IO$$                               
0001acf3  __TI_readmsg                          
0001ad95  fseek                                 
0001adf9  sprintf                               
0001ae5d  _Dunscale                             
0001aec1  ltoa                                  
0001af18  __aeabi_idiv                          
0001af18  __aeabi_idivmod                       
0001af6d  atoi                                  
0001afbc  __aeabi_uidiv                         
0001afbc  __aeabi_uidivmod                      
0001b00c  rtiCompare3Interrupt                  
0001b059  copy_in                               
0001b0a5  ldexp                                 
0001b0e9  C$$EXIT                               
0001b0ed  abort                                 
0001b0f5  exit                                  
0001b129  signal                                
0001b169  _Dclass                               
0001b1a5  strncpy                               
0001b1dd  feraiseexcept                         
0001b211  _Feraise                              
0001b245  raise                                 
0001b275  _nassert                              
0001b277  _abort_msg                            
0001b28d  _assert                               
0001b2a1  frexp                                 
0001b2c5  memchr                                
0001b2e5  strcat                                
0001b303  memccpy                               
0001b31f  __aeabi_lmul                          
0001b337  strcmp                                
0001b34f  strrchr                               
0001b367  strchr                                
0001b37d  strlen                                
0001b395  _register_unlock                      
0001b39b  _register_lock                        
0001b3a3  _nop                                  
0001b3a9  strcpy                                
0001b3bd  __TI_decompress_none                  
0001b3cb  __TI_zero_init                        
0001b3d7  __TI_decompress_rle24                 
0001b3dc  phantomInterrupt                      
0002a948  _ctypes_                              
0002ad6c  __TI_Handler_Table_Base               
0002ad78  __TI_Handler_Table_Limit              
0002ad80  __TI_CINIT_Base                       
0002ad98  __TI_CINIT_Limit                      
08001b54  __CIOBUF_                             
08001c74  event_log_file                        
08001d74  __TI_tmpnams                          
08001f49  resetReason                           
08001f50  _sys_memory                           
08002950  g_psCmdTable                          
08002a4c  _ftable                               
08002cbc  g_psFResultStrings                    
08002d5c  _Errno                                
08002d60  _Denorm                               
08002d70  _Eps                                  
08002d80  _Hugeval                              
08002d90  _Inf                                  
08002da0  _Nan                                  
08002db0  _Snan                                 
08002dc0  _Rteps                                
08002dd0  _Xbig                                 
08002dd8  _Zero                                 
08002e30  sl_priv_flag_set                      
08002e60  sramEccTestBuff                       
08002e80  __TI_ft_end                           
08002e84  __aeabi_stdin                         
08002e88  __aeabi_stdout                        
08002e8c  __aeabi_stderr                        
08002e9c  sdcardif_initialized                  
08002ea0  audio_buffer                          
08002ea4  audio_buffer_size                     
08002ea8  _spiPORT                              
08002eac  _spiREG                               
08002eb4  _lock                                 
08002eb8  _unlock                               
08002ebc  __TI_cleanup_ptr                      
08002ec0  __TI_dtors_ptr                        
08002ec4  _Fenv                                 
08002ec8  _Tls_setup__Fenv                      
08002ed8  _SL_Log_Error_Buffer                  
08002ed8  ulLOGStartAddr                        
0800305c  _SL_Log_Error_Index                   
08003060  ulLOGEndAddr                          
ffffffff  __binit__                             
ffffffff  __c_args__                            
ffffffff  binit                                 
UNDEFED   SHT$$INIT_ARRAY$$Base                 
UNDEFED   SHT$$INIT_ARRAY$$Limit                

[488 symbols]
