******************************************************************************
                  TI ARM Linker PC v5.2.5                      
******************************************************************************
>> Linked Sun Feb 21 13:33:40 2016

OUTPUT FILE NAME:   <sdcard_test.out>
ENTRY POINT SYMBOL: "_c_int00"  address: 00013ac8


MEMORY CONFIGURATION

         name            origin    length      used     unused   attr    fill
----------------------  --------  ---------  --------  --------  ----  --------
  VECTORS               00000000   00000020  00000020  00000000     X
  FLASH0                00000020   0013ffe0  0002572d  0011a8b3  R  X
  STACKS                08000000   00001500  00000000  00001500  RW  
  RAM                   08001500   0001eb00  0000197d  0001d183  RW  


SEGMENT ALLOCATION MAP

run origin  load origin   length   init length attrs members
----------  ----------- ---------- ----------- ----- -------
00000000    00000000    00025758   00025758    r-x
  00000000    00000000    00000020   00000020    r-x .intvecs
  00000020    00000020    00015d9c   00015d9c    r-x .text
  00015dc0    00015dc0    0000f739   0000f739    r-- .const
  00025500    00025500    00000258   00000258    r-- .cinit
08001500    08001500    00001980   00000000    rw-
  08001500    08001500    00000a45   00000000    rw- .bss
  08001f48    08001f48    00000a00   00000000    rw- .sysmem
  08002948    08002948    00000538   00000000    rw- .data


SECTION ALLOCATION MAP

 output                                  attributes/
section   page    origin      length       input sections
--------  ----  ----------  ----------   ----------------
.intvecs   0    00000000    00000020     
                  00000000    00000020     sys_intvecs.obj (.intvecs)

.text      0    00000020    00015d9c     
                  00000020    000061c8     ff.obj (.text)
                  000061e8    00002cdc     sys_selftest.obj (.text)
                  00008ec4    00001d58     sd_card.obj (.text)
                  0000ac1c    00001060     rtsv7R4_T_be_v3D16_eabi.lib : _printfi.obj (.text)
                  0000bc7c    00000ee8     mmc-test.obj (.text)
                  0000cb64    00000b28     system.obj (.text)
                  0000d68c    00000a54     sys_vim.obj (.text)
                  0000e0e0    000009f8     mibspi.obj (.text)
                  0000ead8    0000093c     rtsv7R4_T_be_v3D16_eabi.lib : _scanfi.obj (.text)
                  0000f414    00000934     sdcard_interface.obj (.text)
                  0000fd48    000008cc     pinmux.obj (.text)
                  00010614    00000750     sci.obj (.text)
                  00010d64    00000728     uartstdio.obj (.text)
                  0001148c    000006f0     plat_arm.obj (.text)
                  00011b7c    00000638     rti.obj (.text)
                  000121b4    000005e8     esm.obj (.text)
                  0001279c    000003e8     rtsv7R4_T_be_v3D16_eabi.lib : memory.obj (.text)
                  00012b84    000003cc     sys_core.obj (.text)
                  00012f50    00000314     rtsv7R4_T_be_v3D16_eabi.lib : lowlev.obj (.text)
                  00013264    000002dc     sys_vim.obj (.text:retain)
                  00013540    000002d0     rtsv7R4_T_be_v3D16_eabi.lib : trgdrv.obj (.text)
                  00013810    000002b8                                 : ull_div32.obj (.text)
                  00013ac8    0000027c     sys_startup.obj (.text:retain)
                  00013d44    0000022c     unicode.obj (.text)
                  00013f70    000001f0     rtsv7R4_T_be_v3D16_eabi.lib : strtod.obj (.text)
                  00014160    000001f0                                 : strtoll.obj (.text)
                  00014350    000001c8                                 : fopen.obj (.text)
                  00014518    00000174                                 : strtoull.obj (.text)
                  0001468c    00000138                                 : fputs.obj (.text)
                  000147c4    00000130     cmdline.obj (.text)
                  000148f4    00000130     rtsv7R4_T_be_v3D16_eabi.lib : strtol.obj (.text)
                  00014a24    00000118                                 : xdscale.obj (.text)
                  00014b3c    00000114     esm.obj (.text:retain)
                  00014c50    00000114     rtsv7R4_T_be_v3D16_eabi.lib : strtoul.obj (.text)
                  00014d64    00000110     sys_pmu.obj (.text)
                  00014e74    000000e8     dabort.obj (.text)
                  00014f5c    000000dc     rtsv7R4_T_be_v3D16_eabi.lib : setvbuf.obj (.text)
                  00015038    000000cc                                 : fflush.obj (.text)
                  00015104    000000cc                                 : sscanf.obj (.text)
                  000151d0    000000c6                                 : xdnorm.obj (.text)
                  00015296    00000002                                 : i_div0.obj (.text)
                  00015298    000000c4     notification.obj (.text)
                  0001535c    000000c4     sys_main.obj (.text)
                  00015420    000000ae     rtsv7R4_T_be_v3D16_eabi.lib : _io_perm.obj (.text)
                  000154ce    0000009c                                 : memcpy_t2.obj (.text)
                  0001556a    00000002     --HOLE-- [fill = 0]
                  0001556c    00000098                                 : fclose.obj (.text)
                  00015604    0000007a                                 : memset_t2.obj (.text)
                  0001567e    00000002     --HOLE-- [fill = 0]
                  00015680    0000006c                                 : autoinit.obj (.text)
                  000156ec    0000006c                                 : trgmsg.obj (.text)
                  00015758    0000006a                                 : copy_decompress_rle.obj (.text)
                  000157c2    00000002     --HOLE-- [fill = 0]
                  000157c4    00000064                                 : fseek.obj (.text)
                  00015828    00000064                                 : sprintf.obj (.text)
                  0001588c    00000064                                 : xdunscal.obj (.text)
                  000158f0    00000056                                 : ltoa.obj (.text)
                  00015946    00000002     --HOLE-- [fill = 0]
                  00015948    00000050                                 : atoi.obj (.text)
                  00015998    00000050                                 : u_div32.obj (.text)
                  000159e8    0000004c     rti.obj (.text:retain)
                  00015a34    0000004c     rtsv7R4_T_be_v3D16_eabi.lib : cpy_tbl.obj (.text)
                  00015a80    00000044                                 : ldexp.obj (.text)
                  00015ac4    00000040                                 : exit.obj (.text)
                  00015b04    00000040                                 : signal.obj (.text)
                  00015b44    0000003c                                 : xdclass.obj (.text)
                  00015b80    00000036                                 : strncpy.obj (.text)
                  00015bb6    00000002     --HOLE-- [fill = 0]
                  00015bb8    00000034                                 : feraiseexcept.obj (.text)
                  00015bec    00000034                                 : xferaise.obj (.text)
                  00015c20    0000002e                                 : raise.obj (.text)
                  00015c4e    00000002     --HOLE-- [fill = 0]
                  00015c50    0000002c                                 : assert.obj (.text)
                  00015c7c    00000024                                 : frexp.obj (.text)
                  00015ca0    00000020                                 : memchr.obj (.text)
                  00015cc0    0000001e                                 : strcat.obj (.text)
                  00015cde    0000001c                                 : memccpy.obj (.text)
                  00015cfa    00000018                                 : ll_mul_t2.obj (.text)
                  00015d12    00000018                                 : strcmp.obj (.text)
                  00015d2a    00000018                                 : strrchr.obj (.text)
                  00015d42    00000016                                 : strchr.obj (.text)
                  00015d58    00000016                                 : strlen.obj (.text)
                  00015d6e    00000002     --HOLE-- [fill = 0]
                  00015d70    00000014                                 : _lock.obj (.text)
                  00015d84    00000014                                 : strcpy.obj (.text)
                  00015d98    0000000e                                 : copy_decompress_none.obj (.text:decompress:none)
                  00015da6    0000000c                                 : copy_zero_init.obj (.text:decompress:ZI)
                  00015db2    00000006                                 : copy_decompress_rle.obj (.text:decompress:rle24)
                  00015db8    00000004     sys_phantom.obj (.text:retain)

.const     0    00015dc0    0000f739     
                  00015dc0    00007378     unicode.obj (.const:sjis2uni)
                  0001d138    00007378     unicode.obj (.const:uni2sjis)
                  000244b0    000004c0     sd_card.obj (.const:.string)
                  00024970    000003dc     unicode.obj (.const:lower$1)
                  00024d4c    000003dc     unicode.obj (.const:upper$2)
                  00025128    00000200     sys_vim.obj (.const:s_vim_init)
                  00025328    00000101     rtsv7R4_T_be_v3D16_eabi.lib : ctype.obj (.const:.string:_ctypes_)
                  00025429    00000003     --HOLE-- [fill = 0]
                  0002542c    00000004     uartstdio.obj (.const)
                  00025430    00000098     rtsv7R4_T_be_v3D16_eabi.lib : strtod.obj (.const)
                  000254c8    00000014     uartstdio.obj (.const:.string)
                  000254dc    00000010     rtsv7R4_T_be_v3D16_eabi.lib : _scanfi.obj (.const)
                  000254ec    0000000d     ff.obj (.const:.string)

.cinit     0    00025500    00000258     
                  00025500    00000233     (.cinit..data.load) [load image, compression = rle]
                  00025733    00000001     --HOLE-- [fill = 0]
                  00025734    0000000c     (__TI_handler_table)
                  00025740    00000008     (.cinit..bss.load) [load image, compression = zero_init]
                  00025748    00000010     (__TI_cinit_table)

.bss       0    08001500    00000a45     UNINITIALIZED
                  08001500    00000230     sd_card.obj (.bss:g_sFatFs)
                  08001730    00000224     sd_card.obj (.bss:g_sFileObject)
                  08001954    00000200     ff.obj (.bss:LfnBuf)
                  08001b54    00000120     rtsv7R4_T_be_v3D16_eabi.lib : trgmsg.obj (.bss:__CIOBUF_)
                  08001c74    00000100     sdcard_interface.obj (.bss:event_log_file)
                  08001d74    000000a0     rtsv7R4_T_be_v3D16_eabi.lib : defs.obj (.bss:__TI_tmpnams)
                  08001e14    00000050     sd_card.obj (.bss:g_pcTmpBuf)
                  08001e64    00000040     sd_card.obj (.bss:g_pcCmdBuf)
                  08001ea4    00000028     sci.obj (.bss:g_sciTransfer_t)
                  08001ecc    00000024     cmdline.obj (.bss:g_ppcArgv)
                  08001ef0    00000024     sd_card.obj (.bss:g_sDirObject)
                  08001f14    00000020     (.common:g_sFileInfo)
                  08001f34    00000008     (.common:parmbuf)
                  08001f3c    00000004     (.common:FatFs)
                  08001f40    00000002     (.common:Fsid)
                  08001f42    00000001     (.common:CardType)
                  08001f43    00000001     (.common:Timer1)
                  08001f44    00000001     (.common:Timer2)

.TI.noinit 
*          0    08001500    00000000     UNINITIALIZED

.sysmem    0    08001f48    00000a00     UNINITIALIZED
                  08001f48    00000008     rtsv7R4_T_be_v3D16_eabi.lib : memory.obj (.sysmem)
                  08001f50    000009f8     --HOLE--

.data      0    08002948    00000538     UNINITIALIZED
                  08002948    000000fc     sd_card.obj (.data:g_psCmdTable)
                  08002a44    000000f0     rtsv7R4_T_be_v3D16_eabi.lib : defs.obj (.data:_ftable)
                  08002b34    000000d0                                 : lowlev.obj (.data)
                  08002c04    000000b0                                 : signal.obj (.data:sigtable)
                  08002cb4    000000a0     sd_card.obj (.data:g_psFResultStrings)
                  08002d54    00000004     rtsv7R4_T_be_v3D16_eabi.lib : errno.obj (.data)
                  08002d58    00000080                                 : xvalues.obj (.data)
                  08002dd8    00000050     sd_card.obj (.data:g_pcCwdBuf)
                  08002e28    00000010     rtsv7R4_T_be_v3D16_eabi.lib : defs.obj (.data)
                  08002e38    0000000c                                 : memory.obj (.data)
                  08002e44    0000000c     sdcard_interface.obj (.data)
                  08002e50    0000000a     mmc-test.obj (.data)
                  08002e5a    00000001     uartstdio.obj (.data)
                  08002e5b    00000001     --HOLE--
                  08002e5c    00000008     rtsv7R4_T_be_v3D16_eabi.lib : _lock.obj (.data)
                  08002e64    00000008                                 : exit.obj (.data)
                  08002e6c    00000008                                 : feraiseexcept.obj (.data)
                  08002e74    00000005     sd_card.obj (.data)
                  08002e79    00000003     --HOLE--
                  08002e7c    00000004     rtsv7R4_T_be_v3D16_eabi.lib : fopen.obj (.data)

.TI.persistent 
*          0    08002948    00000000     UNINITIALIZED


LINKER GENERATED COPY TABLES

__TI_cinit_table @ 00025748 records: 2, size/record: 8, table size: 16
	.data: load addr=00025500, load size=00000233 bytes, run addr=08002948, run size=00000538 bytes, compression=rle
	.bss: load addr=00025740, load size=00000008 bytes, run addr=08001500, run size=00000a45 bytes, compression=zero_init


LINKER GENERATED HANDLER TABLE

__TI_handler_table @ 00025734 records: 3, size/record: 4, table size: 12
	index: 0, handler: __TI_zero_init
	index: 1, handler: __TI_decompress_rle24
	index: 2, handler: __TI_decompress_none


GLOBAL SYMBOLS: SORTED ALPHABETICALLY BY Name 

address   name                                
-------   ----                                
00015ac5  C$$EXIT                             
0001571f  C$$IO$$                             
000147c4  CmdLineProcess                      
00009370  Cmd_cat                             
000091c0  Cmd_cd                              
00009c34  Cmd_current_log                     
000094f0  Cmd_del                             
0000a828  Cmd_help                            
000095b0  Cmd_init_sd                         
00009a48  Cmd_log_event                       
00008f38  Cmd_ls                              
0000961c  Cmd_play_audio                      
0000934c  Cmd_pwd                             
0000a2d0  Cmd_read_begining_n                 
0000972c  Cmd_read_firmware                   
0000a014  Cmd_read_full                       
00009da0  Cmd_read_last_100                   
0000a588  Cmd_read_last_n                     
00009b24  Cmd_set_audio                       
000098dc  Cmd_set_log                         
00011828  FileIF_AppendString                 
0001148c  FileIF_CopyFileToBuffer             
000116d8  FileIF_CreateFile                   
00011768  FileIF_DeleteFile                   
000117a8  FileIF_GetFileSize                  
00011900  FileIF_GetNoOfLines                 
0001166c  FileIF_IsFileAvailable              
000119e0  FileIF_ReadLine                     
000137cb  HOSTclock                           
00013793  HOSTclose                           
00013755  HOSTgetenv                          
000136fb  HOSTlseek                           
000136ab  HOSTopen                            
0001365d  HOSTread                            
000135ff  HOSTrename                          
000135c5  HOSTtime                            
0001358d  HOSTunlink                          
00013541  HOSTwrite                           
00011ee8  IsdwdKeySequenceCorrect             
0000f610  SDCardIF_DeleteLogFile              
0000f6a8  SDCardIF_GetCurrentLogFile          
0000f414  SDCardIF_Initialize                 
0000f814  SDCardIF_LogEvent                   
0000f4c4  SDCardIF_PlayAudioFile              
0000f924  SDCardIF_ReadEventLog               
0000f758  SDCardIF_ReadFirmwareFile           
0000fb80  SDCardIF_Reset                      
0000f448  SDCardIF_SetAudioFileBuffer         
0000f558  SDCardIF_SetLogFile                 
0000a8f0  SD_Test                             
UNDEFED   SHT$$INIT_ARRAY$$Base               
UNDEFED   SHT$$INIT_ARRAY$$Limit              
0000bd04  SPI_send                            
00008ec4  StringFromFResult                   
00008f2c  SysTickHandler                      
00010f14  UARTgetc                            
00010de0  UARTgets                            
0001143c  UARTprintf                          
00010f30  UARTvprintf                         
00010d64  UARTwrite                           
00015b45  _Dclass                             
08002d58  _Denorm                             
000151d1  _Dnorm                              
00014a25  _Dscale                             
0001588d  _Dunscale                           
08002d68  _Eps                                
08002d54  _Errno                              
08002e6c  _Fenv                               
00015bed  _Feraise                            
08002d78  _Hugeval                            
08002d88  _Inf                                
08002d98  _Nan                                
08002db8  _Rteps                              
08002da8  _Snan                               
08002e70  _Tls_setup__Fenv                    
08002dc8  _Xbig                               
08002dd0  _Zero                               
08001b54  __CIOBUF_                           
00000a00  __SYSMEM_SIZE                       
00025748  __TI_CINIT_Base                     
00025758  __TI_CINIT_Limit                    
00025734  __TI_Handler_Table_Base             
00025740  __TI_Handler_Table_Limit            
00012f48  __TI_PINIT_Base                     
00012f4c  __TI_PINIT_Limit                    
00015681  __TI_auto_init                      
0001441b  __TI_cleanup                        
08002e64  __TI_cleanup_ptr                    
0001556d  __TI_closefile                      
00015d99  __TI_decompress_none                
00015db3  __TI_decompress_rle24               
00015039  __TI_doflush                        
08002e68  __TI_dtors_ptr                      
08002e28  __TI_ft_end                         
0000b977  __TI_printfi                        
00015485  __TI_rd_ok                          
00015723  __TI_readmsg                        
0000ef65  __TI_scanfi                         
00000000  __TI_static_base__                  
08001d74  __TI_tmpnams                        
000156ed  __TI_writemsg                       
00015421  __TI_wrt_ok                         
00015da7  __TI_zero_init                      
00015297  __aeabi_idiv0                       
00015cfb  __aeabi_lmul                        
00015605  __aeabi_memclr                      
00015605  __aeabi_memclr4                     
00015605  __aeabi_memclr8                     
000154cf  __aeabi_memcpy                      
000154cf  __aeabi_memcpy4                     
000154cf  __aeabi_memcpy8                     
00015607  __aeabi_memset                      
00015607  __aeabi_memset4                     
00015607  __aeabi_memset8                     
08002e34  __aeabi_stderr                      
08002e2c  __aeabi_stdin                       
08002e30  __aeabi_stdout                      
00015998  __aeabi_uidiv                       
00015998  __aeabi_uidivmod                    
00013810  __aeabi_uldivmod                    
ffffffff  __binit__                           
ffffffff  __c_args__                          
00015c53  _abort_msg                          
00015c69  _assert                             
00013ac8  _c_int00                            
00012e40  _coreClearAuxiliaryDataFault_       
00012e5c  _coreClearAuxiliaryInstructionFault_
00012e08  _coreClearDataFaultAddress_         
00012dd0  _coreClearDataFault_                
00012e24  _coreClearInstructionFaultAddress_  
00012dec  _coreClearInstructionFault_         
00012d34  _coreDisableEventBusExport_         
00012d98  _coreDisableFlashEcc_               
00012d64  _coreDisableRamEcc_                 
00012d1c  _coreEnableEventBusExport_          
00012d7c  _coreEnableFlashEcc_                
00012db0  _coreEnableIrqVicOffset_            
00012d4c  _coreEnableRamEcc_                  
00012cfc  _coreEnableVfp_                     
00012e38  _coreGetAuxiliaryDataFault_         
00012e54  _coreGetAuxiliaryInstructionFault_  
00012e00  _coreGetDataFaultAddress_           
00012dc8  _coreGetDataFault_                  
00012e1c  _coreGetInstructionFaultAddress_    
00012de4  _coreGetInstructionFault_           
00012b84  _coreInitRegisters_                 
00012c90  _coreInitStackPointer_              
00025328  _ctypes_                            
00014e74  _dabort                             
00012e78  _disable_FIQ_interrupt_             
00012e80  _disable_IRQ_interrupt_             
00012e70  _disable_interrupt_                 
00012e88  _enable_interrupt_                  
00012f18  _errata_CORTEXR4_57_                
00012f30  _errata_CORTEXR4_66_                
00012e90  _esmCcmErrorsClear_                 
08002a44  _ftable                             
00012cdc  _getCPSRValue_                      
00012ce4  _gotoCPUIdle_                       
08002e5c  _lock                               
00015c51  _nassert                            
00015d7f  _nop                                
00014dd0  _pmuDisableCountersGlobal_          
00014db8  _pmuEnableCountersGlobal_           
00014e4c  _pmuGetCycleCount_                  
00014e54  _pmuGetEventCount_                  
00014e60  _pmuGetOverflow_                    
00014d64  _pmuInit_                           
00014e18  _pmuResetCounters_                  
00014de8  _pmuResetCycleCounter_              
00014e00  _pmuResetEventCounters_             
00014e40  _pmuSetCountEvent_                  
00014e30  _pmuStartCounters_                  
00014e38  _pmuStopCounters_                   
00015d77  _register_lock                      
00015d71  _register_unlock                    
08002e50  _spiPORT                            
08002e54  _spiREG                             
08001f48  _sys_memory                         
08002e60  _unlock                             
00015ac9  abort                               
00007434  adc1ParityCheck                     
00007520  adc2ParityCheck                     
000131b9  add_device                          
00015949  atoi                                
ffffffff  binit                               
00012b4f  calloc                              
000075d8  can1ParityCheck                     
000076b0  can2ParityCheck                     
00007778  can3ParityCheck                     
000061f8  ccmSelfCheck                        
000088c4  ccmr4GetConfigValue                 
00006b00  checkB0RAMECC                       
00006cf0  checkB1RAMECC                       
00007de0  checkClockMonitor                   
00006ee0  checkFlashECC                       
00007ebc  checkFlashEEPROMECC                 
00008054  checkPLL1Slip                       
00008154  checkPLL2Slip                       
00008218  checkRAMAddrParity                  
00007b98  checkRAMECC                         
00008324  checkRAMUERRTest                    
00006984  checkefcSelfTest                    
0001316b  close                               
000004e4  clust2sect                          
00015a35  copy_in                             
000063fc  cpuSelfTest                         
00006fc4  cpuSelfTestFail                     
00006fbc  custom_dabort                       
00008d20  disableParity                       
0000c278  disk_initialize                     
0000c7d0  disk_ioctl                          
0000c538  disk_read                           
0000c50c  disk_status                         
0000cac8  disk_timerproc                      
0000c658  disk_write                          
00015348  dmaGroupANotification               
00007074  dmaParityCheck                      
00011f50  dwdClearFlag                        
00011e84  dwdCounterEnable                    
00011ecc  dwdGenerateSysReset                 
00011f1c  dwdGetStatus                        
00011f60  dwdGetViolationStatus               
00011e08  dwdInit                             
00011eb0  dwdReset                            
00011e94  dwdSetPreload                       
00011e78  dwwdGetCurrentDownCounter           
00011e30  dwwdInit                            
00006828  efcCheck                            
00008828  efcGetConfigValue                   
0000695c  efcSelfTest                         
000068b0  efcStuckZeroTest                    
00008c98  enableParity                        
00008934  errata_PBIST_4                      
00012340  esmActivateNormalOperation          
00012424  esmClearStatus                      
00012470  esmClearStatusBuffer                
00012304  esmDisableError                     
0001237c  esmDisableInterrupt                 
000122d8  esmEnableError                      
00012350  esmEnableInterrupt                  
00012570  esmEnterSelfTest                    
000122bc  esmError                            
00012648  esmGetConfigValue                   
000124ac  esmGetStatus                        
00012538  esmGetStatusBuffer                  
00015298  esmGroup1Notification               
000152a8  esmGroup2Notification               
00014b3c  esmHighInterrupt                    
000121b4  esmInit                             
000125f8  esmSelfTestStatus                   
0001248c  esmSetCounterPreloadValue           
000123a8  esmSetInterruptLevel                
00012330  esmTriggerErrorPinReset             
00015ad1  exit                                
000055dc  f_chmod                             
0000455c  f_close                             
00004b0c  f_closedir                          
00004cbc  f_getfree                           
000059cc  f_gets                              
000045b0  f_lseek                             
000052d0  f_mkdir                             
00003654  f_mount                             
00003720  f_open                              
000049dc  f_opendir                           
00005c54  f_printf                            
00005b40  f_putc                              
00005bbc  f_puts                              
00003ad0  f_read                              
00004b40  f_readdir                           
000056c0  f_rename                            
00004c24  f_stat                              
000043b0  f_sync                              
00004f2c  f_truncate                          
0000512c  f_unlink                            
000058e0  f_utime                             
00003eec  f_write                             
000155d3  fclose                              
00015bb9  feraiseexcept                       
00013d44  ff_convert                          
00013e6c  ff_wtoupper                         
00015085  fflush                              
0000848c  fmcBus1ParityCheck                  
00006a24  fmcBus2Check                        
00006a60  fmcECCcheck                         
00014471  fopen                               
0001468d  fputs                               
0001288f  free                                
00014447  freopen                             
00015c7d  frexp                               
000157c5  fseek                               
08002948  g_psCmdTable                        
08002cb4  g_psFResultStrings                  
0000053c  get_fat                             
0000cb34  get_fattime                         
00007120  het1ParityCheck                     
00007288  het2ParityCheck                     
000071cc  htu1ParityCheck                     
00007384  htu2ParityCheck                     
00015a81  ldexp                               
00013147  lseek                               
000158f1  ltoa                                
0001535c  main                                
00012827  malloc                              
0000cca0  mapClocks                           
00012a61  memalign                            
00015cdf  memccpy                             
00015ca1  memchr                              
000154cf  memcpy                              
0000633c  memoryInit                          
000152b8  memoryPort0TestFailNotification     
000152d4  memoryPort1TestFailNotification     
0001560d  memset                              
0000784c  mibspi1ParityCheck                  
00007954  mibspi3ParityCheck                  
0000e768  mibspi5GetConfigValue               
00007a78  mibspi5ParityCheck                  
0000e734  mibspiDisableGroupNotification      
0000e640  mibspiDisableLoopback               
0000e6ac  mibspiEnableGroupNotification       
0000e60c  mibspiEnableLoopback                
0000e424  mibspiGetData                       
00015320  mibspiGroupNotification             
0000e0e0  mibspiInit                          
0000e5a0  mibspiIsTransferComplete            
0001530c  mibspiNotification                  
0000e65c  mibspiPmodeSet                      
0000e318  mibspiSetData                       
0000e2f8  mibspiSetFunctional                 
0000e570  mibspiTransfer                      
0001279d  minit                               
0000bc7c  mmcSelectSpi                        
0000fd48  muxInit                             
00013091  open                                
0000a88c  open_append                         
000085b4  pbistFail                           
00008638  pbistGetConfigValue                 
00006770  pbistIsTestCompleted                
0000679c  pbistIsTestPassed                   
000067d0  pbistPortTestStatus                 
00006674  pbistRun                            
00006494  pbistSelfCheck                      
00006740  pbistStop                           
0000cc4c  periphInit                          
00015db8  phantomInterrupt                    
000101fc  pinmuxGetConfigValue                
00000754  put_fat                             
0001479d  puts                                
00015c21  raise                               
0001306d  read                                
00012951  realloc                             
00012fe5  remove                              
00013045  remove_device                       
00013007  rename                              
00000000  resetEntry                          
000159e8  rtiCompare3Interrupt                
00012010  rtiDisableNotification              
00011fe8  rtiEnableNotification               
0001202c  rtiGetConfigValue                   
00011d7c  rtiGetCurrentTick                   
00011d54  rtiGetPeriod                        
00011b7c  rtiInit                             
000152f0  rtiNotification                     
00011cc8  rtiResetCounter                     
00011d2c  rtiSetPeriod                        
00011c70  rtiStartCounter                     
00011c9c  rtiStopCounter                      
00010ac4  sciDisableLoopback                  
00010b50  sciDisableNotification              
00010a90  sciEnableLoopback                   
00010ae8  sciEnableNotification               
00010bb8  sciGetConfigValue                   
00010614  sciInit                             
00010940  sciIsIdleDetected                   
00010924  sciIsRxReady                        
000107a4  sciIsTxReady                        
00015334  sciNotification                     
000109b8  sciReceive                          
0001098c  sciReceiveByte                      
0001095c  sciRxError                          
000107f0  sciSend                             
000107c0  sciSendByte                         
00010720  sciSetBaudrate                      
00010700  sciSetFunctional                    
000061e8  selftestFailNotification            
0000cc0c  setupFlash                          
0000cb64  setupPLL                            
00014f5d  setvbuf                             
00015b05  signal                              
00015829  sprintf                             
0000d484  sramGetConfigValue                  
00015117  sscanf                              
00008784  stcGetConfigValue                   
00006380  stcSelfCheck                        
00006fc0  stcSelfCheckFail                    
00015cc1  strcat                              
00015d43  strchr                              
00015d13  strcmp                              
00015d85  strcpy                              
00015d59  strlen                              
00015b81  strncpy                             
00015d2b  strrchr                             
00013f71  strtod                              
000148f5  strtol                              
00013f71  strtold                             
00014161  strtoll                             
00014c51  strtoul                             
00014519  strtoull                            
0000cec4  systemGetConfigValue                
0000cdc8  systemInit                          
0000ce94  systemPowerDown                     
0000d2d8  tcmflashGetConfigValue              
0000cbc4  trimLPO                             
00012fe5  unlink                              
0000d760  vimChannelMap                       
0000d9cc  vimDisableInterrupt                 
0000d804  vimEnableInterrupt                  
0000da78  vimGetConfigValue                   
0000d68c  vimInit                             
00006fc8  vimParityCheck                      
00013264  vimParityErrorHandler               
00015105  vsscanf                             
00012f51  write                               


GLOBAL SYMBOLS: SORTED BY Symbol Address 

address   name                                
-------   ----                                
00000000  __TI_static_base__                  
00000000  resetEntry                          
000004e4  clust2sect                          
0000053c  get_fat                             
00000754  put_fat                             
00000a00  __SYSMEM_SIZE                       
00003654  f_mount                             
00003720  f_open                              
00003ad0  f_read                              
00003eec  f_write                             
000043b0  f_sync                              
0000455c  f_close                             
000045b0  f_lseek                             
000049dc  f_opendir                           
00004b0c  f_closedir                          
00004b40  f_readdir                           
00004c24  f_stat                              
00004cbc  f_getfree                           
00004f2c  f_truncate                          
0000512c  f_unlink                            
000052d0  f_mkdir                             
000055dc  f_chmod                             
000056c0  f_rename                            
000058e0  f_utime                             
000059cc  f_gets                              
00005b40  f_putc                              
00005bbc  f_puts                              
00005c54  f_printf                            
000061e8  selftestFailNotification            
000061f8  ccmSelfCheck                        
0000633c  memoryInit                          
00006380  stcSelfCheck                        
000063fc  cpuSelfTest                         
00006494  pbistSelfCheck                      
00006674  pbistRun                            
00006740  pbistStop                           
00006770  pbistIsTestCompleted                
0000679c  pbistIsTestPassed                   
000067d0  pbistPortTestStatus                 
00006828  efcCheck                            
000068b0  efcStuckZeroTest                    
0000695c  efcSelfTest                         
00006984  checkefcSelfTest                    
00006a24  fmcBus2Check                        
00006a60  fmcECCcheck                         
00006b00  checkB0RAMECC                       
00006cf0  checkB1RAMECC                       
00006ee0  checkFlashECC                       
00006fbc  custom_dabort                       
00006fc0  stcSelfCheckFail                    
00006fc4  cpuSelfTestFail                     
00006fc8  vimParityCheck                      
00007074  dmaParityCheck                      
00007120  het1ParityCheck                     
000071cc  htu1ParityCheck                     
00007288  het2ParityCheck                     
00007384  htu2ParityCheck                     
00007434  adc1ParityCheck                     
00007520  adc2ParityCheck                     
000075d8  can1ParityCheck                     
000076b0  can2ParityCheck                     
00007778  can3ParityCheck                     
0000784c  mibspi1ParityCheck                  
00007954  mibspi3ParityCheck                  
00007a78  mibspi5ParityCheck                  
00007b98  checkRAMECC                         
00007de0  checkClockMonitor                   
00007ebc  checkFlashEEPROMECC                 
00008054  checkPLL1Slip                       
00008154  checkPLL2Slip                       
00008218  checkRAMAddrParity                  
00008324  checkRAMUERRTest                    
0000848c  fmcBus1ParityCheck                  
000085b4  pbistFail                           
00008638  pbistGetConfigValue                 
00008784  stcGetConfigValue                   
00008828  efcGetConfigValue                   
000088c4  ccmr4GetConfigValue                 
00008934  errata_PBIST_4                      
00008c98  enableParity                        
00008d20  disableParity                       
00008ec4  StringFromFResult                   
00008f2c  SysTickHandler                      
00008f38  Cmd_ls                              
000091c0  Cmd_cd                              
0000934c  Cmd_pwd                             
00009370  Cmd_cat                             
000094f0  Cmd_del                             
000095b0  Cmd_init_sd                         
0000961c  Cmd_play_audio                      
0000972c  Cmd_read_firmware                   
000098dc  Cmd_set_log                         
00009a48  Cmd_log_event                       
00009b24  Cmd_set_audio                       
00009c34  Cmd_current_log                     
00009da0  Cmd_read_last_100                   
0000a014  Cmd_read_full                       
0000a2d0  Cmd_read_begining_n                 
0000a588  Cmd_read_last_n                     
0000a828  Cmd_help                            
0000a88c  open_append                         
0000a8f0  SD_Test                             
0000b977  __TI_printfi                        
0000bc7c  mmcSelectSpi                        
0000bd04  SPI_send                            
0000c278  disk_initialize                     
0000c50c  disk_status                         
0000c538  disk_read                           
0000c658  disk_write                          
0000c7d0  disk_ioctl                          
0000cac8  disk_timerproc                      
0000cb34  get_fattime                         
0000cb64  setupPLL                            
0000cbc4  trimLPO                             
0000cc0c  setupFlash                          
0000cc4c  periphInit                          
0000cca0  mapClocks                           
0000cdc8  systemInit                          
0000ce94  systemPowerDown                     
0000cec4  systemGetConfigValue                
0000d2d8  tcmflashGetConfigValue              
0000d484  sramGetConfigValue                  
0000d68c  vimInit                             
0000d760  vimChannelMap                       
0000d804  vimEnableInterrupt                  
0000d9cc  vimDisableInterrupt                 
0000da78  vimGetConfigValue                   
0000e0e0  mibspiInit                          
0000e2f8  mibspiSetFunctional                 
0000e318  mibspiSetData                       
0000e424  mibspiGetData                       
0000e570  mibspiTransfer                      
0000e5a0  mibspiIsTransferComplete            
0000e60c  mibspiEnableLoopback                
0000e640  mibspiDisableLoopback               
0000e65c  mibspiPmodeSet                      
0000e6ac  mibspiEnableGroupNotification       
0000e734  mibspiDisableGroupNotification      
0000e768  mibspi5GetConfigValue               
0000ef65  __TI_scanfi                         
0000f414  SDCardIF_Initialize                 
0000f448  SDCardIF_SetAudioFileBuffer         
0000f4c4  SDCardIF_PlayAudioFile              
0000f558  SDCardIF_SetLogFile                 
0000f610  SDCardIF_DeleteLogFile              
0000f6a8  SDCardIF_GetCurrentLogFile          
0000f758  SDCardIF_ReadFirmwareFile           
0000f814  SDCardIF_LogEvent                   
0000f924  SDCardIF_ReadEventLog               
0000fb80  SDCardIF_Reset                      
0000fd48  muxInit                             
000101fc  pinmuxGetConfigValue                
00010614  sciInit                             
00010700  sciSetFunctional                    
00010720  sciSetBaudrate                      
000107a4  sciIsTxReady                        
000107c0  sciSendByte                         
000107f0  sciSend                             
00010924  sciIsRxReady                        
00010940  sciIsIdleDetected                   
0001095c  sciRxError                          
0001098c  sciReceiveByte                      
000109b8  sciReceive                          
00010a90  sciEnableLoopback                   
00010ac4  sciDisableLoopback                  
00010ae8  sciEnableNotification               
00010b50  sciDisableNotification              
00010bb8  sciGetConfigValue                   
00010d64  UARTwrite                           
00010de0  UARTgets                            
00010f14  UARTgetc                            
00010f30  UARTvprintf                         
0001143c  UARTprintf                          
0001148c  FileIF_CopyFileToBuffer             
0001166c  FileIF_IsFileAvailable              
000116d8  FileIF_CreateFile                   
00011768  FileIF_DeleteFile                   
000117a8  FileIF_GetFileSize                  
00011828  FileIF_AppendString                 
00011900  FileIF_GetNoOfLines                 
000119e0  FileIF_ReadLine                     
00011b7c  rtiInit                             
00011c70  rtiStartCounter                     
00011c9c  rtiStopCounter                      
00011cc8  rtiResetCounter                     
00011d2c  rtiSetPeriod                        
00011d54  rtiGetPeriod                        
00011d7c  rtiGetCurrentTick                   
00011e08  dwdInit                             
00011e30  dwwdInit                            
00011e78  dwwdGetCurrentDownCounter           
00011e84  dwdCounterEnable                    
00011e94  dwdSetPreload                       
00011eb0  dwdReset                            
00011ecc  dwdGenerateSysReset                 
00011ee8  IsdwdKeySequenceCorrect             
00011f1c  dwdGetStatus                        
00011f50  dwdClearFlag                        
00011f60  dwdGetViolationStatus               
00011fe8  rtiEnableNotification               
00012010  rtiDisableNotification              
0001202c  rtiGetConfigValue                   
000121b4  esmInit                             
000122bc  esmError                            
000122d8  esmEnableError                      
00012304  esmDisableError                     
00012330  esmTriggerErrorPinReset             
00012340  esmActivateNormalOperation          
00012350  esmEnableInterrupt                  
0001237c  esmDisableInterrupt                 
000123a8  esmSetInterruptLevel                
00012424  esmClearStatus                      
00012470  esmClearStatusBuffer                
0001248c  esmSetCounterPreloadValue           
000124ac  esmGetStatus                        
00012538  esmGetStatusBuffer                  
00012570  esmEnterSelfTest                    
000125f8  esmSelfTestStatus                   
00012648  esmGetConfigValue                   
0001279d  minit                               
00012827  malloc                              
0001288f  free                                
00012951  realloc                             
00012a61  memalign                            
00012b4f  calloc                              
00012b84  _coreInitRegisters_                 
00012c90  _coreInitStackPointer_              
00012cdc  _getCPSRValue_                      
00012ce4  _gotoCPUIdle_                       
00012cfc  _coreEnableVfp_                     
00012d1c  _coreEnableEventBusExport_          
00012d34  _coreDisableEventBusExport_         
00012d4c  _coreEnableRamEcc_                  
00012d64  _coreDisableRamEcc_                 
00012d7c  _coreEnableFlashEcc_                
00012d98  _coreDisableFlashEcc_               
00012db0  _coreEnableIrqVicOffset_            
00012dc8  _coreGetDataFault_                  
00012dd0  _coreClearDataFault_                
00012de4  _coreGetInstructionFault_           
00012dec  _coreClearInstructionFault_         
00012e00  _coreGetDataFaultAddress_           
00012e08  _coreClearDataFaultAddress_         
00012e1c  _coreGetInstructionFaultAddress_    
00012e24  _coreClearInstructionFaultAddress_  
00012e38  _coreGetAuxiliaryDataFault_         
00012e40  _coreClearAuxiliaryDataFault_       
00012e54  _coreGetAuxiliaryInstructionFault_  
00012e5c  _coreClearAuxiliaryInstructionFault_
00012e70  _disable_interrupt_                 
00012e78  _disable_FIQ_interrupt_             
00012e80  _disable_IRQ_interrupt_             
00012e88  _enable_interrupt_                  
00012e90  _esmCcmErrorsClear_                 
00012f18  _errata_CORTEXR4_57_                
00012f30  _errata_CORTEXR4_66_                
00012f48  __TI_PINIT_Base                     
00012f4c  __TI_PINIT_Limit                    
00012f51  write                               
00012fe5  remove                              
00012fe5  unlink                              
00013007  rename                              
00013045  remove_device                       
0001306d  read                                
00013091  open                                
00013147  lseek                               
0001316b  close                               
000131b9  add_device                          
00013264  vimParityErrorHandler               
00013541  HOSTwrite                           
0001358d  HOSTunlink                          
000135c5  HOSTtime                            
000135ff  HOSTrename                          
0001365d  HOSTread                            
000136ab  HOSTopen                            
000136fb  HOSTlseek                           
00013755  HOSTgetenv                          
00013793  HOSTclose                           
000137cb  HOSTclock                           
00013810  __aeabi_uldivmod                    
00013ac8  _c_int00                            
00013d44  ff_convert                          
00013e6c  ff_wtoupper                         
00013f71  strtod                              
00013f71  strtold                             
00014161  strtoll                             
0001441b  __TI_cleanup                        
00014447  freopen                             
00014471  fopen                               
00014519  strtoull                            
0001468d  fputs                               
0001479d  puts                                
000147c4  CmdLineProcess                      
000148f5  strtol                              
00014a25  _Dscale                             
00014b3c  esmHighInterrupt                    
00014c51  strtoul                             
00014d64  _pmuInit_                           
00014db8  _pmuEnableCountersGlobal_           
00014dd0  _pmuDisableCountersGlobal_          
00014de8  _pmuResetCycleCounter_              
00014e00  _pmuResetEventCounters_             
00014e18  _pmuResetCounters_                  
00014e30  _pmuStartCounters_                  
00014e38  _pmuStopCounters_                   
00014e40  _pmuSetCountEvent_                  
00014e4c  _pmuGetCycleCount_                  
00014e54  _pmuGetEventCount_                  
00014e60  _pmuGetOverflow_                    
00014e74  _dabort                             
00014f5d  setvbuf                             
00015039  __TI_doflush                        
00015085  fflush                              
00015105  vsscanf                             
00015117  sscanf                              
000151d1  _Dnorm                              
00015297  __aeabi_idiv0                       
00015298  esmGroup1Notification               
000152a8  esmGroup2Notification               
000152b8  memoryPort0TestFailNotification     
000152d4  memoryPort1TestFailNotification     
000152f0  rtiNotification                     
0001530c  mibspiNotification                  
00015320  mibspiGroupNotification             
00015334  sciNotification                     
00015348  dmaGroupANotification               
0001535c  main                                
00015421  __TI_wrt_ok                         
00015485  __TI_rd_ok                          
000154cf  __aeabi_memcpy                      
000154cf  __aeabi_memcpy4                     
000154cf  __aeabi_memcpy8                     
000154cf  memcpy                              
0001556d  __TI_closefile                      
000155d3  fclose                              
00015605  __aeabi_memclr                      
00015605  __aeabi_memclr4                     
00015605  __aeabi_memclr8                     
00015607  __aeabi_memset                      
00015607  __aeabi_memset4                     
00015607  __aeabi_memset8                     
0001560d  memset                              
00015681  __TI_auto_init                      
000156ed  __TI_writemsg                       
0001571f  C$$IO$$                             
00015723  __TI_readmsg                        
000157c5  fseek                               
00015829  sprintf                             
0001588d  _Dunscale                           
000158f1  ltoa                                
00015949  atoi                                
00015998  __aeabi_uidiv                       
00015998  __aeabi_uidivmod                    
000159e8  rtiCompare3Interrupt                
00015a35  copy_in                             
00015a81  ldexp                               
00015ac5  C$$EXIT                             
00015ac9  abort                               
00015ad1  exit                                
00015b05  signal                              
00015b45  _Dclass                             
00015b81  strncpy                             
00015bb9  feraiseexcept                       
00015bed  _Feraise                            
00015c21  raise                               
00015c51  _nassert                            
00015c53  _abort_msg                          
00015c69  _assert                             
00015c7d  frexp                               
00015ca1  memchr                              
00015cc1  strcat                              
00015cdf  memccpy                             
00015cfb  __aeabi_lmul                        
00015d13  strcmp                              
00015d2b  strrchr                             
00015d43  strchr                              
00015d59  strlen                              
00015d71  _register_unlock                    
00015d77  _register_lock                      
00015d7f  _nop                                
00015d85  strcpy                              
00015d99  __TI_decompress_none                
00015da7  __TI_zero_init                      
00015db3  __TI_decompress_rle24               
00015db8  phantomInterrupt                    
00025328  _ctypes_                            
00025734  __TI_Handler_Table_Base             
00025740  __TI_Handler_Table_Limit            
00025748  __TI_CINIT_Base                     
00025758  __TI_CINIT_Limit                    
08001b54  __CIOBUF_                           
08001d74  __TI_tmpnams                        
08001f48  _sys_memory                         
08002948  g_psCmdTable                        
08002a44  _ftable                             
08002cb4  g_psFResultStrings                  
08002d54  _Errno                              
08002d58  _Denorm                             
08002d68  _Eps                                
08002d78  _Hugeval                            
08002d88  _Inf                                
08002d98  _Nan                                
08002da8  _Snan                               
08002db8  _Rteps                              
08002dc8  _Xbig                               
08002dd0  _Zero                               
08002e28  __TI_ft_end                         
08002e2c  __aeabi_stdin                       
08002e30  __aeabi_stdout                      
08002e34  __aeabi_stderr                      
08002e50  _spiPORT                            
08002e54  _spiREG                             
08002e5c  _lock                               
08002e60  _unlock                             
08002e64  __TI_cleanup_ptr                    
08002e68  __TI_dtors_ptr                      
08002e6c  _Fenv                               
08002e70  _Tls_setup__Fenv                    
ffffffff  __binit__                           
ffffffff  __c_args__                          
ffffffff  binit                               
UNDEFED   SHT$$INIT_ARRAY$$Base               
UNDEFED   SHT$$INIT_ARRAY$$Limit              

[423 symbols]
