<?xml version="1.0"?>
<link_info>
   <banner>TI ARM Linker PC v5.2.5</banner>
   <copyright>Copyright (c) 1996-2015 Texas Instruments Incorporated</copyright>
   <link_time>0x56cb1ee7</link_time>
   <link_errors>0x0</link_errors>
   <output_file>sdcard_test.out</output_file>
   <entry_point>
      <name>_c_int00</name>
      <address>0x144b8</address>
   </entry_point>
   <input_file_list>
      <input_file id="fl-2">
         <path>.\safety_library\source\</path>
         <kind>object</kind>
         <file>sl_asm_api.obj</file>
         <name>sl_asm_api.obj</name>
      </input_file>
      <input_file id="fl-3">
         <path>.\safety_library\source\</path>
         <kind>object</kind>
         <file>sl_esm.obj</file>
         <name>sl_esm.obj</name>
      </input_file>
      <input_file id="fl-4">
         <path>.\safety_library\source\</path>
         <kind>object</kind>
         <file>sl_init.obj</file>
         <name>sl_init.obj</name>
      </input_file>
      <input_file id="fl-5">
         <path>.\safety_library\source\</path>
         <kind>object</kind>
         <file>sl_log.obj</file>
         <name>sl_log.obj</name>
      </input_file>
      <input_file id="fl-6">
         <path>.\safety_library\source\</path>
         <kind>object</kind>
         <file>sl_misc.obj</file>
         <name>sl_misc.obj</name>
      </input_file>
      <input_file id="fl-7">
         <path>.\safety_library\source\</path>
         <kind>object</kind>
         <file>sl_pmu.obj</file>
         <name>sl_pmu.obj</name>
      </input_file>
      <input_file id="fl-8">
         <path>.\safety_library\source\</path>
         <kind>object</kind>
         <file>sl_priv.obj</file>
         <name>sl_priv.obj</name>
      </input_file>
      <input_file id="fl-9">
         <path>.\safety_library\source\</path>
         <kind>object</kind>
         <file>sl_selftest.obj</file>
         <name>sl_selftest.obj</name>
      </input_file>
      <input_file id="fl-a">
         <path>.\fatfs\src\option\</path>
         <kind>object</kind>
         <file>unicode.obj</file>
         <name>unicode.obj</name>
      </input_file>
      <input_file id="fl-b">
         <path>.\fatfs\src\</path>
         <kind>object</kind>
         <file>ff.obj</file>
         <name>ff.obj</name>
      </input_file>
      <input_file id="fl-c">
         <path>.\fatfs\port\</path>
         <kind>object</kind>
         <file>mmc-test.obj</file>
         <name>mmc-test.obj</name>
      </input_file>
      <input_file id="fl-d">
         <path>.\SDCardAPI\</path>
         <kind>object</kind>
         <file>plat_arm.obj</file>
         <name>plat_arm.obj</name>
      </input_file>
      <input_file id="fl-e">
         <path>.\SDCardAPI\</path>
         <kind>object</kind>
         <file>sdcard_interface.obj</file>
         <name>sdcard_interface.obj</name>
      </input_file>
      <input_file id="fl-f">
         <path>.\SDCard\</path>
         <kind>object</kind>
         <file>cmdline.obj</file>
         <name>cmdline.obj</name>
      </input_file>
      <input_file id="fl-10">
         <path>.\SDCard\</path>
         <kind>object</kind>
         <file>sd_card.obj</file>
         <name>sd_card.obj</name>
      </input_file>
      <input_file id="fl-11">
         <path>.\SDCard\</path>
         <kind>object</kind>
         <file>uartstdio.obj</file>
         <name>uartstdio.obj</name>
      </input_file>
      <input_file id="fl-12">
         <path>.\HALCoGen\source\</path>
         <kind>object</kind>
         <file>dabort.obj</file>
         <name>dabort.obj</name>
      </input_file>
      <input_file id="fl-13">
         <path>.\HALCoGen\source\</path>
         <kind>object</kind>
         <file>esm.obj</file>
         <name>esm.obj</name>
      </input_file>
      <input_file id="fl-14">
         <path>.\HALCoGen\source\</path>
         <kind>object</kind>
         <file>mibspi.obj</file>
         <name>mibspi.obj</name>
      </input_file>
      <input_file id="fl-15">
         <path>.\HALCoGen\source\</path>
         <kind>object</kind>
         <file>notification.obj</file>
         <name>notification.obj</name>
      </input_file>
      <input_file id="fl-16">
         <path>.\HALCoGen\source\</path>
         <kind>object</kind>
         <file>pinmux.obj</file>
         <name>pinmux.obj</name>
      </input_file>
      <input_file id="fl-17">
         <path>.\HALCoGen\source\</path>
         <kind>object</kind>
         <file>rti.obj</file>
         <name>rti.obj</name>
      </input_file>
      <input_file id="fl-18">
         <path>.\HALCoGen\source\</path>
         <kind>object</kind>
         <file>sci.obj</file>
         <name>sci.obj</name>
      </input_file>
      <input_file id="fl-19">
         <path>.\HALCoGen\source\</path>
         <kind>object</kind>
         <file>sys_core.obj</file>
         <name>sys_core.obj</name>
      </input_file>
      <input_file id="fl-1a">
         <path>.\HALCoGen\source\</path>
         <kind>object</kind>
         <file>sys_dma.obj</file>
         <name>sys_dma.obj</name>
      </input_file>
      <input_file id="fl-1b">
         <path>.\HALCoGen\source\</path>
         <kind>object</kind>
         <file>sys_intvecs.obj</file>
         <name>sys_intvecs.obj</name>
      </input_file>
      <input_file id="fl-1c">
         <path>.\HALCoGen\source\</path>
         <kind>object</kind>
         <file>sys_main.obj</file>
         <name>sys_main.obj</name>
      </input_file>
      <input_file id="fl-1d">
         <path>.\HALCoGen\source\</path>
         <kind>object</kind>
         <file>sys_mpu.obj</file>
         <name>sys_mpu.obj</name>
      </input_file>
      <input_file id="fl-1e">
         <path>.\HALCoGen\source\</path>
         <kind>object</kind>
         <file>sys_pcr.obj</file>
         <name>sys_pcr.obj</name>
      </input_file>
      <input_file id="fl-1f">
         <path>.\HALCoGen\source\</path>
         <kind>object</kind>
         <file>sys_phantom.obj</file>
         <name>sys_phantom.obj</name>
      </input_file>
      <input_file id="fl-20">
         <path>.\HALCoGen\source\</path>
         <kind>object</kind>
         <file>sys_pmm.obj</file>
         <name>sys_pmm.obj</name>
      </input_file>
      <input_file id="fl-21">
         <path>.\HALCoGen\source\</path>
         <kind>object</kind>
         <file>sys_pmu.obj</file>
         <name>sys_pmu.obj</name>
      </input_file>
      <input_file id="fl-22">
         <path>.\HALCoGen\source\</path>
         <kind>object</kind>
         <file>sys_selftest.obj</file>
         <name>sys_selftest.obj</name>
      </input_file>
      <input_file id="fl-23">
         <path>.\HALCoGen\source\</path>
         <kind>object</kind>
         <file>sys_startup.obj</file>
         <name>sys_startup.obj</name>
      </input_file>
      <input_file id="fl-24">
         <path>.\HALCoGen\source\</path>
         <kind>object</kind>
         <file>sys_vim.obj</file>
         <name>sys_vim.obj</name>
      </input_file>
      <input_file id="fl-25">
         <path>.\HALCoGen\source\</path>
         <kind>object</kind>
         <file>system.obj</file>
         <name>system.obj</name>
      </input_file>
      <input_file id="fl-2a">
         <path>C:\ti\ccsv6\tools\compiler\ti-cgt-arm_5.2.5\lib\</path>
         <kind>archive</kind>
         <file>rtsv7R4_T_be_v3D16_eabi.lib</file>
         <name>assert.obj</name>
      </input_file>
      <input_file id="fl-2b">
         <path>C:\ti\ccsv6\tools\compiler\ti-cgt-arm_5.2.5\lib\</path>
         <kind>archive</kind>
         <file>rtsv7R4_T_be_v3D16_eabi.lib</file>
         <name>atoi.obj</name>
      </input_file>
      <input_file id="fl-2c">
         <path>C:\ti\ccsv6\tools\compiler\ti-cgt-arm_5.2.5\lib\</path>
         <kind>archive</kind>
         <file>rtsv7R4_T_be_v3D16_eabi.lib</file>
         <name>autoinit.obj</name>
      </input_file>
      <input_file id="fl-2d">
         <path>C:\ti\ccsv6\tools\compiler\ti-cgt-arm_5.2.5\lib\</path>
         <kind>archive</kind>
         <file>rtsv7R4_T_be_v3D16_eabi.lib</file>
         <name>copy_decompress_none.obj</name>
      </input_file>
      <input_file id="fl-2e">
         <path>C:\ti\ccsv6\tools\compiler\ti-cgt-arm_5.2.5\lib\</path>
         <kind>archive</kind>
         <file>rtsv7R4_T_be_v3D16_eabi.lib</file>
         <name>copy_decompress_rle.obj</name>
      </input_file>
      <input_file id="fl-2f">
         <path>C:\ti\ccsv6\tools\compiler\ti-cgt-arm_5.2.5\lib\</path>
         <kind>archive</kind>
         <file>rtsv7R4_T_be_v3D16_eabi.lib</file>
         <name>copy_zero_init.obj</name>
      </input_file>
      <input_file id="fl-30">
         <path>C:\ti\ccsv6\tools\compiler\ti-cgt-arm_5.2.5\lib\</path>
         <kind>archive</kind>
         <file>rtsv7R4_T_be_v3D16_eabi.lib</file>
         <name>cpy_tbl.obj</name>
      </input_file>
      <input_file id="fl-31">
         <path>C:\ti\ccsv6\tools\compiler\ti-cgt-arm_5.2.5\lib\</path>
         <kind>archive</kind>
         <file>rtsv7R4_T_be_v3D16_eabi.lib</file>
         <name>ctype.obj</name>
      </input_file>
      <input_file id="fl-32">
         <path>C:\ti\ccsv6\tools\compiler\ti-cgt-arm_5.2.5\lib\</path>
         <kind>archive</kind>
         <file>rtsv7R4_T_be_v3D16_eabi.lib</file>
         <name>defs.obj</name>
      </input_file>
      <input_file id="fl-33">
         <path>C:\ti\ccsv6\tools\compiler\ti-cgt-arm_5.2.5\lib\</path>
         <kind>archive</kind>
         <file>rtsv7R4_T_be_v3D16_eabi.lib</file>
         <name>exit.obj</name>
      </input_file>
      <input_file id="fl-34">
         <path>C:\ti\ccsv6\tools\compiler\ti-cgt-arm_5.2.5\lib\</path>
         <kind>archive</kind>
         <file>rtsv7R4_T_be_v3D16_eabi.lib</file>
         <name>fflush.obj</name>
      </input_file>
      <input_file id="fl-35">
         <path>C:\ti\ccsv6\tools\compiler\ti-cgt-arm_5.2.5\lib\</path>
         <kind>archive</kind>
         <file>rtsv7R4_T_be_v3D16_eabi.lib</file>
         <name>fputs.obj</name>
      </input_file>
      <input_file id="fl-36">
         <path>C:\ti\ccsv6\tools\compiler\ti-cgt-arm_5.2.5\lib\</path>
         <kind>archive</kind>
         <file>rtsv7R4_T_be_v3D16_eabi.lib</file>
         <name>i_div32.obj</name>
      </input_file>
      <input_file id="fl-37">
         <path>C:\ti\ccsv6\tools\compiler\ti-cgt-arm_5.2.5\lib\</path>
         <kind>archive</kind>
         <file>rtsv7R4_T_be_v3D16_eabi.lib</file>
         <name>lowlev.obj</name>
      </input_file>
      <input_file id="fl-38">
         <path>C:\ti\ccsv6\tools\compiler\ti-cgt-arm_5.2.5\lib\</path>
         <kind>archive</kind>
         <file>rtsv7R4_T_be_v3D16_eabi.lib</file>
         <name>memchr.obj</name>
      </input_file>
      <input_file id="fl-39">
         <path>C:\ti\ccsv6\tools\compiler\ti-cgt-arm_5.2.5\lib\</path>
         <kind>archive</kind>
         <file>rtsv7R4_T_be_v3D16_eabi.lib</file>
         <name>memcpy_t2.obj</name>
      </input_file>
      <input_file id="fl-3a">
         <path>C:\ti\ccsv6\tools\compiler\ti-cgt-arm_5.2.5\lib\</path>
         <kind>archive</kind>
         <file>rtsv7R4_T_be_v3D16_eabi.lib</file>
         <name>memory.obj</name>
      </input_file>
      <input_file id="fl-3b">
         <path>C:\ti\ccsv6\tools\compiler\ti-cgt-arm_5.2.5\lib\</path>
         <kind>archive</kind>
         <file>rtsv7R4_T_be_v3D16_eabi.lib</file>
         <name>memset_t2.obj</name>
      </input_file>
      <input_file id="fl-3c">
         <path>C:\ti\ccsv6\tools\compiler\ti-cgt-arm_5.2.5\lib\</path>
         <kind>archive</kind>
         <file>rtsv7R4_T_be_v3D16_eabi.lib</file>
         <name>sprintf.obj</name>
      </input_file>
      <input_file id="fl-3d">
         <path>C:\ti\ccsv6\tools\compiler\ti-cgt-arm_5.2.5\lib\</path>
         <kind>archive</kind>
         <file>rtsv7R4_T_be_v3D16_eabi.lib</file>
         <name>sscanf.obj</name>
      </input_file>
      <input_file id="fl-3e">
         <path>C:\ti\ccsv6\tools\compiler\ti-cgt-arm_5.2.5\lib\</path>
         <kind>archive</kind>
         <file>rtsv7R4_T_be_v3D16_eabi.lib</file>
         <name>strcat.obj</name>
      </input_file>
      <input_file id="fl-3f">
         <path>C:\ti\ccsv6\tools\compiler\ti-cgt-arm_5.2.5\lib\</path>
         <kind>archive</kind>
         <file>rtsv7R4_T_be_v3D16_eabi.lib</file>
         <name>strchr.obj</name>
      </input_file>
      <input_file id="fl-40">
         <path>C:\ti\ccsv6\tools\compiler\ti-cgt-arm_5.2.5\lib\</path>
         <kind>archive</kind>
         <file>rtsv7R4_T_be_v3D16_eabi.lib</file>
         <name>strcmp.obj</name>
      </input_file>
      <input_file id="fl-41">
         <path>C:\ti\ccsv6\tools\compiler\ti-cgt-arm_5.2.5\lib\</path>
         <kind>archive</kind>
         <file>rtsv7R4_T_be_v3D16_eabi.lib</file>
         <name>strcpy.obj</name>
      </input_file>
      <input_file id="fl-42">
         <path>C:\ti\ccsv6\tools\compiler\ti-cgt-arm_5.2.5\lib\</path>
         <kind>archive</kind>
         <file>rtsv7R4_T_be_v3D16_eabi.lib</file>
         <name>strlen.obj</name>
      </input_file>
      <input_file id="fl-43">
         <path>C:\ti\ccsv6\tools\compiler\ti-cgt-arm_5.2.5\lib\</path>
         <kind>archive</kind>
         <file>rtsv7R4_T_be_v3D16_eabi.lib</file>
         <name>strncpy.obj</name>
      </input_file>
      <input_file id="fl-44">
         <path>C:\ti\ccsv6\tools\compiler\ti-cgt-arm_5.2.5\lib\</path>
         <kind>archive</kind>
         <file>rtsv7R4_T_be_v3D16_eabi.lib</file>
         <name>trgdrv.obj</name>
      </input_file>
      <input_file id="fl-45">
         <path>C:\ti\ccsv6\tools\compiler\ti-cgt-arm_5.2.5\lib\</path>
         <kind>archive</kind>
         <file>rtsv7R4_T_be_v3D16_eabi.lib</file>
         <name>trgmsg.obj</name>
      </input_file>
      <input_file id="fl-46">
         <path>C:\ti\ccsv6\tools\compiler\ti-cgt-arm_5.2.5\lib\</path>
         <kind>archive</kind>
         <file>rtsv7R4_T_be_v3D16_eabi.lib</file>
         <name>u_div32.obj</name>
      </input_file>
      <input_file id="fl-47">
         <path>C:\ti\ccsv6\tools\compiler\ti-cgt-arm_5.2.5\lib\</path>
         <kind>archive</kind>
         <file>rtsv7R4_T_be_v3D16_eabi.lib</file>
         <name>_io_perm.obj</name>
      </input_file>
      <input_file id="fl-48">
         <path>C:\ti\ccsv6\tools\compiler\ti-cgt-arm_5.2.5\lib\</path>
         <kind>archive</kind>
         <file>rtsv7R4_T_be_v3D16_eabi.lib</file>
         <name>_lock.obj</name>
      </input_file>
      <input_file id="fl-49">
         <path>C:\ti\ccsv6\tools\compiler\ti-cgt-arm_5.2.5\lib\</path>
         <kind>archive</kind>
         <file>rtsv7R4_T_be_v3D16_eabi.lib</file>
         <name>_printfi.obj</name>
      </input_file>
      <input_file id="fl-4a">
         <path>C:\ti\ccsv6\tools\compiler\ti-cgt-arm_5.2.5\lib\</path>
         <kind>archive</kind>
         <file>rtsv7R4_T_be_v3D16_eabi.lib</file>
         <name>_scanfi.obj</name>
      </input_file>
      <input_file id="fl-4b">
         <path>C:\ti\ccsv6\tools\compiler\ti-cgt-arm_5.2.5\lib\</path>
         <kind>archive</kind>
         <file>rtsv7R4_T_be_v3D16_eabi.lib</file>
         <name>frexp.obj</name>
      </input_file>
      <input_file id="fl-4c">
         <path>C:\ti\ccsv6\tools\compiler\ti-cgt-arm_5.2.5\lib\</path>
         <kind>archive</kind>
         <file>rtsv7R4_T_be_v3D16_eabi.lib</file>
         <name>fseek.obj</name>
      </input_file>
      <input_file id="fl-4d">
         <path>C:\ti\ccsv6\tools\compiler\ti-cgt-arm_5.2.5\lib\</path>
         <kind>archive</kind>
         <file>rtsv7R4_T_be_v3D16_eabi.lib</file>
         <name>i_div0.obj</name>
      </input_file>
      <input_file id="fl-4e">
         <path>C:\ti\ccsv6\tools\compiler\ti-cgt-arm_5.2.5\lib\</path>
         <kind>archive</kind>
         <file>rtsv7R4_T_be_v3D16_eabi.lib</file>
         <name>ldexp.obj</name>
      </input_file>
      <input_file id="fl-4f">
         <path>C:\ti\ccsv6\tools\compiler\ti-cgt-arm_5.2.5\lib\</path>
         <kind>archive</kind>
         <file>rtsv7R4_T_be_v3D16_eabi.lib</file>
         <name>ltoa.obj</name>
      </input_file>
      <input_file id="fl-50">
         <path>C:\ti\ccsv6\tools\compiler\ti-cgt-arm_5.2.5\lib\</path>
         <kind>archive</kind>
         <file>rtsv7R4_T_be_v3D16_eabi.lib</file>
         <name>memccpy.obj</name>
      </input_file>
      <input_file id="fl-51">
         <path>C:\ti\ccsv6\tools\compiler\ti-cgt-arm_5.2.5\lib\</path>
         <kind>archive</kind>
         <file>rtsv7R4_T_be_v3D16_eabi.lib</file>
         <name>setvbuf.obj</name>
      </input_file>
      <input_file id="fl-52">
         <path>C:\ti\ccsv6\tools\compiler\ti-cgt-arm_5.2.5\lib\</path>
         <kind>archive</kind>
         <file>rtsv7R4_T_be_v3D16_eabi.lib</file>
         <name>strrchr.obj</name>
      </input_file>
      <input_file id="fl-53">
         <path>C:\ti\ccsv6\tools\compiler\ti-cgt-arm_5.2.5\lib\</path>
         <kind>archive</kind>
         <file>rtsv7R4_T_be_v3D16_eabi.lib</file>
         <name>strtod.obj</name>
      </input_file>
      <input_file id="fl-54">
         <path>C:\ti\ccsv6\tools\compiler\ti-cgt-arm_5.2.5\lib\</path>
         <kind>archive</kind>
         <file>rtsv7R4_T_be_v3D16_eabi.lib</file>
         <name>strtol.obj</name>
      </input_file>
      <input_file id="fl-55">
         <path>C:\ti\ccsv6\tools\compiler\ti-cgt-arm_5.2.5\lib\</path>
         <kind>archive</kind>
         <file>rtsv7R4_T_be_v3D16_eabi.lib</file>
         <name>strtoll.obj</name>
      </input_file>
      <input_file id="fl-56">
         <path>C:\ti\ccsv6\tools\compiler\ti-cgt-arm_5.2.5\lib\</path>
         <kind>archive</kind>
         <file>rtsv7R4_T_be_v3D16_eabi.lib</file>
         <name>strtoul.obj</name>
      </input_file>
      <input_file id="fl-57">
         <path>C:\ti\ccsv6\tools\compiler\ti-cgt-arm_5.2.5\lib\</path>
         <kind>archive</kind>
         <file>rtsv7R4_T_be_v3D16_eabi.lib</file>
         <name>strtoull.obj</name>
      </input_file>
      <input_file id="fl-58">
         <path>C:\ti\ccsv6\tools\compiler\ti-cgt-arm_5.2.5\lib\</path>
         <kind>archive</kind>
         <file>rtsv7R4_T_be_v3D16_eabi.lib</file>
         <name>ull_div32.obj</name>
      </input_file>
      <input_file id="fl-59">
         <path>C:\ti\ccsv6\tools\compiler\ti-cgt-arm_5.2.5\lib\</path>
         <kind>archive</kind>
         <file>rtsv7R4_T_be_v3D16_eabi.lib</file>
         <name>xdclass.obj</name>
      </input_file>
      <input_file id="fl-5a">
         <path>C:\ti\ccsv6\tools\compiler\ti-cgt-arm_5.2.5\lib\</path>
         <kind>archive</kind>
         <file>rtsv7R4_T_be_v3D16_eabi.lib</file>
         <name>xdscale.obj</name>
      </input_file>
      <input_file id="fl-5b">
         <path>C:\ti\ccsv6\tools\compiler\ti-cgt-arm_5.2.5\lib\</path>
         <kind>archive</kind>
         <file>rtsv7R4_T_be_v3D16_eabi.lib</file>
         <name>xdunscal.obj</name>
      </input_file>
      <input_file id="fl-5c">
         <path>C:\ti\ccsv6\tools\compiler\ti-cgt-arm_5.2.5\lib\</path>
         <kind>archive</kind>
         <file>rtsv7R4_T_be_v3D16_eabi.lib</file>
         <name>xferaise.obj</name>
      </input_file>
      <input_file id="fl-5d">
         <path>C:\ti\ccsv6\tools\compiler\ti-cgt-arm_5.2.5\lib\</path>
         <kind>archive</kind>
         <file>rtsv7R4_T_be_v3D16_eabi.lib</file>
         <name>xvalues.obj</name>
      </input_file>
      <input_file id="fl-5e">
         <path>C:\ti\ccsv6\tools\compiler\ti-cgt-arm_5.2.5\lib\</path>
         <kind>archive</kind>
         <file>rtsv7R4_T_be_v3D16_eabi.lib</file>
         <name>errno.obj</name>
      </input_file>
      <input_file id="fl-5f">
         <path>C:\ti\ccsv6\tools\compiler\ti-cgt-arm_5.2.5\lib\</path>
         <kind>archive</kind>
         <file>rtsv7R4_T_be_v3D16_eabi.lib</file>
         <name>feraiseexcept.obj</name>
      </input_file>
      <input_file id="fl-60">
         <path>C:\ti\ccsv6\tools\compiler\ti-cgt-arm_5.2.5\lib\</path>
         <kind>archive</kind>
         <file>rtsv7R4_T_be_v3D16_eabi.lib</file>
         <name>fopen.obj</name>
      </input_file>
      <input_file id="fl-61">
         <path>C:\ti\ccsv6\tools\compiler\ti-cgt-arm_5.2.5\lib\</path>
         <kind>archive</kind>
         <file>rtsv7R4_T_be_v3D16_eabi.lib</file>
         <name>ll_mul_t2.obj</name>
      </input_file>
      <input_file id="fl-62">
         <path>C:\ti\ccsv6\tools\compiler\ti-cgt-arm_5.2.5\lib\</path>
         <kind>archive</kind>
         <file>rtsv7R4_T_be_v3D16_eabi.lib</file>
         <name>raise.obj</name>
      </input_file>
      <input_file id="fl-63">
         <path>C:\ti\ccsv6\tools\compiler\ti-cgt-arm_5.2.5\lib\</path>
         <kind>archive</kind>
         <file>rtsv7R4_T_be_v3D16_eabi.lib</file>
         <name>signal.obj</name>
      </input_file>
      <input_file id="fl-64">
         <path>C:\ti\ccsv6\tools\compiler\ti-cgt-arm_5.2.5\lib\</path>
         <kind>archive</kind>
         <file>rtsv7R4_T_be_v3D16_eabi.lib</file>
         <name>xdnorm.obj</name>
      </input_file>
      <input_file id="fl-65">
         <path>C:\ti\ccsv6\tools\compiler\ti-cgt-arm_5.2.5\lib\</path>
         <kind>archive</kind>
         <file>rtsv7R4_T_be_v3D16_eabi.lib</file>
         <name>fclose.obj</name>
      </input_file>
      <input_file id="fl-66">
         <path>C:\ti\ccsv6\tools\compiler\ti-cgt-arm_5.2.5\lib\</path>
         <kind>archive</kind>
         <file>rtsv7R4_T_be_v3D16_eabi.lib</file>
         <name>remove.obj</name>
      </input_file>
   </input_file_list>
   <object_component_list>
      <object_component id="oc-3f">
         <name>.intvecs</name>
         <load_address>0x0</load_address>
         <run_address>0x0</run_address>
         <size>0x20</size>
         <input_file_ref idref="fl-1b"/>
      </object_component>
      <object_component id="oc-275">
         <name>.text</name>
         <load_address>0x20</load_address>
         <run_address>0x20</run_address>
         <size>0x61c8</size>
         <input_file_ref idref="fl-b"/>
      </object_component>
      <object_component id="oc-89">
         <name>.text</name>
         <load_address>0x61e8</load_address>
         <run_address>0x61e8</run_address>
         <size>0x2cdc</size>
         <input_file_ref idref="fl-22"/>
      </object_component>
      <object_component id="oc-136">
         <name>.text</name>
         <load_address>0x8ec4</load_address>
         <run_address>0x8ec4</run_address>
         <size>0x1d58</size>
         <input_file_ref idref="fl-10"/>
      </object_component>
      <object_component id="oc-406">
         <name>.text</name>
         <load_address>0xac1c</load_address>
         <run_address>0xac1c</run_address>
         <size>0x1060</size>
         <input_file_ref idref="fl-49"/>
      </object_component>
      <object_component id="oc-130">
         <name>.text</name>
         <load_address>0xbc7c</load_address>
         <run_address>0xbc7c</run_address>
         <size>0xee8</size>
         <input_file_ref idref="fl-c"/>
      </object_component>
      <object_component id="oc-83">
         <name>.text</name>
         <load_address>0xcb64</load_address>
         <run_address>0xcb64</run_address>
         <size>0xb28</size>
         <input_file_ref idref="fl-25"/>
      </object_component>
      <object_component id="oc-4b">
         <name>.text</name>
         <load_address>0xd68c</load_address>
         <run_address>0xd68c</run_address>
         <size>0xa54</size>
         <input_file_ref idref="fl-24"/>
      </object_component>
      <object_component id="oc-25c">
         <name>.text</name>
         <load_address>0xe0e0</load_address>
         <run_address>0xe0e0</run_address>
         <size>0x9f8</size>
         <input_file_ref idref="fl-14"/>
      </object_component>
      <object_component id="oc-40e">
         <name>.text</name>
         <load_address>0xead8</load_address>
         <run_address>0xead8</run_address>
         <size>0x93c</size>
         <input_file_ref idref="fl-4a"/>
      </object_component>
      <object_component id="oc-299">
         <name>.text</name>
         <load_address>0xf414</load_address>
         <run_address>0xf414</run_address>
         <size>0x934</size>
         <input_file_ref idref="fl-e"/>
      </object_component>
      <object_component id="oc-100">
         <name>.text</name>
         <load_address>0xfd48</load_address>
         <run_address>0xfd48</run_address>
         <size>0x8cc</size>
         <input_file_ref idref="fl-16"/>
      </object_component>
      <object_component id="oc-11e">
         <name>.text</name>
         <load_address>0x10614</load_address>
         <run_address>0x10614</run_address>
         <size>0x750</size>
         <input_file_ref idref="fl-18"/>
      </object_component>
      <object_component id="oc-124">
         <name>.text</name>
         <load_address>0x10d64</load_address>
         <run_address>0x10d64</run_address>
         <size>0x728</size>
         <input_file_ref idref="fl-11"/>
      </object_component>
      <object_component id="oc-36e">
         <name>.text</name>
         <load_address>0x1148c</load_address>
         <run_address>0x1148c</run_address>
         <size>0x6f0</size>
         <input_file_ref idref="fl-d"/>
      </object_component>
      <object_component id="oc-12a">
         <name>.text</name>
         <load_address>0x11b7c</load_address>
         <run_address>0x11b7c</run_address>
         <size>0x638</size>
         <input_file_ref idref="fl-17"/>
      </object_component>
      <object_component id="oc-8f">
         <name>.text</name>
         <load_address>0x121b4</load_address>
         <run_address>0x121b4</run_address>
         <size>0x5e8</size>
         <input_file_ref idref="fl-13"/>
      </object_component>
      <object_component id="oc-25">
         <name>.text</name>
         <load_address>0x1279c</load_address>
         <run_address>0x1279c</run_address>
         <size>0x5d4</size>
         <input_file_ref idref="fl-3"/>
      </object_component>
      <object_component id="oc-a8">
         <name>.text</name>
         <load_address>0x12d70</load_address>
         <run_address>0x12d70</run_address>
         <size>0x41c</size>
         <input_file_ref idref="fl-8"/>
      </object_component>
      <object_component id="oc-2a5">
         <name>.text</name>
         <load_address>0x1318c</load_address>
         <run_address>0x1318c</run_address>
         <size>0x3e8</size>
         <input_file_ref idref="fl-3a"/>
      </object_component>
      <object_component id="oc-7e">
         <name>.text</name>
         <load_address>0x13574</load_address>
         <run_address>0x13574</run_address>
         <size>0x3cc</size>
         <input_file_ref idref="fl-19"/>
      </object_component>
      <object_component id="oc-3d2">
         <name>.text</name>
         <load_address>0x13940</load_address>
         <run_address>0x13940</run_address>
         <size>0x314</size>
         <input_file_ref idref="fl-37"/>
      </object_component>
      <object_component id="oc-4a">
         <name>.text:retain</name>
         <load_address>0x13c54</load_address>
         <run_address>0x13c54</run_address>
         <size>0x2dc</size>
         <input_file_ref idref="fl-24"/>
      </object_component>
      <object_component id="oc-4de">
         <name>.text</name>
         <load_address>0x13f30</load_address>
         <run_address>0x13f30</run_address>
         <size>0x2d0</size>
         <input_file_ref idref="fl-44"/>
      </object_component>
      <object_component id="oc-462">
         <name>.text</name>
         <load_address>0x14200</load_address>
         <run_address>0x14200</run_address>
         <size>0x2b8</size>
         <input_file_ref idref="fl-58"/>
      </object_component>
      <object_component id="oc-1e">
         <name>.text:retain</name>
         <load_address>0x144b8</load_address>
         <run_address>0x144b8</run_address>
         <size>0x27c</size>
         <input_file_ref idref="fl-23"/>
      </object_component>
      <object_component id="oc-34e">
         <name>.text</name>
         <load_address>0x14734</load_address>
         <run_address>0x14734</run_address>
         <size>0x22c</size>
         <input_file_ref idref="fl-a"/>
      </object_component>
      <object_component id="oc-4a4">
         <name>.text</name>
         <load_address>0x14960</load_address>
         <run_address>0x14960</run_address>
         <size>0x1f0</size>
         <input_file_ref idref="fl-53"/>
      </object_component>
      <object_component id="oc-4b0">
         <name>.text</name>
         <load_address>0x14b50</load_address>
         <run_address>0x14b50</run_address>
         <size>0x1f0</size>
         <input_file_ref idref="fl-55"/>
      </object_component>
      <object_component id="oc-4cb">
         <name>.text</name>
         <load_address>0x14d40</load_address>
         <run_address>0x14d40</run_address>
         <size>0x1c8</size>
         <input_file_ref idref="fl-60"/>
      </object_component>
      <object_component id="oc-49e">
         <name>.text</name>
         <load_address>0x14f08</load_address>
         <run_address>0x14f08</run_address>
         <size>0x174</size>
         <input_file_ref idref="fl-57"/>
      </object_component>
      <object_component id="oc-32d">
         <name>.text</name>
         <load_address>0x1507c</load_address>
         <run_address>0x1507c</run_address>
         <size>0x138</size>
         <input_file_ref idref="fl-35"/>
      </object_component>
      <object_component id="oc-2c0">
         <name>.text</name>
         <load_address>0x151b4</load_address>
         <run_address>0x151b4</run_address>
         <size>0x130</size>
         <input_file_ref idref="fl-f"/>
      </object_component>
      <object_component id="oc-4aa">
         <name>.text</name>
         <load_address>0x152e4</load_address>
         <run_address>0x152e4</run_address>
         <size>0x130</size>
         <input_file_ref idref="fl-54"/>
      </object_component>
      <object_component id="oc-24">
         <name>.text:retain</name>
         <load_address>0x15414</load_address>
         <run_address>0x15414</run_address>
         <size>0x118</size>
         <input_file_ref idref="fl-3"/>
      </object_component>
      <object_component id="oc-4f8">
         <name>.text</name>
         <load_address>0x1552c</load_address>
         <run_address>0x1552c</run_address>
         <size>0x118</size>
         <input_file_ref idref="fl-5a"/>
      </object_component>
      <object_component id="oc-30">
         <name>.text:retain</name>
         <load_address>0x15644</load_address>
         <run_address>0x15644</run_address>
         <size>0x114</size>
         <input_file_ref idref="fl-13"/>
      </object_component>
      <object_component id="oc-498">
         <name>.text</name>
         <load_address>0x15758</load_address>
         <run_address>0x15758</run_address>
         <size>0x114</size>
         <input_file_ref idref="fl-56"/>
      </object_component>
      <object_component id="oc-108">
         <name>.text</name>
         <load_address>0x1586c</load_address>
         <run_address>0x1586c</run_address>
         <size>0x110</size>
         <input_file_ref idref="fl-21"/>
      </object_component>
      <object_component id="oc-d0">
         <name>.text</name>
         <load_address>0x1597c</load_address>
         <run_address>0x1597c</run_address>
         <size>0xe8</size>
         <input_file_ref idref="fl-12"/>
      </object_component>
      <object_component id="oc-434">
         <name>.text</name>
         <load_address>0x15a64</load_address>
         <run_address>0x15a64</run_address>
         <size>0xdc</size>
         <input_file_ref idref="fl-51"/>
      </object_component>
      <object_component id="oc-333">
         <name>.text</name>
         <load_address>0x15b40</load_address>
         <run_address>0x15b40</run_address>
         <size>0xcc</size>
         <input_file_ref idref="fl-34"/>
      </object_component>
      <object_component id="oc-37a">
         <name>.text</name>
         <load_address>0x15c0c</load_address>
         <run_address>0x15c0c</run_address>
         <size>0xcc</size>
         <input_file_ref idref="fl-3d"/>
      </object_component>
      <object_component id="oc-54b">
         <name>.text</name>
         <load_address>0x15cd8</load_address>
         <run_address>0x15cd8</run_address>
         <size>0xc6</size>
         <input_file_ref idref="fl-64"/>
      </object_component>
      <object_component id="oc-31f">
         <name>.text</name>
         <load_address>0x15d9e</load_address>
         <run_address>0x15d9e</run_address>
         <size>0x2</size>
         <input_file_ref idref="fl-4d"/>
      </object_component>
      <object_component id="oc-c0">
         <name>.text</name>
         <load_address>0x15da0</load_address>
         <run_address>0x15da0</run_address>
         <size>0xc4</size>
         <input_file_ref idref="fl-15"/>
      </object_component>
      <object_component id="oc-9b">
         <name>.text</name>
         <load_address>0x15e64</load_address>
         <run_address>0x15e64</run_address>
         <size>0xc4</size>
         <input_file_ref idref="fl-1c"/>
      </object_component>
      <object_component id="oc-3c6">
         <name>.text</name>
         <load_address>0x15f28</load_address>
         <run_address>0x15f28</run_address>
         <size>0xae</size>
         <input_file_ref idref="fl-47"/>
      </object_component>
      <object_component id="oc-59">
         <name>.text</name>
         <load_address>0x15fd6</load_address>
         <run_address>0x15fd6</run_address>
         <size>0x9c</size>
         <input_file_ref idref="fl-39"/>
      </object_component>
      <object_component id="oc-52d">
         <name>.text</name>
         <load_address>0x16074</load_address>
         <run_address>0x16074</run_address>
         <size>0x98</size>
         <input_file_ref idref="fl-65"/>
      </object_component>
      <object_component id="oc-72">
         <name>.text</name>
         <load_address>0x1610c</load_address>
         <run_address>0x1610c</run_address>
         <size>0x7a</size>
         <input_file_ref idref="fl-3b"/>
      </object_component>
      <object_component id="oc-95">
         <name>.text</name>
         <load_address>0x16188</load_address>
         <run_address>0x16188</run_address>
         <size>0x6c</size>
         <input_file_ref idref="fl-2c"/>
      </object_component>
      <object_component id="oc-53a">
         <name>.text</name>
         <load_address>0x161f4</load_address>
         <run_address>0x161f4</run_address>
         <size>0x6c</size>
         <input_file_ref idref="fl-45"/>
      </object_component>
      <object_component id="oc-65">
         <name>.text</name>
         <load_address>0x16260</load_address>
         <run_address>0x16260</run_address>
         <size>0x6a</size>
         <input_file_ref idref="fl-2e"/>
      </object_component>
      <object_component id="oc-42e">
         <name>.text</name>
         <load_address>0x162cc</load_address>
         <run_address>0x162cc</run_address>
         <size>0x64</size>
         <input_file_ref idref="fl-4c"/>
      </object_component>
      <object_component id="oc-374">
         <name>.text</name>
         <load_address>0x16330</load_address>
         <run_address>0x16330</run_address>
         <size>0x64</size>
         <input_file_ref idref="fl-3c"/>
      </object_component>
      <object_component id="oc-4f0">
         <name>.text</name>
         <load_address>0x16394</load_address>
         <run_address>0x16394</run_address>
         <size>0x64</size>
         <input_file_ref idref="fl-5b"/>
      </object_component>
      <object_component id="oc-467">
         <name>.text</name>
         <load_address>0x163f8</load_address>
         <run_address>0x163f8</run_address>
         <size>0x56</size>
         <input_file_ref idref="fl-4f"/>
      </object_component>
      <object_component id="oc-29f">
         <name>.text</name>
         <load_address>0x16450</load_address>
         <run_address>0x16450</run_address>
         <size>0x50</size>
         <input_file_ref idref="fl-2b"/>
      </object_component>
      <object_component id="oc-23f">
         <name>.text</name>
         <load_address>0x164a0</load_address>
         <run_address>0x164a0</run_address>
         <size>0x50</size>
         <input_file_ref idref="fl-46"/>
      </object_component>
      <object_component id="oc-39">
         <name>.text:retain</name>
         <load_address>0x164f0</load_address>
         <run_address>0x164f0</run_address>
         <size>0x4c</size>
         <input_file_ref idref="fl-17"/>
      </object_component>
      <object_component id="oc-116">
         <name>.text</name>
         <load_address>0x1653c</load_address>
         <run_address>0x1653c</run_address>
         <size>0x4c</size>
         <input_file_ref idref="fl-30"/>
      </object_component>
      <object_component id="oc-473">
         <name>.text</name>
         <load_address>0x16588</load_address>
         <run_address>0x16588</run_address>
         <size>0x44</size>
         <input_file_ref idref="fl-4e"/>
      </object_component>
      <object_component id="oc-a1">
         <name>.text</name>
         <load_address>0x165cc</load_address>
         <run_address>0x165cc</run_address>
         <size>0x40</size>
         <input_file_ref idref="fl-33"/>
      </object_component>
      <object_component id="oc-5a7">
         <name>.text</name>
         <load_address>0x1660c</load_address>
         <run_address>0x1660c</run_address>
         <size>0x40</size>
         <input_file_ref idref="fl-63"/>
      </object_component>
      <object_component id="oc-479">
         <name>.text</name>
         <load_address>0x1664c</load_address>
         <run_address>0x1664c</run_address>
         <size>0x3c</size>
         <input_file_ref idref="fl-59"/>
      </object_component>
      <object_component id="oc-287">
         <name>.text</name>
         <load_address>0x16688</load_address>
         <run_address>0x16688</run_address>
         <size>0x36</size>
         <input_file_ref idref="fl-43"/>
      </object_component>
      <object_component id="oc-55a">
         <name>.text</name>
         <load_address>0x166c0</load_address>
         <run_address>0x166c0</run_address>
         <size>0x34</size>
         <input_file_ref idref="fl-5f"/>
      </object_component>
      <object_component id="oc-4fe">
         <name>.text</name>
         <load_address>0x166f4</load_address>
         <run_address>0x166f4</run_address>
         <size>0x34</size>
         <input_file_ref idref="fl-5c"/>
      </object_component>
      <object_component id="oc-593">
         <name>.text</name>
         <load_address>0x16728</load_address>
         <run_address>0x16728</run_address>
         <size>0x2e</size>
         <input_file_ref idref="fl-62"/>
      </object_component>
      <object_component id="oc-256">
         <name>.text</name>
         <load_address>0x16758</load_address>
         <run_address>0x16758</run_address>
         <size>0x2c</size>
         <input_file_ref idref="fl-2a"/>
      </object_component>
      <object_component id="oc-46d">
         <name>.text</name>
         <load_address>0x16784</load_address>
         <run_address>0x16784</run_address>
         <size>0x24</size>
         <input_file_ref idref="fl-4b"/>
      </object_component>
      <object_component id="oc-3cc">
         <name>.text</name>
         <load_address>0x167a8</load_address>
         <run_address>0x167a8</run_address>
         <size>0x20</size>
         <input_file_ref idref="fl-38"/>
      </object_component>
      <object_component id="oc-293">
         <name>.text</name>
         <load_address>0x167c8</load_address>
         <run_address>0x167c8</run_address>
         <size>0x1e</size>
         <input_file_ref idref="fl-3e"/>
      </object_component>
      <object_component id="oc-47f">
         <name>.text</name>
         <load_address>0x167e6</load_address>
         <run_address>0x167e6</run_address>
         <size>0x1c</size>
         <input_file_ref idref="fl-50"/>
      </object_component>
      <object_component id="oc-516">
         <name>.text</name>
         <load_address>0x16802</load_address>
         <run_address>0x16802</run_address>
         <size>0x18</size>
         <input_file_ref idref="fl-61"/>
      </object_component>
      <object_component id="oc-28d">
         <name>.text</name>
         <load_address>0x1681a</load_address>
         <run_address>0x1681a</run_address>
         <size>0x18</size>
         <input_file_ref idref="fl-40"/>
      </object_component>
      <object_component id="oc-4b7">
         <name>.text</name>
         <load_address>0x16832</load_address>
         <run_address>0x16832</run_address>
         <size>0x18</size>
         <input_file_ref idref="fl-52"/>
      </object_component>
      <object_component id="oc-43e">
         <name>.text</name>
         <load_address>0x1684a</load_address>
         <run_address>0x1684a</run_address>
         <size>0x16</size>
         <input_file_ref idref="fl-3f"/>
      </object_component>
      <object_component id="oc-281">
         <name>.text</name>
         <load_address>0x16860</load_address>
         <run_address>0x16860</run_address>
         <size>0x16</size>
         <input_file_ref idref="fl-42"/>
      </object_component>
      <object_component id="oc-2da">
         <name>.text</name>
         <load_address>0x16878</load_address>
         <run_address>0x16878</run_address>
         <size>0x14</size>
         <input_file_ref idref="fl-48"/>
      </object_component>
      <object_component id="oc-27b">
         <name>.text</name>
         <load_address>0x1688c</load_address>
         <run_address>0x1688c</run_address>
         <size>0x14</size>
         <input_file_ref idref="fl-41"/>
      </object_component>
      <object_component id="oc-c">
         <name>.text:decompress:none</name>
         <load_address>0x168a0</load_address>
         <run_address>0x168a0</run_address>
         <size>0xe</size>
         <input_file_ref idref="fl-2d"/>
      </object_component>
      <object_component id="oc-18">
         <name>.text:decompress:ZI</name>
         <load_address>0x168ae</load_address>
         <run_address>0x168ae</run_address>
         <size>0xc</size>
         <input_file_ref idref="fl-2f"/>
      </object_component>
      <object_component id="oc-12">
         <name>.text:decompress:rle24</name>
         <load_address>0x168ba</load_address>
         <run_address>0x168ba</run_address>
         <size>0x6</size>
         <input_file_ref idref="fl-2e"/>
      </object_component>
      <object_component id="oc-44">
         <name>.text:retain</name>
         <load_address>0x168c0</load_address>
         <run_address>0x168c0</run_address>
         <size>0x4</size>
         <input_file_ref idref="fl-1f"/>
      </object_component>
      <object_component id="oc-3eb">
         <name>.const:sjis2uni</name>
         <load_address>0x168c8</load_address>
         <run_address>0x168c8</run_address>
         <size>0x7378</size>
         <input_file_ref idref="fl-a"/>
      </object_component>
      <object_component id="oc-3ee">
         <name>.const:uni2sjis</name>
         <load_address>0x1dc40</load_address>
         <run_address>0x1dc40</run_address>
         <size>0x7378</size>
         <input_file_ref idref="fl-a"/>
      </object_component>
      <object_component id="oc-391">
         <name>.const:.string</name>
         <load_address>0x24fb8</load_address>
         <run_address>0x24fb8</run_address>
         <size>0x4c0</size>
         <input_file_ref idref="fl-10"/>
      </object_component>
      <object_component id="oc-3f1">
         <name>.const:lower$1</name>
         <load_address>0x25478</load_address>
         <run_address>0x25478</run_address>
         <size>0x3dc</size>
         <input_file_ref idref="fl-a"/>
      </object_component>
      <object_component id="oc-3f2">
         <name>.const:upper$2</name>
         <load_address>0x25854</load_address>
         <run_address>0x25854</run_address>
         <size>0x3dc</size>
         <input_file_ref idref="fl-a"/>
      </object_component>
      <object_component id="oc-36">
         <name>.const:s_vim_init</name>
         <load_address>0x25c30</load_address>
         <run_address>0x25c30</run_address>
         <size>0x200</size>
         <input_file_ref idref="fl-24"/>
      </object_component>
      <object_component id="oc-388">
         <name>.const:.string:_ctypes_</name>
         <load_address>0x25e30</load_address>
         <run_address>0x25e30</run_address>
         <size>0x101</size>
         <input_file_ref idref="fl-31"/>
      </object_component>
      <object_component id="oc-245">
         <name>.const</name>
         <load_address>0x25f34</load_address>
         <run_address>0x25f34</run_address>
         <size>0x4</size>
         <input_file_ref idref="fl-11"/>
      </object_component>
      <object_component id="oc-51d">
         <name>.const</name>
         <load_address>0x25f38</load_address>
         <run_address>0x25f38</run_address>
         <size>0x98</size>
         <input_file_ref idref="fl-53"/>
      </object_component>
      <object_component id="oc-326">
         <name>.const:.string</name>
         <load_address>0x25fd0</load_address>
         <run_address>0x25fd0</run_address>
         <size>0x14</size>
         <input_file_ref idref="fl-11"/>
      </object_component>
      <object_component id="oc-4b6">
         <name>.const</name>
         <load_address>0x25fe4</load_address>
         <run_address>0x25fe4</run_address>
         <size>0x10</size>
         <input_file_ref idref="fl-4a"/>
      </object_component>
      <object_component id="oc-354">
         <name>.const:.string</name>
         <load_address>0x25ff4</load_address>
         <run_address>0x25ff4</run_address>
         <size>0xd</size>
         <input_file_ref idref="fl-b"/>
      </object_component>
      <object_component id="oc-5eb">
         <name>.cinit..data.load</name>
         <load_address>0x26008</load_address>
         <run_address>0x26008</run_address>
         <size>0x233</size>
      </object_component>
      <object_component id="oc-5e8">
         <name>__TI_handler_table</name>
         <load_address>0x2623c</load_address>
         <run_address>0x2623c</run_address>
         <size>0xc</size>
      </object_component>
      <object_component id="oc-5ea">
         <name>.cinit..bss.load</name>
         <load_address>0x26248</load_address>
         <run_address>0x26248</run_address>
         <size>0x8</size>
      </object_component>
      <object_component id="oc-5e9">
         <name>__TI_cinit_table</name>
         <load_address>0x26250</load_address>
         <run_address>0x26250</run_address>
         <size>0x10</size>
      </object_component>
      <object_component id="oc-56">
         <name>.sysmem</name>
         <uninitialized>true</uninitialized>
         <run_address>0x8001f50</run_address>
         <size>0x8</size>
         <input_file_ref idref="fl-3a"/>
      </object_component>
      <object_component id="oc-5ec">
         <name>.sysmem</name>
         <uninitialized>true</uninitialized>
         <run_address>0x8001f50</run_address>
         <size>0x0</size>
      </object_component>
      <object_component id="oc-35b">
         <name>.bss:LfnBuf</name>
         <uninitialized>true</uninitialized>
         <run_address>0x8001954</run_address>
         <size>0x200</size>
         <input_file_ref idref="fl-b"/>
      </object_component>
      <object_component id="oc-383">
         <name>.bss:event_log_file</name>
         <uninitialized>true</uninitialized>
         <run_address>0x8001c74</run_address>
         <size>0x100</size>
         <input_file_ref idref="fl-e"/>
      </object_component>
      <object_component id="oc-3af">
         <name>.bss:g_ppcArgv</name>
         <uninitialized>true</uninitialized>
         <run_address>0x8001ecc</run_address>
         <size>0x24</size>
         <input_file_ref idref="fl-f"/>
      </object_component>
      <object_component id="oc-2b7">
         <name>.bss:g_pcTmpBuf</name>
         <uninitialized>true</uninitialized>
         <run_address>0x8001e14</run_address>
         <size>0x50</size>
         <input_file_ref idref="fl-10"/>
      </object_component>
      <object_component id="oc-2cc">
         <name>.bss:g_pcCmdBuf</name>
         <uninitialized>true</uninitialized>
         <run_address>0x8001e64</run_address>
         <size>0x40</size>
         <input_file_ref idref="fl-10"/>
      </object_component>
      <object_component id="oc-2c9">
         <name>.bss:g_sFatFs</name>
         <uninitialized>true</uninitialized>
         <run_address>0x8001500</run_address>
         <size>0x230</size>
         <input_file_ref idref="fl-10"/>
      </object_component>
      <object_component id="oc-2b1">
         <name>.bss:g_sDirObject</name>
         <uninitialized>true</uninitialized>
         <run_address>0x8001ef0</run_address>
         <size>0x24</size>
         <input_file_ref idref="fl-10"/>
      </object_component>
      <object_component id="oc-2ba">
         <name>.bss:g_sFileObject</name>
         <uninitialized>true</uninitialized>
         <run_address>0x8001730</run_address>
         <size>0x224</size>
         <input_file_ref idref="fl-10"/>
      </object_component>
      <object_component id="oc-23a">
         <name>.bss:g_sciTransfer_t</name>
         <uninitialized>true</uninitialized>
         <run_address>0x8001ea4</run_address>
         <size>0x28</size>
         <input_file_ref idref="fl-18"/>
      </object_component>
      <object_component id="oc-578">
         <name>.bss:__TI_tmpnams</name>
         <uninitialized>true</uninitialized>
         <run_address>0x8001d74</run_address>
         <size>0xa0</size>
         <input_file_ref idref="fl-32"/>
      </object_component>
      <object_component id="oc-57f">
         <name>.bss:__CIOBUF_</name>
         <uninitialized>true</uninitialized>
         <run_address>0x8001b54</run_address>
         <size>0x120</size>
         <input_file_ref idref="fl-45"/>
      </object_component>
      <object_component id="oc-ae">
         <name>.common:ESM_AppCallback</name>
         <uninitialized>true</uninitialized>
         <run_address>0x8001f3c</run_address>
         <size>0x4</size>
      </object_component>
      <object_component id="oc-357">
         <name>.common:FatFs</name>
         <uninitialized>true</uninitialized>
         <run_address>0x8001f40</run_address>
         <size>0x4</size>
      </object_component>
      <object_component id="oc-35a">
         <name>.common:Fsid</name>
         <uninitialized>true</uninitialized>
         <run_address>0x8001f44</run_address>
         <size>0x2</size>
      </object_component>
      <object_component id="oc-268">
         <name>.common:Timer1</name>
         <uninitialized>true</uninitialized>
         <run_address>0x8001f47</run_address>
         <size>0x1</size>
      </object_component>
      <object_component id="oc-265">
         <name>.common:Timer2</name>
         <uninitialized>true</uninitialized>
         <run_address>0x8001f48</run_address>
         <size>0x1</size>
      </object_component>
      <object_component id="oc-269">
         <name>.common:CardType</name>
         <uninitialized>true</uninitialized>
         <run_address>0x8001f46</run_address>
         <size>0x1</size>
      </object_component>
      <object_component id="oc-2ae">
         <name>.common:g_sFileInfo</name>
         <uninitialized>true</uninitialized>
         <run_address>0x8001f14</run_address>
         <size>0x20</size>
      </object_component>
      <object_component id="oc-540">
         <name>.common:parmbuf</name>
         <uninitialized>true</uninitialized>
         <run_address>0x8001f34</run_address>
         <size>0x8</size>
      </object_component>
      <object_component id="oc-b1">
         <name>.data</name>
         <load_address>0x8002eb4</load_address>
         <run_address>0x8002eb4</run_address>
         <size>0x4</size>
         <input_file_ref idref="fl-3"/>
      </object_component>
      <object_component id="oc-146">
         <name>.data:sl_priv_flag_set</name>
         <load_address>0x8002e30</load_address>
         <run_address>0x8002e30</run_address>
         <size>0x2c</size>
         <input_file_ref idref="fl-8"/>
      </object_component>
      <object_component id="oc-262">
         <name>.data</name>
         <load_address>0x8002e84</load_address>
         <run_address>0x8002e84</run_address>
         <size>0xa</size>
         <input_file_ref idref="fl-c"/>
      </object_component>
      <object_component id="oc-380">
         <name>.data</name>
         <load_address>0x8002e78</load_address>
         <run_address>0x8002e78</run_address>
         <size>0xc</size>
         <input_file_ref idref="fl-e"/>
      </object_component>
      <object_component id="oc-2b4">
         <name>.data:g_pcCwdBuf</name>
         <load_address>0x8002de0</load_address>
         <run_address>0x8002de0</run_address>
         <size>0x50</size>
         <input_file_ref idref="fl-10"/>
      </object_component>
      <object_component id="oc-2bd">
         <name>.data</name>
         <load_address>0x8002ea8</load_address>
         <run_address>0x8002ea8</run_address>
         <size>0x5</size>
         <input_file_ref idref="fl-10"/>
      </object_component>
      <object_component id="oc-2ab">
         <name>.data:g_psFResultStrings</name>
         <load_address>0x8002cbc</load_address>
         <run_address>0x8002cbc</run_address>
         <size>0xa0</size>
         <input_file_ref idref="fl-10"/>
      </object_component>
      <object_component id="oc-2c6">
         <name>.data:g_psCmdTable</name>
         <load_address>0x8002950</load_address>
         <run_address>0x8002950</run_address>
         <size>0xfc</size>
         <input_file_ref idref="fl-10"/>
      </object_component>
      <object_component id="oc-244">
         <name>.data</name>
         <load_address>0x8002e8e</load_address>
         <run_address>0x8002e8e</run_address>
         <size>0x1</size>
         <input_file_ref idref="fl-11"/>
      </object_component>
      <object_component id="oc-339">
         <name>.data:_ftable</name>
         <load_address>0x8002a4c</load_address>
         <run_address>0x8002a4c</run_address>
         <size>0xf0</size>
         <input_file_ref idref="fl-32"/>
      </object_component>
      <object_component id="oc-3da">
         <name>.data</name>
         <load_address>0x8002e5c</load_address>
         <run_address>0x8002e5c</run_address>
         <size>0x10</size>
         <input_file_ref idref="fl-32"/>
      </object_component>
      <object_component id="oc-140">
         <name>.data</name>
         <load_address>0x8002e98</load_address>
         <run_address>0x8002e98</run_address>
         <size>0x8</size>
         <input_file_ref idref="fl-33"/>
      </object_component>
      <object_component id="oc-444">
         <name>.data</name>
         <load_address>0x8002b3c</load_address>
         <run_address>0x8002b3c</run_address>
         <size>0xd0</size>
         <input_file_ref idref="fl-37"/>
      </object_component>
      <object_component id="oc-38d">
         <name>.data</name>
         <load_address>0x8002e6c</load_address>
         <run_address>0x8002e6c</run_address>
         <size>0xc</size>
         <input_file_ref idref="fl-3a"/>
      </object_component>
      <object_component id="oc-13d">
         <name>.data</name>
         <load_address>0x8002e90</load_address>
         <run_address>0x8002e90</run_address>
         <size>0x8</size>
         <input_file_ref idref="fl-48"/>
      </object_component>
      <object_component id="oc-555">
         <name>.data</name>
         <load_address>0x8002d60</load_address>
         <run_address>0x8002d60</run_address>
         <size>0x80</size>
         <input_file_ref idref="fl-5d"/>
      </object_component>
      <object_component id="oc-511">
         <name>.data</name>
         <load_address>0x8002d5c</load_address>
         <run_address>0x8002d5c</run_address>
         <size>0x4</size>
         <input_file_ref idref="fl-5e"/>
      </object_component>
      <object_component id="oc-599">
         <name>.data</name>
         <load_address>0x8002ea0</load_address>
         <run_address>0x8002ea0</run_address>
         <size>0x8</size>
         <input_file_ref idref="fl-5f"/>
      </object_component>
      <object_component id="oc-533">
         <name>.data</name>
         <load_address>0x8002eb0</load_address>
         <run_address>0x8002eb0</run_address>
         <size>0x4</size>
         <input_file_ref idref="fl-60"/>
      </object_component>
      <object_component id="oc-5b8">
         <name>.data:sigtable</name>
         <load_address>0x8002c0c</load_address>
         <run_address>0x8002c0c</run_address>
         <size>0xb0</size>
         <input_file_ref idref="fl-63"/>
      </object_component>
      <object_component id="oc-af">
         <name>.debug_info</name>
         <load_address>0x0</load_address>
         <run_address>0x0</run_address>
         <size>0x314</size>
         <input_file_ref idref="fl-3"/>
      </object_component>
      <object_component id="oc-b2">
         <name>.debug_info</name>
         <load_address>0x314</load_address>
         <run_address>0x314</run_address>
         <size>0x11c</size>
         <input_file_ref idref="fl-3"/>
      </object_component>
      <object_component id="oc-26">
         <name>.debug_info</name>
         <load_address>0x430</load_address>
         <run_address>0x430</run_address>
         <size>0x5ed</size>
         <input_file_ref idref="fl-3"/>
      </object_component>
      <object_component id="oc-2b">
         <name>.debug_info</name>
         <load_address>0xa1d</load_address>
         <run_address>0xa1d</run_address>
         <size>0x2ed</size>
         <input_file_ref idref="fl-3"/>
      </object_component>
      <object_component id="oc-14d">
         <name>.debug_info</name>
         <load_address>0xd0a</load_address>
         <run_address>0xd0a</run_address>
         <size>0x6c3</size>
         <input_file_ref idref="fl-3"/>
      </object_component>
      <object_component id="oc-152">
         <name>.debug_info</name>
         <load_address>0x13cd</load_address>
         <run_address>0x13cd</run_address>
         <size>0x306</size>
         <input_file_ref idref="fl-3"/>
      </object_component>
      <object_component id="oc-b5">
         <name>.debug_info</name>
         <load_address>0x16d3</load_address>
         <run_address>0x16d3</run_address>
         <size>0x827</size>
         <input_file_ref idref="fl-3"/>
      </object_component>
      <object_component id="oc-2ec">
         <name>.debug_info</name>
         <load_address>0x1efa</load_address>
         <run_address>0x1efa</run_address>
         <size>0xa1</size>
         <input_file_ref idref="fl-3"/>
      </object_component>
      <object_component id="oc-157">
         <name>.debug_info</name>
         <load_address>0x1f9b</load_address>
         <run_address>0x1f9b</run_address>
         <size>0x8b</size>
         <input_file_ref idref="fl-3"/>
      </object_component>
      <object_component id="oc-15c">
         <name>.debug_info</name>
         <load_address>0x2026</load_address>
         <run_address>0x2026</run_address>
         <size>0x15f</size>
         <input_file_ref idref="fl-3"/>
      </object_component>
      <object_component id="oc-1a9">
         <name>.debug_info</name>
         <load_address>0x2185</load_address>
         <run_address>0x2185</run_address>
         <size>0x18b</size>
         <input_file_ref idref="fl-3"/>
      </object_component>
      <object_component id="oc-ba">
         <name>.debug_info</name>
         <load_address>0x2310</load_address>
         <run_address>0x2310</run_address>
         <size>0xae</size>
         <input_file_ref idref="fl-3"/>
      </object_component>
      <object_component id="oc-24a">
         <name>.debug_info</name>
         <load_address>0x23be</load_address>
         <run_address>0x23be</run_address>
         <size>0x4e</size>
         <input_file_ref idref="fl-3"/>
      </object_component>
      <object_component id="oc-161">
         <name>.debug_info</name>
         <load_address>0x240c</load_address>
         <run_address>0x240c</run_address>
         <size>0x62</size>
         <input_file_ref idref="fl-3"/>
      </object_component>
      <object_component id="oc-166">
         <name>.debug_info</name>
         <load_address>0x246e</load_address>
         <run_address>0x246e</run_address>
         <size>0x222</size>
         <input_file_ref idref="fl-3"/>
      </object_component>
      <object_component id="oc-16b">
         <name>.debug_info</name>
         <load_address>0x2690</load_address>
         <run_address>0x2690</run_address>
         <size>0x2e9</size>
         <input_file_ref idref="fl-3"/>
      </object_component>
      <object_component id="oc-170">
         <name>.debug_info</name>
         <load_address>0x2979</load_address>
         <run_address>0x2979</run_address>
         <size>0x116</size>
         <input_file_ref idref="fl-3"/>
      </object_component>
      <object_component id="oc-175">
         <name>.debug_info</name>
         <load_address>0x2a8f</load_address>
         <run_address>0x2a8f</run_address>
         <size>0x1ca</size>
         <input_file_ref idref="fl-3"/>
      </object_component>
      <object_component id="oc-17a">
         <name>.debug_info</name>
         <load_address>0x2c59</load_address>
         <run_address>0x2c59</run_address>
         <size>0x1f2</size>
         <input_file_ref idref="fl-3"/>
      </object_component>
      <object_component id="oc-17f">
         <name>.debug_info</name>
         <load_address>0x2e4b</load_address>
         <run_address>0x2e4b</run_address>
         <size>0x435</size>
         <input_file_ref idref="fl-3"/>
      </object_component>
      <object_component id="oc-184">
         <name>.debug_info</name>
         <load_address>0x3280</load_address>
         <run_address>0x3280</run_address>
         <size>0x1de</size>
         <input_file_ref idref="fl-3"/>
      </object_component>
      <object_component id="oc-189">
         <name>.debug_info</name>
         <load_address>0x345e</load_address>
         <run_address>0x345e</run_address>
         <size>0x1e9</size>
         <input_file_ref idref="fl-3"/>
      </object_component>
      <object_component id="oc-18e">
         <name>.debug_info</name>
         <load_address>0x3647</load_address>
         <run_address>0x3647</run_address>
         <size>0x17a</size>
         <input_file_ref idref="fl-3"/>
      </object_component>
      <object_component id="oc-193">
         <name>.debug_info</name>
         <load_address>0x37c1</load_address>
         <run_address>0x37c1</run_address>
         <size>0x6bc</size>
         <input_file_ref idref="fl-3"/>
      </object_component>
      <object_component id="oc-198">
         <name>.debug_info</name>
         <load_address>0x3e7d</load_address>
         <run_address>0x3e7d</run_address>
         <size>0x13e</size>
         <input_file_ref idref="fl-3"/>
      </object_component>
      <object_component id="oc-19d">
         <name>.debug_info</name>
         <load_address>0x3fbb</load_address>
         <run_address>0x3fbb</run_address>
         <size>0x2cf</size>
         <input_file_ref idref="fl-3"/>
      </object_component>
      <object_component id="oc-1a2">
         <name>.debug_info</name>
         <load_address>0x428a</load_address>
         <run_address>0x428a</run_address>
         <size>0x4f</size>
         <input_file_ref idref="fl-3"/>
      </object_component>
      <object_component id="oc-f7">
         <name>.debug_info</name>
         <load_address>0x42d9</load_address>
         <run_address>0x42d9</run_address>
         <size>0x2c</size>
         <input_file_ref idref="fl-6"/>
      </object_component>
      <object_component id="oc-14a">
         <name>.debug_info</name>
         <load_address>0x4305</load_address>
         <run_address>0x4305</run_address>
         <size>0x2f2</size>
         <input_file_ref idref="fl-8"/>
      </object_component>
      <object_component id="oc-147">
         <name>.debug_info</name>
         <load_address>0x45f7</load_address>
         <run_address>0x45f7</run_address>
         <size>0x118</size>
         <input_file_ref idref="fl-8"/>
      </object_component>
      <object_component id="oc-aa">
         <name>.debug_info</name>
         <load_address>0x470f</load_address>
         <run_address>0x470f</run_address>
         <size>0x9e9</size>
         <input_file_ref idref="fl-8"/>
      </object_component>
      <object_component id="oc-3ba">
         <name>.debug_info</name>
         <load_address>0x50f8</load_address>
         <run_address>0x50f8</run_address>
         <size>0x149</size>
         <input_file_ref idref="fl-a"/>
      </object_component>
      <object_component id="oc-3ef">
         <name>.debug_info</name>
         <load_address>0x5241</load_address>
         <run_address>0x5241</run_address>
         <size>0x102</size>
         <input_file_ref idref="fl-a"/>
      </object_component>
      <object_component id="oc-3ec">
         <name>.debug_info</name>
         <load_address>0x5343</load_address>
         <run_address>0x5343</run_address>
         <size>0x103</size>
         <input_file_ref idref="fl-a"/>
      </object_component>
      <object_component id="oc-350">
         <name>.debug_info</name>
         <load_address>0x5446</load_address>
         <run_address>0x5446</run_address>
         <size>0x2df</size>
         <input_file_ref idref="fl-a"/>
      </object_component>
      <object_component id="oc-2d0">
         <name>.debug_info</name>
         <load_address>0x5725</load_address>
         <run_address>0x5725</run_address>
         <size>0x501</size>
         <input_file_ref idref="fl-a"/>
      </object_component>
      <object_component id="oc-ef">
         <name>.debug_info</name>
         <load_address>0x5c26</load_address>
         <run_address>0x5c26</run_address>
         <size>0x84</size>
         <input_file_ref idref="fl-a"/>
      </object_component>
      <object_component id="oc-26b">
         <name>.debug_info</name>
         <load_address>0x5caa</load_address>
         <run_address>0x5caa</run_address>
         <size>0x87</size>
         <input_file_ref idref="fl-a"/>
      </object_component>
      <object_component id="oc-358">
         <name>.debug_info</name>
         <load_address>0x5d31</load_address>
         <run_address>0x5d31</run_address>
         <size>0x3cf</size>
         <input_file_ref idref="fl-b"/>
      </object_component>
      <object_component id="oc-35c">
         <name>.debug_info</name>
         <load_address>0x6100</load_address>
         <run_address>0x6100</run_address>
         <size>0xf3</size>
         <input_file_ref idref="fl-b"/>
      </object_component>
      <object_component id="oc-355">
         <name>.debug_info</name>
         <load_address>0x61f3</load_address>
         <run_address>0x61f3</run_address>
         <size>0xf3</size>
         <input_file_ref idref="fl-b"/>
      </object_component>
      <object_component id="oc-277">
         <name>.debug_info</name>
         <load_address>0x62e6</load_address>
         <run_address>0x62e6</run_address>
         <size>0x3cfc</size>
         <input_file_ref idref="fl-b"/>
      </object_component>
      <object_component id="oc-270">
         <name>.debug_info</name>
         <load_address>0x9fe2</load_address>
         <run_address>0x9fe2</run_address>
         <size>0x70</size>
         <input_file_ref idref="fl-b"/>
      </object_component>
      <object_component id="oc-35f">
         <name>.debug_info</name>
         <load_address>0xa052</load_address>
         <run_address>0xa052</run_address>
         <size>0x9a</size>
         <input_file_ref idref="fl-b"/>
      </object_component>
      <object_component id="oc-266">
         <name>.debug_info</name>
         <load_address>0xa0ec</load_address>
         <run_address>0xa0ec</run_address>
         <size>0x333</size>
         <input_file_ref idref="fl-c"/>
      </object_component>
      <object_component id="oc-263">
         <name>.debug_info</name>
         <load_address>0xa41f</load_address>
         <run_address>0xa41f</run_address>
         <size>0x157</size>
         <input_file_ref idref="fl-c"/>
      </object_component>
      <object_component id="oc-131">
         <name>.debug_info</name>
         <load_address>0xa576</load_address>
         <run_address>0xa576</run_address>
         <size>0x1643</size>
         <input_file_ref idref="fl-c"/>
      </object_component>
      <object_component id="oc-c7">
         <name>.debug_info</name>
         <load_address>0xbbb9</load_address>
         <run_address>0xbbb9</run_address>
         <size>0x157</size>
         <input_file_ref idref="fl-c"/>
      </object_component>
      <object_component id="oc-1f0">
         <name>.debug_info</name>
         <load_address>0xbd10</load_address>
         <run_address>0xbd10</run_address>
         <size>0x4de</size>
         <input_file_ref idref="fl-c"/>
      </object_component>
      <object_component id="oc-dd">
         <name>.debug_info</name>
         <load_address>0xc1ee</load_address>
         <run_address>0xc1ee</run_address>
         <size>0x86</size>
         <input_file_ref idref="fl-c"/>
      </object_component>
      <object_component id="oc-340">
         <name>.debug_info</name>
         <load_address>0xc274</load_address>
         <run_address>0xc274</run_address>
         <size>0x44e</size>
         <input_file_ref idref="fl-c"/>
      </object_component>
      <object_component id="oc-1c1">
         <name>.debug_info</name>
         <load_address>0xc6c2</load_address>
         <run_address>0xc6c2</run_address>
         <size>0x1f9</size>
         <input_file_ref idref="fl-c"/>
      </object_component>
      <object_component id="oc-349">
         <name>.debug_info</name>
         <load_address>0xc8bb</load_address>
         <run_address>0xc8bb</run_address>
         <size>0x26c</size>
         <input_file_ref idref="fl-c"/>
      </object_component>
      <object_component id="oc-405">
         <name>.debug_info</name>
         <load_address>0xcb27</load_address>
         <run_address>0xcb27</run_address>
         <size>0x344</size>
         <input_file_ref idref="fl-d"/>
      </object_component>
      <object_component id="oc-370">
         <name>.debug_info</name>
         <load_address>0xce6b</load_address>
         <run_address>0xce6b</run_address>
         <size>0xc28</size>
         <input_file_ref idref="fl-d"/>
      </object_component>
      <object_component id="oc-45d">
         <name>.debug_info</name>
         <load_address>0xda93</load_address>
         <run_address>0xda93</run_address>
         <size>0xc8</size>
         <input_file_ref idref="fl-d"/>
      </object_component>
      <object_component id="oc-387">
         <name>.debug_info</name>
         <load_address>0xdb5b</load_address>
         <run_address>0xdb5b</run_address>
         <size>0x484</size>
         <input_file_ref idref="fl-e"/>
      </object_component>
      <object_component id="oc-381">
         <name>.debug_info</name>
         <load_address>0xdfdf</load_address>
         <run_address>0xdfdf</run_address>
         <size>0x176</size>
         <input_file_ref idref="fl-e"/>
      </object_component>
      <object_component id="oc-384">
         <name>.debug_info</name>
         <load_address>0xe155</load_address>
         <run_address>0xe155</run_address>
         <size>0x110</size>
         <input_file_ref idref="fl-e"/>
      </object_component>
      <object_component id="oc-29a">
         <name>.debug_info</name>
         <load_address>0xe265</load_address>
         <run_address>0xe265</run_address>
         <size>0xf81</size>
         <input_file_ref idref="fl-e"/>
      </object_component>
      <object_component id="oc-41c">
         <name>.debug_info</name>
         <load_address>0xf1e6</load_address>
         <run_address>0xf1e6</run_address>
         <size>0xc8</size>
         <input_file_ref idref="fl-e"/>
      </object_component>
      <object_component id="oc-2d5">
         <name>.debug_info</name>
         <load_address>0xf2ae</load_address>
         <run_address>0xf2ae</run_address>
         <size>0x17d</size>
         <input_file_ref idref="fl-e"/>
      </object_component>
      <object_component id="oc-3b3">
         <name>.debug_info</name>
         <load_address>0xf42b</load_address>
         <run_address>0xf42b</run_address>
         <size>0x17b</size>
         <input_file_ref idref="fl-f"/>
      </object_component>
      <object_component id="oc-3b0">
         <name>.debug_info</name>
         <load_address>0xf5a6</load_address>
         <run_address>0xf5a6</run_address>
         <size>0xfa</size>
         <input_file_ref idref="fl-f"/>
      </object_component>
      <object_component id="oc-2c2">
         <name>.debug_info</name>
         <load_address>0xf6a0</load_address>
         <run_address>0xf6a0</run_address>
         <size>0x1f8</size>
         <input_file_ref idref="fl-f"/>
      </object_component>
      <object_component id="oc-39b">
         <name>.debug_info</name>
         <load_address>0xf898</load_address>
         <run_address>0xf898</run_address>
         <size>0x7f</size>
         <input_file_ref idref="fl-f"/>
      </object_component>
      <object_component id="oc-2af">
         <name>.debug_info</name>
         <load_address>0xf917</load_address>
         <run_address>0xf917</run_address>
         <size>0x85b</size>
         <input_file_ref idref="fl-10"/>
      </object_component>
      <object_component id="oc-2b5">
         <name>.debug_info</name>
         <load_address>0x10172</load_address>
         <run_address>0x10172</run_address>
         <size>0xfc</size>
         <input_file_ref idref="fl-10"/>
      </object_component>
      <object_component id="oc-2b8">
         <name>.debug_info</name>
         <load_address>0x1026e</load_address>
         <run_address>0x1026e</run_address>
         <size>0xfc</size>
         <input_file_ref idref="fl-10"/>
      </object_component>
      <object_component id="oc-2cd">
         <name>.debug_info</name>
         <load_address>0x1036a</load_address>
         <run_address>0x1036a</run_address>
         <size>0xfc</size>
         <input_file_ref idref="fl-10"/>
      </object_component>
      <object_component id="oc-2ca">
         <name>.debug_info</name>
         <load_address>0x10466</load_address>
         <run_address>0x10466</run_address>
         <size>0xf8</size>
         <input_file_ref idref="fl-10"/>
      </object_component>
      <object_component id="oc-2b2">
         <name>.debug_info</name>
         <load_address>0x1055e</load_address>
         <run_address>0x1055e</run_address>
         <size>0x100</size>
         <input_file_ref idref="fl-10"/>
      </object_component>
      <object_component id="oc-2bb">
         <name>.debug_info</name>
         <load_address>0x1065e</load_address>
         <run_address>0x1065e</run_address>
         <size>0x102</size>
         <input_file_ref idref="fl-10"/>
      </object_component>
      <object_component id="oc-2be">
         <name>.debug_info</name>
         <load_address>0x10760</load_address>
         <run_address>0x10760</run_address>
         <size>0x104</size>
         <input_file_ref idref="fl-10"/>
      </object_component>
      <object_component id="oc-2ac">
         <name>.debug_info</name>
         <load_address>0x10864</load_address>
         <run_address>0x10864</run_address>
         <size>0x10d</size>
         <input_file_ref idref="fl-10"/>
      </object_component>
      <object_component id="oc-2c7">
         <name>.debug_info</name>
         <load_address>0x10971</load_address>
         <run_address>0x10971</run_address>
         <size>0x102</size>
         <input_file_ref idref="fl-10"/>
      </object_component>
      <object_component id="oc-138">
         <name>.debug_info</name>
         <load_address>0x10a73</load_address>
         <run_address>0x10a73</run_address>
         <size>0x1e69</size>
         <input_file_ref idref="fl-10"/>
      </object_component>
      <object_component id="oc-396">
         <name>.debug_info</name>
         <load_address>0x128dc</load_address>
         <run_address>0x128dc</run_address>
         <size>0x6c</size>
         <input_file_ref idref="fl-10"/>
      </object_component>
      <object_component id="oc-3a0">
         <name>.debug_info</name>
         <load_address>0x12948</load_address>
         <run_address>0x12948</run_address>
         <size>0x110</size>
         <input_file_ref idref="fl-10"/>
      </object_component>
      <object_component id="oc-2fd">
         <name>.debug_info</name>
         <load_address>0x12a58</load_address>
         <run_address>0x12a58</run_address>
         <size>0x243</size>
         <input_file_ref idref="fl-10"/>
      </object_component>
      <object_component id="oc-31a">
         <name>.debug_info</name>
         <load_address>0x12c9b</load_address>
         <run_address>0x12c9b</run_address>
         <size>0x18e</size>
         <input_file_ref idref="fl-10"/>
      </object_component>
      <object_component id="oc-249">
         <name>.debug_info</name>
         <load_address>0x12e29</load_address>
         <run_address>0x12e29</run_address>
         <size>0x186</size>
         <input_file_ref idref="fl-11"/>
      </object_component>
      <object_component id="oc-246">
         <name>.debug_info</name>
         <load_address>0x12faf</load_address>
         <run_address>0x12faf</run_address>
         <size>0xf8</size>
         <input_file_ref idref="fl-11"/>
      </object_component>
      <object_component id="oc-125">
         <name>.debug_info</name>
         <load_address>0x130a7</load_address>
         <run_address>0x130a7</run_address>
         <size>0x698</size>
         <input_file_ref idref="fl-11"/>
      </object_component>
      <object_component id="oc-d3">
         <name>.debug_info</name>
         <load_address>0x1373f</load_address>
         <run_address>0x1373f</run_address>
         <size>0x130</size>
         <input_file_ref idref="fl-12"/>
      </object_component>
      <object_component id="oc-115">
         <name>.debug_info</name>
         <load_address>0x1386f</load_address>
         <run_address>0x1386f</run_address>
         <size>0x197</size>
         <input_file_ref idref="fl-13"/>
      </object_component>
      <object_component id="oc-90">
         <name>.debug_info</name>
         <load_address>0x13a06</load_address>
         <run_address>0x13a06</run_address>
         <size>0xc7e</size>
         <input_file_ref idref="fl-13"/>
      </object_component>
      <object_component id="oc-31">
         <name>.debug_info</name>
         <load_address>0x14684</load_address>
         <run_address>0x14684</run_address>
         <size>0x1be</size>
         <input_file_ref idref="fl-13"/>
      </object_component>
      <object_component id="oc-d8">
         <name>.debug_info</name>
         <load_address>0x14842</load_address>
         <run_address>0x14842</run_address>
         <size>0x18c</size>
         <input_file_ref idref="fl-13"/>
      </object_component>
      <object_component id="oc-1b7">
         <name>.debug_info</name>
         <load_address>0x149ce</load_address>
         <run_address>0x149ce</run_address>
         <size>0x1de</size>
         <input_file_ref idref="fl-13"/>
[...]
      <symbol id="sm-e89">
         <name>atoi</name>
         <value>0x16451</value>
         <object_component_ref idref="oc-29f"/>
      </symbol>
      <symbol id="sm-eaf">
         <name>__TI_auto_init</name>
         <value>0x16189</value>
         <object_component_ref idref="oc-95"/>
      </symbol>
      <symbol id="sm-ec6">
         <name>__TI_decompress_none</name>
         <value>0x168a1</value>
         <object_component_ref idref="oc-c"/>
      </symbol>
      <symbol id="sm-ee8">
         <name>__TI_decompress_rle24</name>
         <value>0x168bb</value>
         <object_component_ref idref="oc-12"/>
      </symbol>
      <symbol id="sm-efa">
         <name>__TI_zero_init</name>
         <value>0x168af</value>
         <object_component_ref idref="oc-18"/>
      </symbol>
      <symbol id="sm-f14">
         <name>copy_in</name>
         <value>0x1653d</value>
         <object_component_ref idref="oc-116"/>
      </symbol>
      <symbol id="sm-f1f">
         <name>_ctypes_</name>
         <value>0x25e30</value>
         <object_component_ref idref="oc-388"/>
      </symbol>
      <symbol id="sm-f38">
         <name>__aeabi_stdout</name>
         <value>0x8002e64</value>
         <object_component_ref idref="oc-3da"/>
      </symbol>
      <symbol id="sm-f39">
         <name>__TI_tmpnams</name>
         <value>0x8001d74</value>
         <object_component_ref idref="oc-578"/>
      </symbol>
      <symbol id="sm-f3a">
         <name>__aeabi_stderr</name>
         <value>0x8002e68</value>
         <object_component_ref idref="oc-3da"/>
      </symbol>
      <symbol id="sm-f3b">
         <name>__aeabi_stdin</name>
         <value>0x8002e60</value>
         <object_component_ref idref="oc-3da"/>
      </symbol>
      <symbol id="sm-f3c">
         <name>_ftable</name>
         <value>0x8002a4c</value>
         <object_component_ref idref="oc-339"/>
      </symbol>
      <symbol id="sm-f3d">
         <name>__TI_ft_end</name>
         <value>0x8002e5c</value>
         <object_component_ref idref="oc-3da"/>
      </symbol>
      <symbol id="sm-f5c">
         <name>C$$EXIT</name>
         <value>0x165cd</value>
         <object_component_ref idref="oc-a1"/>
      </symbol>
      <symbol id="sm-f5d">
         <name>abort</name>
         <value>0x165d1</value>
         <object_component_ref idref="oc-a1"/>
      </symbol>
      <symbol id="sm-f5e">
         <name>exit</name>
         <value>0x165d9</value>
         <object_component_ref idref="oc-a1"/>
      </symbol>
      <symbol id="sm-f5f">
         <name>__TI_dtors_ptr</name>
         <value>0x8002e9c</value>
         <object_component_ref idref="oc-140"/>
      </symbol>
      <symbol id="sm-f60">
         <name>__TI_cleanup_ptr</name>
         <value>0x8002e98</value>
         <object_component_ref idref="oc-140"/>
      </symbol>
      <symbol id="sm-f7b">
         <name>__TI_doflush</name>
         <value>0x15b41</value>
         <object_component_ref idref="oc-333"/>
      </symbol>
      <symbol id="sm-f7c">
         <name>fflush</name>
         <value>0x15b8d</value>
         <object_component_ref idref="oc-333"/>
      </symbol>
      <symbol id="sm-f9e">
         <name>puts</name>
         <value>0x1518d</value>
         <object_component_ref idref="oc-32d"/>
      </symbol>
      <symbol id="sm-f9f">
         <name>fputs</name>
         <value>0x1507d</value>
         <object_component_ref idref="oc-32d"/>
      </symbol>
      <symbol id="sm-ff9">
         <name>open</name>
         <value>0x13a81</value>
         <object_component_ref idref="oc-3d2"/>
      </symbol>
      <symbol id="sm-ffa">
         <name>add_device</name>
         <value>0x13ba9</value>
         <object_component_ref idref="oc-3d2"/>
      </symbol>
      <symbol id="sm-ffb">
         <name>remove_device</name>
         <value>0x13a35</value>
         <object_component_ref idref="oc-3d2"/>
      </symbol>
      <symbol id="sm-ffc">
         <name>lseek</name>
         <value>0x13b37</value>
         <object_component_ref idref="oc-3d2"/>
      </symbol>
      <symbol id="sm-ffd">
         <name>read</name>
         <value>0x13a5d</value>
         <object_component_ref idref="oc-3d2"/>
      </symbol>
      <symbol id="sm-ffe">
         <name>rename</name>
         <value>0x139f7</value>
         <object_component_ref idref="oc-3d2"/>
      </symbol>
      <symbol id="sm-fff">
         <name>write</name>
         <value>0x13941</value>
         <object_component_ref idref="oc-3d2"/>
      </symbol>
      <symbol id="sm-1000">
         <name>close</name>
         <value>0x13b5b</value>
         <object_component_ref idref="oc-3d2"/>
      </symbol>
      <symbol id="sm-1001">
         <name>unlink</name>
         <value>0x139d5</value>
         <object_component_ref idref="oc-3d2"/>
      </symbol>
      <symbol id="sm-1011">
         <name>memchr</name>
         <value>0x167a9</value>
         <object_component_ref idref="oc-3cc"/>
      </symbol>
      <symbol id="sm-102c">
         <name>memcpy</name>
         <value>0x15fd7</value>
         <object_component_ref idref="oc-59"/>
      </symbol>
      <symbol id="sm-102d">
         <name>__aeabi_memcpy</name>
         <value>0x15fd7</value>
         <object_component_ref idref="oc-59"/>
      </symbol>
      <symbol id="sm-102e">
         <name>__aeabi_memcpy8</name>
         <value>0x15fd7</value>
         <object_component_ref idref="oc-59"/>
      </symbol>
      <symbol id="sm-102f">
         <name>__aeabi_memcpy4</name>
         <value>0x15fd7</value>
         <object_component_ref idref="oc-59"/>
      </symbol>
      <symbol id="sm-10a2">
         <name>_sys_memory</name>
         <value>0x8001f50</value>
         <object_component_ref idref="oc-56"/>
      </symbol>
      <symbol id="sm-10a3">
         <name>free</name>
         <value>0x1327f</value>
         <object_component_ref idref="oc-2a5"/>
      </symbol>
      <symbol id="sm-10a4">
         <name>realloc</name>
         <value>0x13341</value>
         <object_component_ref idref="oc-2a5"/>
      </symbol>
      <symbol id="sm-10a5">
         <name>memalign</name>
         <value>0x13451</value>
         <object_component_ref idref="oc-2a5"/>
      </symbol>
      <symbol id="sm-10a6">
         <name>calloc</name>
         <value>0x1353f</value>
         <object_component_ref idref="oc-2a5"/>
      </symbol>
      <symbol id="sm-10a7">
         <name>malloc</name>
         <value>0x13217</value>
         <object_component_ref idref="oc-2a5"/>
      </symbol>
      <symbol id="sm-10a8">
         <name>minit</name>
         <value>0x1318d</value>
         <object_component_ref idref="oc-2a5"/>
      </symbol>
      <symbol id="sm-10b7">
         <name>__aeabi_memset</name>
         <value>0x1610f</value>
         <object_component_ref idref="oc-72"/>
      </symbol>
      <symbol id="sm-10b8">
         <name>memset</name>
         <value>0x16115</value>
         <object_component_ref idref="oc-72"/>
      </symbol>
      <symbol id="sm-10b9">
         <name>__aeabi_memset8</name>
         <value>0x1610f</value>
         <object_component_ref idref="oc-72"/>
      </symbol>
      <symbol id="sm-10ba">
         <name>__aeabi_memset4</name>
         <value>0x1610f</value>
         <object_component_ref idref="oc-72"/>
      </symbol>
      <symbol id="sm-10bb">
         <name>__aeabi_memclr8</name>
         <value>0x1610d</value>
         <object_component_ref idref="oc-72"/>
      </symbol>
      <symbol id="sm-10bc">
         <name>__aeabi_memclr4</name>
         <value>0x1610d</value>
         <object_component_ref idref="oc-72"/>
      </symbol>
      <symbol id="sm-10bd">
         <name>__aeabi_memclr</name>
         <value>0x1610d</value>
         <object_component_ref idref="oc-72"/>
      </symbol>
      <symbol id="sm-10d1">
         <name>sprintf</name>
         <value>0x16331</value>
         <object_component_ref idref="oc-374"/>
      </symbol>
      <symbol id="sm-10f3">
         <name>sscanf</name>
         <value>0x15c1f</value>
         <object_component_ref idref="oc-37a"/>
      </symbol>
      <symbol id="sm-10f4">
         <name>vsscanf</name>
         <value>0x15c0d</value>
         <object_component_ref idref="oc-37a"/>
      </symbol>
      <symbol id="sm-1104">
         <name>strcat</name>
         <value>0x167c9</value>
         <object_component_ref idref="oc-293"/>
      </symbol>
      <symbol id="sm-1114">
         <name>strchr</name>
         <value>0x1684b</value>
         <object_component_ref idref="oc-43e"/>
      </symbol>
      <symbol id="sm-1123">
         <name>strcmp</name>
         <value>0x1681b</value>
         <object_component_ref idref="oc-28d"/>
      </symbol>
      <symbol id="sm-1131">
         <name>strcpy</name>
         <value>0x1688d</value>
         <object_component_ref idref="oc-27b"/>
      </symbol>
      <symbol id="sm-113f">
         <name>strlen</name>
         <value>0x16861</value>
         <object_component_ref idref="oc-281"/>
      </symbol>
      <symbol id="sm-114f">
         <name>strncpy</name>
         <value>0x16689</value>
         <object_component_ref idref="oc-287"/>
      </symbol>
      <symbol id="sm-1170">
         <name>HOSTgetenv</name>
         <value>0x14145</value>
         <object_component_ref idref="oc-4de"/>
      </symbol>
      <symbol id="sm-1171">
         <name>HOSTrename</name>
         <value>0x13fef</value>
         <object_component_ref idref="oc-4de"/>
      </symbol>
      <symbol id="sm-1172">
         <name>HOSTclose</name>
         <value>0x14183</value>
         <object_component_ref idref="oc-4de"/>
      </symbol>
      <symbol id="sm-1173">
         <name>HOSTunlink</name>
         <value>0x13f7d</value>
         <object_component_ref idref="oc-4de"/>
      </symbol>
      <symbol id="sm-1174">
         <name>HOSTlseek</name>
         <value>0x140eb</value>
         <object_component_ref idref="oc-4de"/>
      </symbol>
      <symbol id="sm-1175">
         <name>HOSTopen</name>
         <value>0x1409b</value>
         <object_component_ref idref="oc-4de"/>
      </symbol>
      <symbol id="sm-1176">
         <name>HOSTclock</name>
         <value>0x141bb</value>
         <object_component_ref idref="oc-4de"/>
      </symbol>
      <symbol id="sm-1177">
         <name>HOSTwrite</name>
         <value>0x13f31</value>
         <object_component_ref idref="oc-4de"/>
      </symbol>
      <symbol id="sm-1178">
         <name>HOSTread</name>
         <value>0x1404d</value>
         <object_component_ref idref="oc-4de"/>
      </symbol>
      <symbol id="sm-1179">
         <name>HOSTtime</name>
         <value>0x13fb5</value>
         <object_component_ref idref="oc-4de"/>
      </symbol>
      <symbol id="sm-1194">
         <name>__TI_readmsg</name>
         <value>0x1622b</value>
         <object_component_ref idref="oc-53a"/>
      </symbol>
      <symbol id="sm-1195">
         <name>C$$IO$$</name>
         <value>0x16227</value>
         <object_component_ref idref="oc-53a"/>
      </symbol>
      <symbol id="sm-1196">
         <name>__CIOBUF_</name>
         <value>0x8001b54</value>
         <object_component_ref idref="oc-57f"/>
      </symbol>
      <symbol id="sm-1197">
         <name>__TI_writemsg</name>
         <value>0x161f5</value>
         <object_component_ref idref="oc-53a"/>
      </symbol>
      <symbol id="sm-11a5">
         <name>__aeabi_uidivmod</name>
         <value>0x164a0</value>
         <object_component_ref idref="oc-23f"/>
      </symbol>
      <symbol id="sm-11a6">
         <name>__aeabi_uidiv</name>
         <value>0x164a0</value>
         <object_component_ref idref="oc-23f"/>
      </symbol>
      <symbol id="sm-11c4">
         <name>__TI_wrt_ok</name>
         <value>0x15f29</value>
         <object_component_ref idref="oc-3c6"/>
      </symbol>
      <symbol id="sm-11c5">
         <name>__TI_rd_ok</name>
         <value>0x15f8d</value>
         <object_component_ref idref="oc-3c6"/>
      </symbol>
      <symbol id="sm-11de">
         <name>_nop</name>
         <value>0x16887</value>
         <object_component_ref idref="oc-2da"/>
      </symbol>
      <symbol id="sm-11df">
         <name>_lock</name>
         <value>0x8002e90</value>
         <object_component_ref idref="oc-13d"/>
      </symbol>
      <symbol id="sm-11e0">
         <name>_unlock</name>
         <value>0x8002e94</value>
         <object_component_ref idref="oc-13d"/>
      </symbol>
      <symbol id="sm-11e1">
         <name>_register_lock</name>
         <value>0x1687f</value>
         <object_component_ref idref="oc-2da"/>
      </symbol>
      <symbol id="sm-11e2">
         <name>_register_unlock</name>
         <value>0x16879</value>
         <object_component_ref idref="oc-2da"/>
      </symbol>
      <symbol id="sm-12da">
         <name>__TI_printfi</name>
         <value>0xb977</value>
         <object_component_ref idref="oc-406"/>
      </symbol>
      <symbol id="sm-1373">
         <name>__TI_scanfi</name>
         <value>0xef65</value>
         <object_component_ref idref="oc-40e"/>
      </symbol>
      <symbol id="sm-1380">
         <name>frexp</name>
         <value>0x16785</value>
         <object_component_ref idref="oc-46d"/>
      </symbol>
      <symbol id="sm-1392">
         <name>fseek</name>
         <value>0x162cd</value>
         <object_component_ref idref="oc-42e"/>
      </symbol>
      <symbol id="sm-139c">
         <name>__aeabi_idiv0</name>
         <value>0x15d9f</value>
         <object_component_ref idref="oc-31f"/>
      </symbol>
      <symbol id="sm-13ad">
         <name>ldexp</name>
         <value>0x16589</value>
         <object_component_ref idref="oc-473"/>
      </symbol>
      <symbol id="sm-13bc">
         <name>ltoa</name>
         <value>0x163f9</value>
         <object_component_ref idref="oc-467"/>
      </symbol>
      <symbol id="sm-13cc">
         <name>memccpy</name>
         <value>0x167e7</value>
         <object_component_ref idref="oc-47f"/>
      </symbol>
      <symbol id="sm-13e8">
         <name>setvbuf</name>
         <value>0x15a65</value>
         <object_component_ref idref="oc-434"/>
      </symbol>
      <symbol id="sm-13f6">
         <name>strrchr</name>
         <value>0x16833</value>
         <object_component_ref idref="oc-4b7"/>
      </symbol>
      <symbol id="sm-142f">
         <name>strtold</name>
         <value>0x14961</value>
         <object_component_ref idref="oc-4a4"/>
      </symbol>
      <symbol id="sm-1430">
         <name>strtod</name>
         <value>0x14961</value>
         <object_component_ref idref="oc-4a4"/>
      </symbol>
      <symbol id="sm-1453">
         <name>strtol</name>
         <value>0x152e5</value>
         <object_component_ref idref="oc-4aa"/>
      </symbol>
      <symbol id="sm-147c">
         <name>strtoll</name>
         <value>0x14b51</value>
         <object_component_ref idref="oc-4b0"/>
      </symbol>
      <symbol id="sm-149d">
         <name>strtoul</name>
         <value>0x15759</value>
         <object_component_ref idref="oc-498"/>
      </symbol>
      <symbol id="sm-14c3">
         <name>strtoull</name>
         <value>0x14f09</value>
         <object_component_ref idref="oc-49e"/>
      </symbol>
      <symbol id="sm-14ed">
         <name>__aeabi_uldivmod</name>
         <value>0x14200</value>
         <object_component_ref idref="oc-462"/>
      </symbol>
      <symbol id="sm-14fb">
         <name>_Dclass</name>
         <value>0x1664d</value>
         <object_component_ref idref="oc-479"/>
      </symbol>
      <symbol id="sm-151c">
         <name>_Dscale</name>
         <value>0x1552d</value>
         <object_component_ref idref="oc-4f8"/>
      </symbol>
      <symbol id="sm-152f">
         <name>_Dunscale</name>
         <value>0x16395</value>
         <object_component_ref idref="oc-4f0"/>
      </symbol>
      <symbol id="sm-153d">
         <name>_Feraise</name>
         <value>0x166f5</value>
         <object_component_ref idref="oc-4fe"/>
      </symbol>
      <symbol id="sm-154d">
         <name>_Rteps</name>
         <value>0x8002dc0</value>
         <object_component_ref idref="oc-555"/>
      </symbol>
      <symbol id="sm-154e">
         <name>_Zero</name>
         <value>0x8002dd8</value>
         <object_component_ref idref="oc-555"/>
      </symbol>
      <symbol id="sm-154f">
         <name>_Hugeval</name>
         <value>0x8002d80</value>
         <object_component_ref idref="oc-555"/>
      </symbol>
      <symbol id="sm-1550">
         <name>_Snan</name>
         <value>0x8002db0</value>
         <object_component_ref idref="oc-555"/>
      </symbol>
      <symbol id="sm-1551">
         <name>_Nan</name>
         <value>0x8002da0</value>
         <object_component_ref idref="oc-555"/>
      </symbol>
      <symbol id="sm-1552">
         <name>_Inf</name>
         <value>0x8002d90</value>
         <object_component_ref idref="oc-555"/>
      </symbol>
      <symbol id="sm-1553">
         <name>_Xbig</name>
         <value>0x8002dd0</value>
         <object_component_ref idref="oc-555"/>
      </symbol>
      <symbol id="sm-1554">
         <name>_Eps</name>
         <value>0x8002d70</value>
         <object_component_ref idref="oc-555"/>
      </symbol>
      <symbol id="sm-1555">
         <name>_Denorm</name>
         <value>0x8002d60</value>
         <object_component_ref idref="oc-555"/>
      </symbol>
      <symbol id="sm-155d">
         <name>_Errno</name>
         <value>0x8002d5c</value>
         <object_component_ref idref="oc-511"/>
      </symbol>
      <symbol id="sm-157b">
         <name>feraiseexcept</name>
         <value>0x166c1</value>
         <object_component_ref idref="oc-55a"/>
      </symbol>
      <symbol id="sm-157c">
         <name>_Tls_setup__Fenv</name>
         <value>0x8002ea4</value>
         <object_component_ref idref="oc-599"/>
      </symbol>
      <symbol id="sm-157d">
         <name>_Fenv</name>
         <value>0x8002ea0</value>
         <object_component_ref idref="oc-599"/>
      </symbol>
      <symbol id="sm-15af">
         <name>__TI_cleanup</name>
         <value>0x14e0b</value>
         <object_component_ref idref="oc-4cb"/>
      </symbol>
      <symbol id="sm-15b0">
         <name>freopen</name>
         <value>0x14e37</value>
         <object_component_ref idref="oc-4cb"/>
      </symbol>
      <symbol id="sm-15b1">
         <name>fopen</name>
         <value>0x14e61</value>
         <object_component_ref idref="oc-4cb"/>
      </symbol>
      <symbol id="sm-15be">
         <name>__aeabi_lmul</name>
         <value>0x16803</value>
         <object_component_ref idref="oc-516"/>
      </symbol>
      <symbol id="sm-15d2">
         <name>raise</name>
         <value>0x16729</value>
         <object_component_ref idref="oc-593"/>
      </symbol>
      <symbol id="sm-15ec">
         <name>signal</name>
         <value>0x1660d</value>
         <object_component_ref idref="oc-5a7"/>
      </symbol>
      <symbol id="sm-1601">
         <name>_Dnorm</name>
         <value>0x15cd9</value>
         <object_component_ref idref="oc-54b"/>
      </symbol>
      <symbol id="sm-1617">
         <name>__TI_closefile</name>
         <value>0x16075</value>
         <object_component_ref idref="oc-52d"/>
      </symbol>
      <symbol id="sm-1618">
         <name>fclose</name>
         <value>0x160db</value>
         <object_component_ref idref="oc-52d"/>
      </symbol>
      <symbol id="sm-161a">
         <name>__TI_static_base__</name>
         <value>0x0</value>
      </symbol>
      <symbol id="sm-161d">
         <name>SHT$$INIT_ARRAY$$Base</name>
         <value>0x0</value>
      </symbol>
      <symbol id="sm-161e">
         <name>SHT$$INIT_ARRAY$$Limit</name>
         <value>0x0</value>
      </symbol>
      <symbol id="sm-161f">
         <name>remove</name>
         <value>0x139d5</value>
      </symbol>
   </symbol_table>
   <title>Link successful</title>
</link_info>
